<html>
<body>
<pre>
<h1>µVision Build Log</h1>
<h2>Tool Versions:</h2>
IDE-Version: µVision V5.17.0.0
Copyright (C) 2015 ARM Ltd and ARM Germany GmbH. All rights reserved.
License Information: noW noW, geo, LIC=NHY9U-SL21I-KTI3H-W80HX-ENB0V-57A1N
 
Tool Versions:
Toolchain:       MDK-ARM Professional  Version: 5.17
Toolchain Path:  D:\Programs\Keil\ARM\ARMCC\Bin
C Compiler:      Armcc.exe V5.06 update 1 (build 61)
Assembler:       Armasm.exe V5.06 update 1 (build 61)
Linker/Locator:  ArmLink.exe V5.06 update 1 (build 61)
Library Manager: ArmAr.exe V5.06 update 1 (build 61)
Hex Converter:   FromElf.exe V5.06 update 1 (build 61)
CPU DLL:         SARMCM3.DLL V5.17
Dialog DLL:      DCM.DLL V1.13.4.0
Target DLL:      STLink\ST-LINKIII-KEIL_SWO.dll V2.0.18.0
Dialog DLL:      TCM.DLL V1.14.6.0
 
<h2>Project:</h2>
D:\PROJECTS\STM32VLDISCOVERY_PYRO_SQUIB\STM32VLDISCOVERY_PYRO_SQUIB\PYRO_SQUIB\MDK-ARM\PYRO_SQUIB.uvprojx
Project File Date:  09/30/2017

<h2>Output:</h2>
*** Using Compiler 'V5.06 update 1 (build 61)', folder: 'D:\Programs\Keil\ARM\ARMCC\Bin'
Build target 'PYRO_SQUIB'
compiling mbport.c...
../Inc/adc.h(17): warning:  #1-D: last line of file ends without a newline
  #endif
../Inc/dig_pot.h(24): warning:  #1-D: last line of file ends without a newline
  #endif
../Inc/pyro_squib.h(79): warning:  #1-D: last line of file ends without a newline
  #endif
../Inc/utilities.h(25): warning:  #1-D: last line of file ends without a newline
  #endif
..\modbus\port\mbport.c: 4 warnings, 0 errors
linking...
Program Size: Code=28036 RO-data=932 RW-data=472 ZI-data=6352  
FromELF: creating hex file...
"PYRO_SQUIB\PYRO_SQUIB.axf" - 0 Error(s), 4 Warning(s).

<h2>Software Packages used:</h2>

Package Vendor: ARM
                http://www.keil.com/pack/ARM.CMSIS.4.5.0.pack
                ARM::CMSIS:CORE:4.3.0
                CMSIS (Cortex Microcontroller Software Interface Standard)
   * Component: CORE Version: 4.3.0

<h2>Collection of Component include folders:</h2>
  D:\PROJECTS\STM32VLDISCOVERY_PYRO_SQUIB\STM32VLDISCOVERY_PYRO_SQUIB\PYRO_SQUIB\MDK-ARM\RTE
  D:\Programs\Keil\ARM\PACK\ARM\CMSIS\4.5.0\CMSIS\Include
  D:\Programs\Keil\ARM\PACK\Keil\STM32F1xx_DFP\2.1.0\Device\Include

<h2>Collection of Component Files used:</h2>

   * Component: ARM::CMSIS:CORE:4.3.0
Build Time Elapsed:  00:00:01
</pre>
</body>
</html>
