Component: ARM Compiler 5.06 update 1 (build 61) Tool: armlink [4d35a8]

==============================================================================

Section Cross References

    main.o(i.MX_ADC1_Init) refers to stm32f1xx_hal_adc.o(i.HAL_ADC_Init) for HAL_ADC_Init
    main.o(i.MX_ADC1_Init) refers to main.o(i.Error_Handler) for Error_Handler
    main.o(i.MX_ADC1_Init) refers to stm32f1xx_hal_adc.o(i.HAL_ADC_ConfigChannel) for HAL_ADC_ConfigChannel
    main.o(i.MX_ADC1_Init) refers to main.o(.bss) for hadc1
    main.o(i.MX_DMA_Init) refers to stm32f1xx_hal_cortex.o(i.HAL_NVIC_SetPriority) for HAL_NVIC_SetPriority
    main.o(i.MX_DMA_Init) refers to stm32f1xx_hal_cortex.o(i.HAL_NVIC_EnableIRQ) for HAL_NVIC_EnableIRQ
    main.o(i.MX_GPIO_Init) refers to stm32f1xx_hal_gpio.o(i.HAL_GPIO_WritePin) for HAL_GPIO_WritePin
    main.o(i.MX_GPIO_Init) refers to stm32f1xx_hal_gpio.o(i.HAL_GPIO_Init) for HAL_GPIO_Init
    main.o(i.MX_I2C2_Init) refers to stm32f1xx_hal_i2c.o(i.HAL_I2C_Init) for HAL_I2C_Init
    main.o(i.MX_I2C2_Init) refers to main.o(i.Error_Handler) for Error_Handler
    main.o(i.MX_I2C2_Init) refers to main.o(.bss) for hi2c2
    main.o(i.MX_TIM4_Init) refers to stm32f1xx_hal_tim.o(i.HAL_TIM_Base_Init) for HAL_TIM_Base_Init
    main.o(i.MX_TIM4_Init) refers to main.o(i.Error_Handler) for Error_Handler
    main.o(i.MX_TIM4_Init) refers to stm32f1xx_hal_tim.o(i.HAL_TIM_ConfigClockSource) for HAL_TIM_ConfigClockSource
    main.o(i.MX_TIM4_Init) refers to stm32f1xx_hal_tim_ex.o(i.HAL_TIMEx_MasterConfigSynchronization) for HAL_TIMEx_MasterConfigSynchronization
    main.o(i.MX_TIM4_Init) refers to main.o(.bss) for htim4
    main.o(i.MX_USART1_UART_Init) refers to stm32f1xx_hal_uart.o(i.HAL_UART_Init) for HAL_UART_Init
    main.o(i.MX_USART1_UART_Init) refers to main.o(i.Error_Handler) for Error_Handler
    main.o(i.MX_USART1_UART_Init) refers to main.o(.bss) for huart1
    main.o(i.StartDefaultTask) refers to cmsis_os.o(i.osDelay) for osDelay
    main.o(i.SystemClock_Config) refers to stm32f1xx_hal_rcc.o(i.HAL_RCC_OscConfig) for HAL_RCC_OscConfig
    main.o(i.SystemClock_Config) refers to main.o(i.Error_Handler) for Error_Handler
    main.o(i.SystemClock_Config) refers to stm32f1xx_hal_rcc.o(i.HAL_RCC_ClockConfig) for HAL_RCC_ClockConfig
    main.o(i.SystemClock_Config) refers to stm32f1xx_hal_rcc_ex.o(i.HAL_RCCEx_PeriphCLKConfig) for HAL_RCCEx_PeriphCLKConfig
    main.o(i.SystemClock_Config) refers to stm32f1xx_hal_rcc.o(i.HAL_RCC_GetHCLKFreq) for HAL_RCC_GetHCLKFreq
    main.o(i.SystemClock_Config) refers to stm32f1xx_hal_cortex.o(i.HAL_SYSTICK_Config) for HAL_SYSTICK_Config
    main.o(i.SystemClock_Config) refers to stm32f1xx_hal_cortex.o(i.HAL_SYSTICK_CLKSourceConfig) for HAL_SYSTICK_CLKSourceConfig
    main.o(i.SystemClock_Config) refers to stm32f1xx_hal_cortex.o(i.HAL_NVIC_SetPriority) for HAL_NVIC_SetPriority
    main.o(i.main) refers to stm32f1xx_hal.o(i.HAL_Init) for HAL_Init
    main.o(i.main) refers to main.o(i.SystemClock_Config) for SystemClock_Config
    main.o(i.main) refers to main.o(i.MX_GPIO_Init) for MX_GPIO_Init
    main.o(i.main) refers to main.o(i.MX_DMA_Init) for MX_DMA_Init
    main.o(i.main) refers to main.o(i.MX_ADC1_Init) for MX_ADC1_Init
    main.o(i.main) refers to main.o(i.MX_USART1_UART_Init) for MX_USART1_UART_Init
    main.o(i.main) refers to main.o(i.MX_TIM4_Init) for MX_TIM4_Init
    main.o(i.main) refers to main.o(i.MX_I2C2_Init) for MX_I2C2_Init
    main.o(i.main) refers to dig_pot.o(i.DigPot_Init) for DigPot_Init
    main.o(i.main) refers to adc.o(i.ADC_Init) for ADC_Init
    main.o(i.main) refers to mbinit.o(i.Modbus_Init) for Modbus_Init
    main.o(i.main) refers to memcpya.o(.text) for __aeabi_memcpy4
    main.o(i.main) refers to cmsis_os.o(i.osThreadCreate) for osThreadCreate
    main.o(i.main) refers to cmsis_os.o(i.osKernelStart) for osKernelStart
    main.o(i.main) refers to main.o(.constdata) for .constdata
    main.o(i.main) refers to main.o(.data) for defaultTaskHandle
    main.o(.constdata) refers to main.o(.conststring) for .conststring
    main.o(.constdata) refers to main.o(i.StartDefaultTask) for StartDefaultTask
    stm32f1xx_it.o(i.DMA1_Channel1_IRQHandler) refers to adc.o(i.ADC_ConvComplete) for ADC_ConvComplete
    stm32f1xx_it.o(i.DMA1_Channel1_IRQHandler) refers to stm32f1xx_hal_dma.o(i.HAL_DMA_IRQHandler) for HAL_DMA_IRQHandler
    stm32f1xx_it.o(i.DMA1_Channel1_IRQHandler) refers to main.o(.bss) for hdma_adc1
    stm32f1xx_it.o(i.SysTick_Handler) refers to stm32f1xx_hal.o(i.HAL_IncTick) for HAL_IncTick
    stm32f1xx_it.o(i.SysTick_Handler) refers to cmsis_os.o(i.osSystickHandler) for osSystickHandler
    stm32f1xx_it.o(i.TIM4_IRQHandler) refers to stm32f1xx_hal_tim.o(i.HAL_TIM_IRQHandler) for HAL_TIM_IRQHandler
    stm32f1xx_it.o(i.TIM4_IRQHandler) refers to main.o(.bss) for htim4
    stm32f1xx_it.o(i.USART1_IRQHandler) refers to portserial.o(i.UART_IRQ_Handler) for UART_IRQ_Handler
[...]
    .emb_text                                0x08000134   Section      162  port.o(.emb_text)
    .text                                    0x080001d8   Section       36  startup_stm32f100xb.o(.text)
    .text                                    0x080001fc   Section        0  memcpya.o(.text)
    .text                                    0x08000220   Section        0  memseta.o(.text)
    .text                                    0x08000244   Section        0  ffltui.o(.text)
    .text                                    0x0800024e   Section        0  iusefp.o(.text)
    .text                                    0x0800024e   Section        0  fepilogue.o(.text)
    .text                                    0x080002bc   Section       36  init.o(.text)
    .text                                    0x080002e0   Section        0  __dczerorl2.o(.text)
    i.ADC_ConvComplete                       0x08000338   Section        0  adc.o(i.ADC_ConvComplete)
    i.ADC_ConversionStop_Disable             0x08000354   Section        0  stm32f1xx_hal_adc.o(i.ADC_ConversionStop_Disable)
    i.ADC_DMAConvCplt                        0x080003a6   Section        0  stm32f1xx_hal_adc.o(i.ADC_DMAConvCplt)
    i.ADC_DMAError                           0x080003f8   Section        0  stm32f1xx_hal_adc.o(i.ADC_DMAError)
    i.ADC_DMAHalfConvCplt                    0x08000416   Section        0  stm32f1xx_hal_adc.o(i.ADC_DMAHalfConvCplt)
    i.ADC_Enable                             0x08000424   Section        0  stm32f1xx_hal_adc.o(i.ADC_Enable)
    i.ADC_Init                               0x080004a8   Section        0  adc.o(i.ADC_Init)
    i.ADC_Task                               0x080004e8   Section        0  adc.o(i.ADC_Task)
    ADC_Task                                 0x080004e9   Thumb Code    78  adc.o(i.ADC_Task)
    i.ADC_toVoltage                          0x08000548   Section        0  adc.o(i.ADC_toVoltage)
    ADC_toVoltage                            0x08000549   Thumb Code    16  adc.o(i.ADC_toVoltage)
    i.BusFault_Handler                       0x08000558   Section        0  stm32f1xx_it.o(i.BusFault_Handler)
    i.DMA1_Channel1_IRQHandler               0x0800055c   Section        0  stm32f1xx_it.o(i.DMA1_Channel1_IRQHandler)
    i.DMA_SetConfig                          0x080005e4   Section        0  stm32f1xx_hal_dma.o(i.DMA_SetConfig)
    DMA_SetConfig                            0x080005e5   Thumb Code    32  stm32f1xx_hal_dma.o(i.DMA_SetConfig)
    i.DebugMon_Handler                       0x08000604   Section        0  stm32f1xx_it.o(i.DebugMon_Handler)
    i.DigPot_Init                            0x08000608   Section        0  dig_pot.o(i.DigPot_Init)
    i.DigPot_SetValue                        0x08000634   Section        0  dig_pot.o(i.DigPot_SetValue)
    i.ENTER_CRITICAL_SECTION                 0x0800067c   Section        0  mbport.o(i.ENTER_CRITICAL_SECTION)
    i.EXIT_CRITICAL_SECTION                  0x08000680   Section        0  mbport.o(i.EXIT_CRITICAL_SECTION)
    i.Error_Handler                          0x08000684   Section        0  main.o(i.Error_Handler)
    i.HAL_ADC_ConfigChannel                  0x08000688   Section        0  stm32f1xx_hal_adc.o(i.HAL_ADC_ConfigChannel)
    i.HAL_ADC_ConvCpltCallback               0x0800084c   Section        0  stm32f1xx_hal_adc.o(i.HAL_ADC_ConvCpltCallback)
    i.HAL_ADC_ConvHalfCpltCallback           0x0800084e   Section        0  stm32f1xx_hal_adc.o(i.HAL_ADC_ConvHalfCpltCallback)
    i.HAL_ADC_ErrorCallback                  0x08000850   Section        0  stm32f1xx_hal_adc.o(i.HAL_ADC_ErrorCallback)
    i.HAL_ADC_Init                           0x08000854   Section        0  stm32f1xx_hal_adc.o(i.HAL_ADC_Init)
    i.HAL_ADC_MspInit                        0x080009b8   Section        0  stm32f1xx_hal_msp.o(i.HAL_ADC_MspInit)
    i.HAL_ADC_Start                          0x08000a40   Section        0  stm32f1xx_hal_adc.o(i.HAL_ADC_Start)
    i.HAL_ADC_Start_DMA                      0x08000af4   Section        0  stm32f1xx_hal_adc.o(i.HAL_ADC_Start_DMA)
    i.HAL_DMA_IRQHandler                     0x08000bec   Section        0  stm32f1xx_hal_dma.o(i.HAL_DMA_IRQHandler)
    i.HAL_DMA_Init                           0x08000efc   Section        0  stm32f1xx_hal_dma.o(i.HAL_DMA_Init)
    i.HAL_DMA_Start_IT                       0x08000f50   Section        0  stm32f1xx_hal_dma.o(i.HAL_DMA_Start_IT)
    i.HAL_Delay                              0x08000fc6   Section        0  stm32f1xx_hal.o(i.HAL_Delay)
    i.HAL_GPIO_Init                          0x08000fe0   Section        0  stm32f1xx_hal_gpio.o(i.HAL_GPIO_Init)
    i.HAL_GPIO_ReadPin                       0x080012fc   Section        0  stm32f1xx_hal_gpio.o(i.HAL_GPIO_ReadPin)
    i.HAL_GPIO_WritePin                      0x0800130c   Section        0  stm32f1xx_hal_gpio.o(i.HAL_GPIO_WritePin)
    i.HAL_GetTick                            0x08001318   Section        0  stm32f1xx_hal.o(i.HAL_GetTick)
    i.HAL_I2C_Init                           0x08001324   Section        0  stm32f1xx_hal_i2c.o(i.HAL_I2C_Init)
    i.HAL_I2C_Master_Transmit                0x080013d8   Section        0  stm32f1xx_hal_i2c.o(i.HAL_I2C_Master_Transmit)
    i.HAL_I2C_MspInit                        0x08001518   Section        0  stm32f1xx_hal_msp.o(i.HAL_I2C_MspInit)
    i.HAL_IncTick                            0x08001568   Section        0  stm32f1xx_hal.o(i.HAL_IncTick)
    i.HAL_Init                               0x08001578   Section        0  stm32f1xx_hal.o(i.HAL_Init)
    i.HAL_InitTick                           0x0800158e   Section        0  stm32f1xx_hal.o(i.HAL_InitTick)
    i.HAL_MspInit                            0x080015b4   Section        0  stm32f1xx_hal_msp.o(i.HAL_MspInit)
    i.HAL_NVIC_EnableIRQ                     0x08001640   Section        0  stm32f1xx_hal_cortex.o(i.HAL_NVIC_EnableIRQ)
    i.HAL_NVIC_SetPriority                   0x0800165a   Section        0  stm32f1xx_hal_cortex.o(i.HAL_NVIC_SetPriority)
    i.HAL_NVIC_SetPriorityGrouping           0x080016d8   Section        0  stm32f1xx_hal_cortex.o(i.HAL_NVIC_SetPriorityGrouping)
    i.HAL_RCCEx_PeriphCLKConfig              0x08001700   Section        0  stm32f1xx_hal_rcc_ex.o(i.HAL_RCCEx_PeriphCLKConfig)
    i.HAL_RCC_ClockConfig                    0x08001860   Section        0  stm32f1xx_hal_rcc.o(i.HAL_RCC_ClockConfig)
    i.HAL_RCC_GetHCLKFreq                    0x08001aa0   Section        0  stm32f1xx_hal_rcc.o(i.HAL_RCC_GetHCLKFreq)
    i.HAL_RCC_GetPCLK1Freq                   0x08001aac   Section        0  stm32f1xx_hal_rcc.o(i.HAL_RCC_GetPCLK1Freq)
    i.HAL_RCC_GetPCLK2Freq                   0x08001ad8   Section        0  stm32f1xx_hal_rcc.o(i.HAL_RCC_GetPCLK2Freq)
    i.HAL_RCC_GetSysClockFreq                0x08001b04   Section        0  stm32f1xx_hal_rcc.o(i.HAL_RCC_GetSysClockFreq)
    i.HAL_RCC_OscConfig                      0x08001bd4   Section        0  stm32f1xx_hal_rcc.o(i.HAL_RCC_OscConfig)
    i.HAL_SYSTICK_CLKSourceConfig            0x0800244c   Section        0  stm32f1xx_hal_cortex.o(i.HAL_SYSTICK_CLKSourceConfig)
    i.HAL_SYSTICK_Config                     0x08002474   Section        0  stm32f1xx_hal_cortex.o(i.HAL_SYSTICK_Config)
    i.HAL_TIMEx_BreakCallback                0x080024a8   Section        0  stm32f1xx_hal_tim_ex.o(i.HAL_TIMEx_BreakCallback)
    i.HAL_TIMEx_CommutationCallback          0x080024aa   Section        0  stm32f1xx_hal_tim_ex.o(i.HAL_TIMEx_CommutationCallback)
    i.HAL_TIMEx_MasterConfigSynchronization  0x080024ac   Section        0  stm32f1xx_hal_tim_ex.o(i.HAL_TIMEx_MasterConfigSynchronization)
    i.HAL_TIM_Base_Init                      0x0800250e   Section        0  stm32f1xx_hal_tim.o(i.HAL_TIM_Base_Init)
    i.HAL_TIM_Base_MspInit                   0x08002544   Section        0  stm32f1xx_hal_msp.o(i.HAL_TIM_Base_MspInit)
    i.HAL_TIM_Base_Start_IT                  0x08002588   Section        0  stm32f1xx_hal_tim.o(i.HAL_TIM_Base_Start_IT)
    i.HAL_TIM_Base_Stop                      0x080025a6   Section        0  stm32f1xx_hal_tim.o(i.HAL_TIM_Base_Stop)
    i.HAL_TIM_Base_Stop_IT                   0x080025de   Section        0  stm32f1xx_hal_tim.o(i.HAL_TIM_Base_Stop_IT)
    i.HAL_TIM_ConfigClockSource              0x08002616   Section        0  stm32f1xx_hal_tim.o(i.HAL_TIM_ConfigClockSource)
    i.HAL_TIM_IC_CaptureCallback             0x08002748   Section        0  stm32f1xx_hal_tim.o(i.HAL_TIM_IC_CaptureCallback)
    i.HAL_TIM_IRQHandler                     0x0800274a   Section        0  stm32f1xx_hal_tim.o(i.HAL_TIM_IRQHandler)
    i.HAL_TIM_OC_DelayElapsedCallback        0x080028e0   Section        0  stm32f1xx_hal_tim.o(i.HAL_TIM_OC_DelayElapsedCallback)
    i.HAL_TIM_PWM_PulseFinishedCallback      0x080028e2   Section        0  stm32f1xx_hal_tim.o(i.HAL_TIM_PWM_PulseFinishedCallback)
    i.HAL_TIM_PeriodElapsedCallback          0x080028e4   Section        0  porttimer.o(i.HAL_TIM_PeriodElapsedCallback)
    i.HAL_TIM_TriggerCallback                0x08002900   Section        0  stm32f1xx_hal_tim.o(i.HAL_TIM_TriggerCallback)
    i.HAL_UART_ErrorCallback                 0x08002902   Section        0  stm32f1xx_hal_uart.o(i.HAL_UART_ErrorCallback)
    i.HAL_UART_IRQHandler                    0x08002904   Section        0  stm32f1xx_hal_uart.o(i.HAL_UART_IRQHandler)
    i.HAL_UART_Init                          0x080029de   Section        0  stm32f1xx_hal_uart.o(i.HAL_UART_Init)
    i.HAL_UART_MspInit                       0x08002a4c   Section        0  stm32f1xx_hal_msp.o(i.HAL_UART_MspInit)
    i.HAL_UART_RxCpltCallback                0x08002ac0   Section        0  stm32f1xx_hal_uart.o(i.HAL_UART_RxCpltCallback)
    i.HAL_UART_TxCpltCallback                0x08002ac2   Section        0  stm32f1xx_hal_uart.o(i.HAL_UART_TxCpltCallback)
    i.HardFault_Handler                      0x08002ac4   Section        0  stm32f1xx_it.o(i.HardFault_Handler)
    i.I2C_Configure_Speed                    0x08002ac8   Section        0  stm32f1xx_hal_i2c.o(i.I2C_Configure_Speed)
    I2C_Configure_Speed                      0x08002ac9   Thumb Code    96  stm32f1xx_hal_i2c.o(i.I2C_Configure_Speed)
    i.I2C_IsAcknowledgeFailed                0x08002b2c   Section        0  stm32f1xx_hal_i2c.o(i.I2C_IsAcknowledgeFailed)
    I2C_IsAcknowledgeFailed                  0x08002b2d   Thumb Code    52  stm32f1xx_hal_i2c.o(i.I2C_IsAcknowledgeFailed)
    i.I2C_MasterRequestWrite                 0x08002b60   Section        0  stm32f1xx_hal_i2c.o(i.I2C_MasterRequestWrite)
    I2C_MasterRequestWrite                   0x08002b61   Thumb Code   136  stm32f1xx_hal_i2c.o(i.I2C_MasterRequestWrite)
    i.I2C_WaitOnBTFFlagUntilTimeout          0x08002bec   Section        0  stm32f1xx_hal_i2c.o(i.I2C_WaitOnBTFFlagUntilTimeout)
    I2C_WaitOnBTFFlagUntilTimeout            0x08002bed   Thumb Code    86  stm32f1xx_hal_i2c.o(i.I2C_WaitOnBTFFlagUntilTimeout)
    i.I2C_WaitOnFlagUntilTimeout             0x08002c42   Section        0  stm32f1xx_hal_i2c.o(i.I2C_WaitOnFlagUntilTimeout)
    I2C_WaitOnFlagUntilTimeout               0x08002c43   Thumb Code   222  stm32f1xx_hal_i2c.o(i.I2C_WaitOnFlagUntilTimeout)
    i.I2C_WaitOnMasterAddressFlagUntilTimeout 0x08002d20   Section        0  stm32f1xx_hal_i2c.o(i.I2C_WaitOnMasterAddressFlagUntilTimeout)
    I2C_WaitOnMasterAddressFlagUntilTimeout  0x08002d21   Thumb Code   174  stm32f1xx_hal_i2c.o(i.I2C_WaitOnMasterAddressFlagUntilTimeout)
    i.I2C_WaitOnTXEFlagUntilTimeout          0x08002dce   Section        0  stm32f1xx_hal_i2c.o(i.I2C_WaitOnTXEFlagUntilTimeout)
    I2C_WaitOnTXEFlagUntilTimeout            0x08002dcf   Thumb Code    86  stm32f1xx_hal_i2c.o(i.I2C_WaitOnTXEFlagUntilTimeout)
    i.MX_ADC1_Init                           0x08002e24   Section        0  main.o(i.MX_ADC1_Init)
    MX_ADC1_Init                             0x08002e25   Thumb Code   230  main.o(i.MX_ADC1_Init)
    i.MX_DMA_Init                            0x08002f14   Section        0  main.o(i.MX_DMA_Init)
    MX_DMA_Init                              0x08002f15   Thumb Code    48  main.o(i.MX_DMA_Init)
    i.MX_GPIO_Init                           0x08002f48   Section        0  main.o(i.MX_GPIO_Init)
    MX_GPIO_Init                             0x08002f49   Thumb Code   232  main.o(i.MX_GPIO_Init)
    i.MX_I2C2_Init                           0x08003040   Section        0  main.o(i.MX_I2C2_Init)
    MX_I2C2_Init                             0x08003041   Thumb Code    48  main.o(i.MX_I2C2_Init)
    i.MX_TIM4_Init                           0x0800307c   Section        0  main.o(i.MX_TIM4_Init)
    MX_TIM4_Init                             0x0800307d   Thumb Code    84  main.o(i.MX_TIM4_Init)
    i.MX_USART1_UART_Init                    0x080030d8   Section        0  main.o(i.MX_USART1_UART_Init)
    MX_USART1_UART_Init                      0x080030d9   Thumb Code    46  main.o(i.MX_USART1_UART_Init)
    i.MemManage_Handler                      0x08003110   Section        0  stm32f1xx_it.o(i.MemManage_Handler)
    i.Modbus_Init                            0x08003114   Section        0  mbinit.o(i.Modbus_Init)
    i.Modbus_Task                            0x08003154   Section        0  mbinit.o(i.Modbus_Task)
    Modbus_Task                              0x08003155   Thumb Code    12  mbinit.o(i.Modbus_Task)
    i.NMI_Handler                            0x08003160   Section        0  stm32f1xx_it.o(i.NMI_Handler)
    i.NVIC_GetPriorityGrouping               0x08003164   Section        0  stm32f1xx_hal_cortex.o(i.NVIC_GetPriorityGrouping)
    NVIC_GetPriorityGrouping                 0x08003165   Thumb Code    10  stm32f1xx_hal_cortex.o(i.NVIC_GetPriorityGrouping)
    i.NVIC_SetPriority                       0x08003174   Section        0  stm32f1xx_hal_cortex.o(i.NVIC_SetPriority)
    NVIC_SetPriority                         0x08003175   Thumb Code    32  stm32f1xx_hal_cortex.o(i.NVIC_SetPriority)
    i.StartDefaultTask                       0x0800319c   Section        0  main.o(i.StartDefaultTask)
    i.SysTick_Handler                        0x080031aa   Section        0  stm32f1xx_it.o(i.SysTick_Handler)
    i.SystemClock_Config                     0x080031b6   Section        0  main.o(i.SystemClock_Config)
    i.SystemInit                             0x08003238   Section        0  system_stm32f1xx.o(i.SystemInit)
    i.TIM4_IRQHandler                        0x08003294   Section        0  stm32f1xx_it.o(i.TIM4_IRQHandler)
    i.TIM_Base_SetConfig                     0x080032a4   Section        0  stm32f1xx_hal_tim.o(i.TIM_Base_SetConfig)
    i.TIM_ETR_SetConfig                      0x08003340   Section        0  stm32f1xx_hal_tim.o(i.TIM_ETR_SetConfig)
    TIM_ETR_SetConfig                        0x08003341   Thumb Code    24  stm32f1xx_hal_tim.o(i.TIM_ETR_SetConfig)
    i.TIM_ITRx_SetConfig                     0x08003358   Section        0  stm32f1xx_hal_tim.o(i.TIM_ITRx_SetConfig)
    TIM_ITRx_SetConfig                       0x08003359   Thumb Code    20  stm32f1xx_hal_tim.o(i.TIM_ITRx_SetConfig)
    i.TIM_TI1_ConfigInputStage               0x0800336c   Section        0  stm32f1xx_hal_tim.o(i.TIM_TI1_ConfigInputStage)
    TIM_TI1_ConfigInputStage                 0x0800336d   Thumb Code    42  stm32f1xx_hal_tim.o(i.TIM_TI1_ConfigInputStage)
    i.TIM_TI2_ConfigInputStage               0x08003396   Section        0  stm32f1xx_hal_tim.o(i.TIM_TI2_ConfigInputStage)
    TIM_TI2_ConfigInputStage                 0x08003397   Thumb Code    44  stm32f1xx_hal_tim.o(i.TIM_TI2_ConfigInputStage)
    i.UART_EndTransmit_IT                    0x080033c2   Section        0  stm32f1xx_hal_uart.o(i.UART_EndTransmit_IT)
    UART_EndTransmit_IT                      0x080033c3   Thumb Code    48  stm32f1xx_hal_uart.o(i.UART_EndTransmit_IT)
    i.UART_IRQ_Handler                       0x080033f4   Section        0  portserial.o(i.UART_IRQ_Handler)
    i.UART_Receive_IT                        0x08003454   Section        0  stm32f1xx_hal_uart.o(i.UART_Receive_IT)
    UART_Receive_IT                          0x08003455   Thumb Code   188  stm32f1xx_hal_uart.o(i.UART_Receive_IT)
    i.UART_SetConfig                         0x08003510   Section        0  stm32f1xx_hal_uart.o(i.UART_SetConfig)
    UART_SetConfig                           0x08003511   Thumb Code   450  stm32f1xx_hal_uart.o(i.UART_SetConfig)
    i.UART_Transmit_IT                       0x080036d8   Section        0  stm32f1xx_hal_uart.o(i.UART_Transmit_IT)
    UART_Transmit_IT                         0x080036d9   Thumb Code   112  stm32f1xx_hal_uart.o(i.UART_Transmit_IT)
    i.USART1_IRQHandler                      0x08003748   Section        0  stm32f1xx_it.o(i.USART1_IRQHandler)
    i.UsageFault_Handler                     0x08003768   Section        0  stm32f1xx_it.o(i.UsageFault_Handler)
    i.__scatterload_copy                     0x0800376c   Section       14  handlers.o(i.__scatterload_copy)
    i.__scatterload_null                     0x0800377a   Section        2  handlers.o(i.__scatterload_null)
    i.__scatterload_zeroinit                 0x0800377c   Section       14  handlers.o(i.__scatterload_zeroinit)
    i.eMBEnable                              0x0800378c   Section        0  mb.o(i.eMBEnable)
    i.eMBFuncReadCoils                       0x080037b4   Section        0  mbfunccoils.o(i.eMBFuncReadCoils)
    i.eMBFuncReadDiscreteInputs              0x08003862   Section        0  mbfuncdisc.o(i.eMBFuncReadDiscreteInputs)
    i.eMBFuncReadHoldingRegister             0x0800390e   Section        0  mbfuncholding.o(i.eMBFuncReadHoldingRegister)
    i.eMBFuncReadInputRegister               0x0800399a   Section        0  mbfuncinput.o(i.eMBFuncReadInputRegister)
    i.eMBFuncReadWriteMultipleHoldingRegister 0x08003a26   Section        0  mbfuncholding.o(i.eMBFuncReadWriteMultipleHoldingRegister)
    i.eMBFuncReportSlaveID                   0x08003afc   Section        0  mbfuncother.o(i.eMBFuncReportSlaveID)
    i.eMBFuncWriteCoil                       0x08003b24   Section        0  mbfunccoils.o(i.eMBFuncWriteCoil)
    i.eMBFuncWriteHoldingRegister            0x08003b94   Section        0  mbfuncholding.o(i.eMBFuncWriteHoldingRegister)
    i.eMBFuncWriteMultipleCoils              0x08003bd6   Section        0  mbfunccoils.o(i.eMBFuncWriteMultipleCoils)
    i.eMBFuncWriteMultipleHoldingRegister    0x08003c66   Section        0  mbfuncholding.o(i.eMBFuncWriteMultipleHoldingRegister)
    i.eMBInit                                0x08003cd4   Section        0  mb.o(i.eMBInit)
    i.eMBPoll                                0x08003db4   Section        0  mb.o(i.eMBPoll)
    i.eMBRTUInit                             0x08003eec   Section        0  mbrtu.o(i.eMBRTUInit)
    i.eMBRTUReceive                          0x08003f44   Section        0  mbrtu.o(i.eMBRTUReceive)
    i.eMBRTUSend                             0x08003f9c   Section        0  mbrtu.o(i.eMBRTUSend)
    i.eMBRTUStart                            0x0800402c   Section        0  mbrtu.o(i.eMBRTUStart)
    i.eMBRTUStop                             0x08004050   Section        0  mbrtu.o(i.eMBRTUStop)
    i.eMBRegCoilsCB                          0x08004068   Section        0  mbport.o(i.eMBRegCoilsCB)
    i.eMBRegDiscreteCB                       0x08004070   Section        0  mbport.o(i.eMBRegDiscreteCB)
    i.eMBRegHoldingCB                        0x08004078   Section        0  mbport.o(i.eMBRegHoldingCB)
    i.eMBRegInputCB                          0x0800428c   Section        0  mbport.o(i.eMBRegInputCB)
    i.main                                   0x080042f4   Section        0  main.o(i.main)
    i.makeFreeRtosPriority                   0x08004348   Section        0  cmsis_os.o(i.makeFreeRtosPriority)
    makeFreeRtosPriority                     0x08004349   Thumb Code    14  cmsis_os.o(i.makeFreeRtosPriority)
    i.osDelay                                0x08004356   Section        0  cmsis_os.o(i.osDelay)
    i.osKernelStart                          0x0800436e   Section        0  cmsis_os.o(i.osKernelStart)
    i.osSystickHandler                       0x08004378   Section        0  cmsis_os.o(i.osSystickHandler)
    i.osThreadCreate                         0x08004388   Section        0  cmsis_os.o(i.osThreadCreate)
    i.prvAddCurrentTaskToDelayedList         0x080043c4   Section        0  tasks.o(i.prvAddCurrentTaskToDelayedList)
    prvAddCurrentTaskToDelayedList           0x080043c5   Thumb Code    62  tasks.o(i.prvAddCurrentTaskToDelayedList)
    i.prvAllocateTCBAndStack                 0x08004418   Section        0  tasks.o(i.prvAllocateTCBAndStack)
    prvAllocateTCBAndStack                   0x08004419   Thumb Code    66  tasks.o(i.prvAllocateTCBAndStack)
    i.prvCheckTasksWaitingTermination        0x0800445a   Section        0  tasks.o(i.prvCheckTasksWaitingTermination)
    prvCheckTasksWaitingTermination          0x0800445b   Thumb Code     2  tasks.o(i.prvCheckTasksWaitingTermination)
    i.prvCopyDataFromQueue                   0x0800445c   Section        0  queue.o(i.prvCopyDataFromQueue)
    prvCopyDataFromQueue                     0x0800445d   Thumb Code    42  queue.o(i.prvCopyDataFromQueue)
    i.prvIdleTask                            0x08004488   Section        0  tasks.o(i.prvIdleTask)
    prvIdleTask                              0x08004489   Thumb Code    20  tasks.o(i.prvIdleTask)
    i.prvInitialiseTCBVariables              0x080044a0   Section        0  tasks.o(i.prvInitialiseTCBVariables)
    prvInitialiseTCBVariables                0x080044a1   Thumb Code    98  tasks.o(i.prvInitialiseTCBVariables)
    i.prvInitialiseTaskLists                 0x08004504   Section        0  tasks.o(i.prvInitialiseTaskLists)
    prvInitialiseTaskLists                   0x08004505   Thumb Code    64  tasks.o(i.prvInitialiseTaskLists)
    i.prvIsQueueEmpty                        0x08004560   Section        0  queue.o(i.prvIsQueueEmpty)
    prvIsQueueEmpty                          0x08004561   Thumb Code    26  queue.o(i.prvIsQueueEmpty)
    i.prvResetNextTaskUnblockTime            0x0800457c   Section        0  tasks.o(i.prvResetNextTaskUnblockTime)
    prvResetNextTaskUnblockTime              0x0800457d   Thumb Code    42  tasks.o(i.prvResetNextTaskUnblockTime)
    i.prvTaskExitError                       0x080045b0   Section        0  port.o(i.prvTaskExitError)
    prvTaskExitError                         0x080045b1   Thumb Code    32  port.o(i.prvTaskExitError)
    i.prvUnlockQueue                         0x080045d4   Section        0  queue.o(i.prvUnlockQueue)
    prvUnlockQueue                           0x080045d5   Thumb Code   126  queue.o(i.prvUnlockQueue)
    i.prveMBError2Exception                  0x08004652   Section        0  mbutils.o(i.prveMBError2Exception)
    i.prvvTIMERExpiredISR                    0x08004674   Section        0  porttimer.o(i.prvvTIMERExpiredISR)
    prvvTIMERExpiredISR                      0x08004675   Thumb Code    32  porttimer.o(i.prvvTIMERExpiredISR)
    i.pvPortMalloc                           0x0800469c   Section        0  heap_1.o(i.pvPortMalloc)
    i.pvTaskIncrementMutexHeldCount          0x0800470c   Section        0  tasks.o(i.pvTaskIncrementMutexHeldCount)
    i.pxPortInitialiseStack                  0x0800472c   Section        0  port.o(i.pxPortInitialiseStack)
    i.usMBCRC16                              0x0800474c   Section        0  mbcrc.o(i.usMBCRC16)
    i.uxListRemove                           0x08004784   Section        0  list.o(i.uxListRemove)
    i.vListInitialise                        0x080047ac   Section        0  list.o(i.vListInitialise)
    i.vListInitialiseItem                    0x080047c6   Section        0  list.o(i.vListInitialiseItem)
    i.vListInsert                            0x080047cc   Section        0  list.o(i.vListInsert)
    i.vListInsertEnd                         0x08004800   Section        0  list.o(i.vListInsertEnd)
    i.vMBPortSerialEnable                    0x08004818   Section        0  portserial.o(i.vMBPortSerialEnable)
    i.vMBPortTimersDisable                   0x0800486c   Section        0  porttimer.o(i.vMBPortTimersDisable)
    i.vMBPortTimersEnable                    0x0800488c   Section        0  porttimer.o(i.vMBPortTimersEnable)
    i.vPortEnterCritical                     0x080048a4   Section        0  port.o(i.vPortEnterCritical)
    i.vPortExitCritical                      0x080048e8   Section        0  port.o(i.vPortExitCritical)
    i.vPortFree                              0x08004914   Section        0  heap_1.o(i.vPortFree)
    i.vPortSetupTimerInterrupt               0x0800492c   Section        0  port.o(i.vPortSetupTimerInterrupt)
    i.vPortValidateInterruptPriority         0x0800494c   Section        0  port.o(i.vPortValidateInterruptPriority)
    i.vPortYield                             0x080049a8   Section        0  port.o(i.vPortYield)
    i.vTaskDelay                             0x080049c0   Section        0  tasks.o(i.vTaskDelay)
    i.vTaskMissedYield                       0x08004a30   Section        0  tasks.o(i.vTaskMissedYield)
    i.vTaskPlaceOnEventList                  0x08004a3c   Section        0  tasks.o(i.vTaskPlaceOnEventList)
    i.vTaskPriorityInherit                   0x08004aac   Section        0  tasks.o(i.vTaskPriorityInherit)
    i.vTaskSetTimeOutState                   0x08004b5c   Section        0  tasks.o(i.vTaskSetTimeOutState)
    i.vTaskStartScheduler                    0x08004b80   Section        0  tasks.o(i.vTaskStartScheduler)
    i.vTaskSuspendAll                        0x08004be0   Section        0  tasks.o(i.vTaskSuspendAll)
    i.vTaskSwitchContext                     0x08004bf0   Section        0  tasks.o(i.vTaskSwitchContext)
    i.xMBPortEventGet                        0x08004c70   Section        0  portevent.o(i.xMBPortEventGet)
    i.xMBPortEventInit                       0x08004c94   Section        0  portevent.o(i.xMBPortEventInit)
    i.xMBPortEventPost                       0x08004ca4   Section        0  portevent.o(i.xMBPortEventPost)
    i.xMBPortSerialGetByte                   0x08004cbc   Section        0  portserial.o(i.xMBPortSerialGetByte)
    i.xMBPortSerialInit                      0x08004cd0   Section        0  portserial.o(i.xMBPortSerialInit)
    i.xMBPortSerialPutByte                   0x08004d0c   Section        0  portserial.o(i.xMBPortSerialPutByte)
    i.xMBPortTimersInit                      0x08004d1c   Section        0  porttimer.o(i.xMBPortTimersInit)
    i.xMBRTUReceiveFSM                       0x08004d78   Section        0  mbrtu.o(i.xMBRTUReceiveFSM)
    i.xMBRTUTimerT35Expired                  0x08004e00   Section        0  mbrtu.o(i.xMBRTUTimerT35Expired)
    i.xMBRTUTransmitFSM                      0x08004e40   Section        0  mbrtu.o(i.xMBRTUTransmitFSM)
    i.xPortStartScheduler                    0x08004eac   Section        0  port.o(i.xPortStartScheduler)
    i.xPortSysTickHandler                    0x08004f4c   Section        0  port.o(i.xPortSysTickHandler)
    i.xQueueGenericCreate                    0x08004f6c   Section        0  queue.o(i.xQueueGenericCreate)
    i.xQueueGenericReceive                   0x08004fd6   Section        0  queue.o(i.xQueueGenericReceive)
    i.xQueueGenericReset                     0x08005130   Section        0  queue.o(i.xQueueGenericReset)
    i.xQueueGiveFromISR                      0x080051a8   Section        0  queue.o(i.xQueueGiveFromISR)
    i.xTaskCheckForTimeOut                   0x0800523c   Section        0  tasks.o(i.xTaskCheckForTimeOut)
    i.xTaskGenericCreate                     0x080052b0   Section        0  tasks.o(i.xTaskGenericCreate)
    i.xTaskGetSchedulerState                 0x080053e8   Section        0  tasks.o(i.xTaskGetSchedulerState)
    i.xTaskIncrementTick                     0x08005408   Section        0  tasks.o(i.xTaskIncrementTick)
    i.xTaskRemoveFromEventList               0x08005544   Section        0  tasks.o(i.xTaskRemoveFromEventList)
    i.xTaskResumeAll                         0x080055d0   Section        0  tasks.o(i.xTaskResumeAll)
    .constdata                               0x080056b8   Section       20  main.o(.constdata)
    .constdata                               0x080056cc   Section      512  mbcrc.o(.constdata)
    aucCRCHi                                 0x080056cc   Data         256  mbcrc.o(.constdata)
    aucCRCLo                                 0x080057cc   Data         256  mbcrc.o(.constdata)
    .constdata                               0x080058cc   Section       24  system_stm32f1xx.o(.constdata)
    .conststring                             0x080058e4   Section       12  main.o(.conststring)
    .data                                    0x20000000   Section        4  main.o(.data)
    .data                                    0x20000004   Section        8  adc.o(.data)
    xHigherPriorityTaskWoken                 0x20000008   Data           4  adc.o(.data)
    .data                                    0x2000000c   Section        4  dig_pot.o(.data)
    .data                                    0x20000010   Section       12  mbrtu.o(.data)
    eSndState                                0x20000010   Data           1  mbrtu.o(.data)
    eRcvState                                0x20000011   Data           1  mbrtu.o(.data)
    pucSndBufferCur                          0x20000014   Data           4  mbrtu.o(.data)
    usSndBufferCount                         0x20000018   Data           2  mbrtu.o(.data)
    usRcvBufferPos                           0x2000001a   Data           2  mbrtu.o(.data)
    .data                                    0x2000001c   Section        2  mbfuncother.o(.data)
    usMBSlaveIDLen                           0x2000001c   Data           2  mbfuncother.o(.data)
    .data                                    0x2000001e   Section        4  mbport.o(.data)
    usRegInputStart                          0x2000001e   Data           2  mbport.o(.data)
    usRegHoldingStart                        0x20000020   Data           2  mbport.o(.data)
    .data                                    0x20000022   Section        2  portevent.o(.data)
    eQueuedEvent                             0x20000022   Data           1  portevent.o(.data)
    xEventInQueue                            0x20000023   Data           1  portevent.o(.data)
    .data                                    0x20000024   Section      181  mb.o(.data)
    ucMBAddress                              0x20000024   Data           1  mb.o(.data)
    eMBCurrentMode                           0x20000025   Data           1  mb.o(.data)
    eMBState                                 0x20000026   Data           1  mb.o(.data)
    peMBFrameSendCur                         0x20000028   Data           4  mb.o(.data)
    pvMBFrameStartCur                        0x2000002c   Data           4  mb.o(.data)
    pvMBFrameStopCur                         0x20000030   Data           4  mb.o(.data)
    peMBFrameReceiveCur                      0x20000034   Data           4  mb.o(.data)
    pvMBFrameCloseCur                        0x20000038   Data           4  mb.o(.data)
    xFuncHandlers                            0x20000050   Data         128  mb.o(.data)
    ucMBFrame                                0x200000d0   Data           4  mb.o(.data)
    ucRcvAddress                             0x200000d4   Data           1  mb.o(.data)
    ucFunctionCode                           0x200000d5   Data           1  mb.o(.data)
    usLength                                 0x200000d6   Data           2  mb.o(.data)
    eException                               0x200000d8   Data           1  mb.o(.data)
    .data                                    0x200000dc   Section        4  stm32f1xx_hal.o(.data)
    uwTick                                   0x200000dc   Data           4  stm32f1xx_hal.o(.data)
    .data                                    0x200000e0   Section        4  system_stm32f1xx.o(.data)
    .data                                    0x200000e4   Section        8  heap_1.o(.data)
    xNextFreeByte                            0x200000e4   Data           4  heap_1.o(.data)
    pucAlignedHeap                           0x200000e8   Data           4  heap_1.o(.data)
    .data                                    0x200000ec   Section       52  tasks.o(.data)
    pxDelayedTaskList                        0x200000f0   Data           4  tasks.o(.data)
    pxOverflowDelayedTaskList                0x200000f4   Data           4  tasks.o(.data)
    uxCurrentNumberOfTasks                   0x200000f8   Data           4  tasks.o(.data)
    xTickCount                               0x200000fc   Data           4  tasks.o(.data)
    uxTopReadyPriority                       0x20000100   Data           4  tasks.o(.data)
    xSchedulerRunning                        0x20000104   Data           4  tasks.o(.data)
    uxPendedTicks                            0x20000108   Data           4  tasks.o(.data)
    xYieldPending                            0x2000010c   Data           4  tasks.o(.data)
    xNumOfOverflows                          0x20000110   Data           4  tasks.o(.data)
    uxTaskNumber                             0x20000114   Data           4  tasks.o(.data)
    xNextTaskUnblockTime                     0x20000118   Data           4  tasks.o(.data)
    uxSchedulerSuspended                     0x2000011c   Data           4  tasks.o(.data)
    .data                                    0x20000120   Section       12  port.o(.data)
    uxCriticalNesting                        0x20000120   Data           4  port.o(.data)
    ucMaxSysCallPriority                     0x20000124   Data           1  port.o(.data)
    ulMaxPRIGROUPValue                       0x20000128   Data           4  port.o(.data)
    .bss                                     0x2000012c   Section      288  main.o(.bss)
    .bss                                     0x2000024c   Section       48  adc.o(.bss)
    .bss                                     0x2000027c   Section      256  mbrtu.o(.bss)
    .bss                                     0x2000037c   Section       32  mbfuncother.o(.bss)
    ucMBSlaveID                              0x2000037c   Data          32  mbfuncother.o(.bss)
    .bss                                     0x2000039c   Section       64  mbport.o(.bss)
    .bss                                     0x200003dc   Section     4096  heap_1.o(.bss)
    ucHeap                                   0x200003dc   Data        4096  heap_1.o(.bss)
    .bss                                     0x200013dc   Section      220  tasks.o(.bss)
    pxReadyTasksLists                        0x200013dc   Data         140  tasks.o(.bss)
    xDelayedTaskList1                        0x20001468   Data          20  tasks.o(.bss)
    xDelayedTaskList2                        0x2000147c   Data          20  tasks.o(.bss)
    xPendingReadyList                        0x20001490   Data          20  tasks.o(.bss)
    xSuspendedTaskList                       0x200014a4   Data          20  tasks.o(.bss)
    STACK                                    0x200014b8   Section     1024  startup_stm32f100xb.o(STACK)

    Global Symbols

    Symbol Name                              Value     Ov Type        Size  Object(Section)

    BuildAttributes$$THM_ISAv4$P$D$K$B$S$PE$A:L22UL41UL21$X:L11$S22US41US21$IEEE1$IW$USESV6$~STKCKD$USESV7$~SHL$OTIME$ROPI$EBA8$MICROLIB$REQ8$PRES8$EABIv2 0x00000000   Number         0  anon$$obj.o ABSOLUTE
    __ARM_use_no_argv                        0x00000000   Number         0  main.o ABSOLUTE
    __cpp_initialize__aeabi_                  - Undefined Weak Reference
    __cxa_finalize                            - Undefined Weak Reference
    _clock_init                               - Undefined Weak Reference
    _microlib_exit                            - Undefined Weak Reference
    __Vectors_Size                           0x00000120   Number         0  startup_stm32f100xb.o ABSOLUTE
    __Vectors                                0x08000000   Data           4  startup_stm32f100xb.o(RESET)
    __Vectors_End                            0x08000120   Data           0  startup_stm32f100xb.o(RESET)
    __main                                   0x08000121   Thumb Code     0  entry.o(.ARM.Collect$$$$00000000)
    _main_stk                                0x08000121   Thumb Code     0  entry2.o(.ARM.Collect$$$$00000001)
    _main_scatterload                        0x08000125   Thumb Code     0  entry5.o(.ARM.Collect$$$$00000004)
    __main_after_scatterload                 0x08000129   Thumb Code     0  entry5.o(.ARM.Collect$$$$00000004)
    _main_clock                              0x08000129   Thumb Code     0  entry7b.o(.ARM.Collect$$$$00000008)
    _main_cpp_init                           0x08000129   Thumb Code     0  entry8b.o(.ARM.Collect$$$$0000000A)
    _main_init                               0x08000129   Thumb Code     0  entry9a.o(.ARM.Collect$$$$0000000B)
    __rt_final_cpp                           0x08000131   Thumb Code     0  entry10a.o(.ARM.Collect$$$$0000000D)
    __rt_final_exit                          0x08000131   Thumb Code     0  entry11a.o(.ARM.Collect$$$$0000000F)
    SVC_Handler                              0x08000135   Thumb Code    32  port.o(.emb_text)
    __asm___6_port_c_39a90d8d__prvStartFirstTask 0x08000159   Thumb Code    28  port.o(.emb_text)
    PendSV_Handler                           0x08000179   Thumb Code    64  port.o(.emb_text)
    ulPortSetInterruptMask                   0x080001bd   Thumb Code    14  port.o(.emb_text)
    vPortClearInterruptMask                  0x080001cb   Thumb Code     6  port.o(.emb_text)
    vPortGetIPSR                             0x080001d1   Thumb Code     6  port.o(.emb_text)
    Reset_Handler                            0x080001d9   Thumb Code     8  startup_stm32f100xb.o(.text)
    ADC1_IRQHandler                          0x080001f3   Thumb Code     0  startup_stm32f100xb.o(.text)
    CEC_IRQHandler                           0x080001f3   Thumb Code     0  startup_stm32f100xb.o(.text)
    DMA1_Channel2_IRQHandler                 0x080001f3   Thumb Code     0  startup_stm32f100xb.o(.text)
    DMA1_Channel3_IRQHandler                 0x080001f3   Thumb Code     0  startup_stm32f100xb.o(.text)
    DMA1_Channel4_IRQHandler                 0x080001f3   Thumb Code     0  startup_stm32f100xb.o(.text)
    DMA1_Channel5_IRQHandler                 0x080001f3   Thumb Code     0  startup_stm32f100xb.o(.text)
    DMA1_Channel6_IRQHandler                 0x080001f3   Thumb Code     0  startup_stm32f100xb.o(.text)
    DMA1_Channel7_IRQHandler                 0x080001f3   Thumb Code     0  startup_stm32f100xb.o(.text)
    EXTI0_IRQHandler                         0x080001f3   Thumb Code     0  startup_stm32f100xb.o(.text)
    EXTI15_10_IRQHandler                     0x080001f3   Thumb Code     0  startup_stm32f100xb.o(.text)
    EXTI1_IRQHandler                         0x080001f3   Thumb Code     0  startup_stm32f100xb.o(.text)
    EXTI2_IRQHandler                         0x080001f3   Thumb Code     0  startup_stm32f100xb.o(.text)
    EXTI3_IRQHandler                         0x080001f3   Thumb Code     0  startup_stm32f100xb.o(.text)
    EXTI4_IRQHandler                         0x080001f3   Thumb Code     0  startup_stm32f100xb.o(.text)
    EXTI9_5_IRQHandler                       0x080001f3   Thumb Code     0  startup_stm32f100xb.o(.text)
    FLASH_IRQHandler                         0x080001f3   Thumb Code     0  startup_stm32f100xb.o(.text)
    I2C1_ER_IRQHandler                       0x080001f3   Thumb Code     0  startup_stm32f100xb.o(.text)
    I2C1_EV_IRQHandler                       0x080001f3   Thumb Code     0  startup_stm32f100xb.o(.text)
    I2C2_ER_IRQHandler                       0x080001f3   Thumb Code     0  startup_stm32f100xb.o(.text)
    I2C2_EV_IRQHandler                       0x080001f3   Thumb Code     0  startup_stm32f100xb.o(.text)
    PVD_IRQHandler                           0x080001f3   Thumb Code     0  startup_stm32f100xb.o(.text)
    RCC_IRQHandler                           0x080001f3   Thumb Code     0  startup_stm32f100xb.o(.text)
    RTC_Alarm_IRQHandler                     0x080001f3   Thumb Code     0  startup_stm32f100xb.o(.text)
    RTC_IRQHandler                           0x080001f3   Thumb Code     0  startup_stm32f100xb.o(.text)
    SPI1_IRQHandler                          0x080001f3   Thumb Code     0  startup_stm32f100xb.o(.text)
    SPI2_IRQHandler                          0x080001f3   Thumb Code     0  startup_stm32f100xb.o(.text)
    TAMPER_IRQHandler                        0x080001f3   Thumb Code     0  startup_stm32f100xb.o(.text)
    TIM1_BRK_TIM15_IRQHandler                0x080001f3   Thumb Code     0  startup_stm32f100xb.o(.text)
    TIM1_CC_IRQHandler                       0x080001f3   Thumb Code     0  startup_stm32f100xb.o(.text)
    TIM1_TRG_COM_TIM17_IRQHandler            0x080001f3   Thumb Code     0  startup_stm32f100xb.o(.text)
    TIM1_UP_TIM16_IRQHandler                 0x080001f3   Thumb Code     0  startup_stm32f100xb.o(.text)
    TIM2_IRQHandler                          0x080001f3   Thumb Code     0  startup_stm32f100xb.o(.text)
    TIM3_IRQHandler                          0x080001f3   Thumb Code     0  startup_stm32f100xb.o(.text)
    TIM6_DAC_IRQHandler                      0x080001f3   Thumb Code     0  startup_stm32f100xb.o(.text)
    TIM7_IRQHandler                          0x080001f3   Thumb Code     0  startup_stm32f100xb.o(.text)
    USART2_IRQHandler                        0x080001f3   Thumb Code     0  startup_stm32f100xb.o(.text)
    USART3_IRQHandler                        0x080001f3   Thumb Code     0  startup_stm32f100xb.o(.text)
    WWDG_IRQHandler                          0x080001f3   Thumb Code     0  startup_stm32f100xb.o(.text)
    __aeabi_memcpy                           0x080001fd   Thumb Code    36  memcpya.o(.text)
    __aeabi_memcpy4                          0x080001fd   Thumb Code     0  memcpya.o(.text)
    __aeabi_memcpy8                          0x080001fd   Thumb Code     0  memcpya.o(.text)
    __aeabi_memset                           0x08000221   Thumb Code    14  memseta.o(.text)
    __aeabi_memset4                          0x08000221   Thumb Code     0  memseta.o(.text)
    __aeabi_memset8                          0x08000221   Thumb Code     0  memseta.o(.text)
    __aeabi_memclr                           0x0800022f   Thumb Code     4  memseta.o(.text)
    __aeabi_memclr4                          0x0800022f   Thumb Code     0  memseta.o(.text)
    __aeabi_memclr8                          0x0800022f   Thumb Code     0  memseta.o(.text)
    _memset$wrapper                          0x08000233   Thumb Code    18  memseta.o(.text)
    __aeabi_ui2f                             0x08000245   Thumb Code    10  ffltui.o(.text)
    __I$use$fp                               0x0800024f   Thumb Code     0  iusefp.o(.text)
    _float_round                             0x0800024f   Thumb Code    18  fepilogue.o(.text)
    _float_epilogue                          0x08000261   Thumb Code    92  fepilogue.o(.text)
    __scatterload                            0x080002bd   Thumb Code    28  init.o(.text)
    __scatterload_rt2                        0x080002bd   Thumb Code     0  init.o(.text)
    __decompress                             0x080002e1   Thumb Code     0  __dczerorl2.o(.text)
    __decompress1                            0x080002e1   Thumb Code    86  __dczerorl2.o(.text)
    ADC_ConvComplete                         0x08000339   Thumb Code    18  adc.o(i.ADC_ConvComplete)
    ADC_ConversionStop_Disable               0x08000355   Thumb Code    82  stm32f1xx_hal_adc.o(i.ADC_ConversionStop_Disable)
    ADC_DMAConvCplt                          0x080003a7   Thumb Code    82  stm32f1xx_hal_adc.o(i.ADC_DMAConvCplt)
    ADC_DMAError                             0x080003f9   Thumb Code    30  stm32f1xx_hal_adc.o(i.ADC_DMAError)
    ADC_DMAHalfConvCplt                      0x08000417   Thumb Code    14  stm32f1xx_hal_adc.o(i.ADC_DMAHalfConvCplt)
    ADC_Enable                               0x08000425   Thumb Code   122  stm32f1xx_hal_adc.o(i.ADC_Enable)
    ADC_Init                                 0x080004a9   Thumb Code    44  adc.o(i.ADC_Init)
    BusFault_Handler                         0x08000559   Thumb Code     4  stm32f1xx_it.o(i.BusFault_Handler)
    DMA1_Channel1_IRQHandler                 0x0800055d   Thumb Code   128  stm32f1xx_it.o(i.DMA1_Channel1_IRQHandler)
    DebugMon_Handler                         0x08000605   Thumb Code     2  stm32f1xx_it.o(i.DebugMon_Handler)
    DigPot_Init                              0x08000609   Thumb Code    40  dig_pot.o(i.DigPot_Init)
    DigPot_SetValue                          0x08000635   Thumb Code    64  dig_pot.o(i.DigPot_SetValue)
    ENTER_CRITICAL_SECTION                   0x0800067d   Thumb Code     4  mbport.o(i.ENTER_CRITICAL_SECTION)
    EXIT_CRITICAL_SECTION                    0x08000681   Thumb Code     4  mbport.o(i.EXIT_CRITICAL_SECTION)
    Error_Handler                            0x08000685   Thumb Code     4  main.o(i.Error_Handler)
    HAL_ADC_ConfigChannel                    0x08000689   Thumb Code   438  stm32f1xx_hal_adc.o(i.HAL_ADC_ConfigChannel)
    HAL_ADC_ConvCpltCallback                 0x0800084d   Thumb Code     2  stm32f1xx_hal_adc.o(i.HAL_ADC_ConvCpltCallback)
    HAL_ADC_ConvHalfCpltCallback             0x0800084f   Thumb Code     2  stm32f1xx_hal_adc.o(i.HAL_ADC_ConvHalfCpltCallback)
    HAL_ADC_ErrorCallback                    0x08000851   Thumb Code     2  stm32f1xx_hal_adc.o(i.HAL_ADC_ErrorCallback)
    HAL_ADC_Init                             0x08000855   Thumb Code   346  stm32f1xx_hal_adc.o(i.HAL_ADC_Init)
    HAL_ADC_MspInit                          0x080009b9   Thumb Code   116  stm32f1xx_hal_msp.o(i.HAL_ADC_MspInit)
    HAL_ADC_Start                            0x08000a41   Thumb Code   180  stm32f1xx_hal_adc.o(i.HAL_ADC_Start)
    HAL_ADC_Start_DMA                        0x08000af5   Thumb Code   234  stm32f1xx_hal_adc.o(i.HAL_ADC_Start_DMA)
    HAL_DMA_IRQHandler                       0x08000bed   Thumb Code   780  stm32f1xx_hal_dma.o(i.HAL_DMA_IRQHandler)
    HAL_DMA_Init                             0x08000efd   Thumb Code    84  stm32f1xx_hal_dma.o(i.HAL_DMA_Init)
    HAL_DMA_Start_IT                         0x08000f51   Thumb Code   118  stm32f1xx_hal_dma.o(i.HAL_DMA_Start_IT)
    HAL_Delay                                0x08000fc7   Thumb Code    26  stm32f1xx_hal.o(i.HAL_Delay)
    HAL_GPIO_Init                            0x08000fe1   Thumb Code   764  stm32f1xx_hal_gpio.o(i.HAL_GPIO_Init)
    HAL_GPIO_ReadPin                         0x080012fd   Thumb Code    16  stm32f1xx_hal_gpio.o(i.HAL_GPIO_ReadPin)
    HAL_GPIO_WritePin                        0x0800130d   Thumb Code    12  stm32f1xx_hal_gpio.o(i.HAL_GPIO_WritePin)
    HAL_GetTick                              0x08001319   Thumb Code     6  stm32f1xx_hal.o(i.HAL_GetTick)
    HAL_I2C_Init                             0x08001325   Thumb Code   172  stm32f1xx_hal_i2c.o(i.HAL_I2C_Init)
    HAL_I2C_Master_Transmit                  0x080013d9   Thumb Code   316  stm32f1xx_hal_i2c.o(i.HAL_I2C_Master_Transmit)
    HAL_I2C_MspInit                          0x08001519   Thumb Code    68  stm32f1xx_hal_msp.o(i.HAL_I2C_MspInit)
    HAL_IncTick                              0x08001569   Thumb Code    12  stm32f1xx_hal.o(i.HAL_IncTick)
    HAL_Init                                 0x08001579   Thumb Code    22  stm32f1xx_hal.o(i.HAL_Init)
    HAL_InitTick                             0x0800158f   Thumb Code    36  stm32f1xx_hal.o(i.HAL_InitTick)
    HAL_MspInit                              0x080015b5   Thumb Code   130  stm32f1xx_hal_msp.o(i.HAL_MspInit)
    HAL_NVIC_EnableIRQ                       0x08001641   Thumb Code    26  stm32f1xx_hal_cortex.o(i.HAL_NVIC_EnableIRQ)
    HAL_NVIC_SetPriority                     0x0800165b   Thumb Code   124  stm32f1xx_hal_cortex.o(i.HAL_NVIC_SetPriority)
    HAL_NVIC_SetPriorityGrouping             0x080016d9   Thumb Code    32  stm32f1xx_hal_cortex.o(i.HAL_NVIC_SetPriorityGrouping)
    HAL_RCCEx_PeriphCLKConfig                0x08001701   Thumb Code   338  stm32f1xx_hal_rcc_ex.o(i.HAL_RCCEx_PeriphCLKConfig)
    HAL_RCC_ClockConfig                      0x08001861   Thumb Code   564  stm32f1xx_hal_rcc.o(i.HAL_RCC_ClockConfig)
    HAL_RCC_GetHCLKFreq                      0x08001aa1   Thumb Code     6  stm32f1xx_hal_rcc.o(i.HAL_RCC_GetHCLKFreq)
    HAL_RCC_GetPCLK1Freq                     0x08001aad   Thumb Code    36  stm32f1xx_hal_rcc.o(i.HAL_RCC_GetPCLK1Freq)
    HAL_RCC_GetPCLK2Freq                     0x08001ad9   Thumb Code    36  stm32f1xx_hal_rcc.o(i.HAL_RCC_GetPCLK2Freq)
    HAL_RCC_GetSysClockFreq                  0x08001b05   Thumb Code   162  stm32f1xx_hal_rcc.o(i.HAL_RCC_GetSysClockFreq)
    HAL_RCC_OscConfig                        0x08001bd5   Thumb Code  2164  stm32f1xx_hal_rcc.o(i.HAL_RCC_OscConfig)
    HAL_SYSTICK_CLKSourceConfig              0x0800244d   Thumb Code    40  stm32f1xx_hal_cortex.o(i.HAL_SYSTICK_CLKSourceConfig)
    HAL_SYSTICK_Config                       0x08002475   Thumb Code    52  stm32f1xx_hal_cortex.o(i.HAL_SYSTICK_Config)
    HAL_TIMEx_BreakCallback                  0x080024a9   Thumb Code     2  stm32f1xx_hal_tim_ex.o(i.HAL_TIMEx_BreakCallback)
    HAL_TIMEx_CommutationCallback            0x080024ab   Thumb Code     2  stm32f1xx_hal_tim_ex.o(i.HAL_TIMEx_CommutationCallback)
    HAL_TIMEx_MasterConfigSynchronization    0x080024ad   Thumb Code    98  stm32f1xx_hal_tim_ex.o(i.HAL_TIMEx_MasterConfigSynchronization)
    HAL_TIM_Base_Init                        0x0800250f   Thumb Code    52  stm32f1xx_hal_tim.o(i.HAL_TIM_Base_Init)
    HAL_TIM_Base_MspInit                     0x08002545   Thumb Code    58  stm32f1xx_hal_msp.o(i.HAL_TIM_Base_MspInit)
    HAL_TIM_Base_Start_IT                    0x08002589   Thumb Code    30  stm32f1xx_hal_tim.o(i.HAL_TIM_Base_Start_IT)
    HAL_TIM_Base_Stop                        0x080025a7   Thumb Code    56  stm32f1xx_hal_tim.o(i.HAL_TIM_Base_Stop)
    HAL_TIM_Base_Stop_IT                     0x080025df   Thumb Code    56  stm32f1xx_hal_tim.o(i.HAL_TIM_Base_Stop_IT)
    HAL_TIM_ConfigClockSource                0x08002617   Thumb Code   306  stm32f1xx_hal_tim.o(i.HAL_TIM_ConfigClockSource)
    HAL_TIM_IC_CaptureCallback               0x08002749   Thumb Code     2  stm32f1xx_hal_tim.o(i.HAL_TIM_IC_CaptureCallback)
    HAL_TIM_IRQHandler                       0x0800274b   Thumb Code   406  stm32f1xx_hal_tim.o(i.HAL_TIM_IRQHandler)
    HAL_TIM_OC_DelayElapsedCallback          0x080028e1   Thumb Code     2  stm32f1xx_hal_tim.o(i.HAL_TIM_OC_DelayElapsedCallback)
    HAL_TIM_PWM_PulseFinishedCallback        0x080028e3   Thumb Code     2  stm32f1xx_hal_tim.o(i.HAL_TIM_PWM_PulseFinishedCallback)
    HAL_TIM_PeriodElapsedCallback            0x080028e5   Thumb Code    22  porttimer.o(i.HAL_TIM_PeriodElapsedCallback)
    HAL_TIM_TriggerCallback                  0x08002901   Thumb Code     2  stm32f1xx_hal_tim.o(i.HAL_TIM_TriggerCallback)
    HAL_UART_ErrorCallback                   0x08002903   Thumb Code     2  stm32f1xx_hal_uart.o(i.HAL_UART_ErrorCallback)
    HAL_UART_IRQHandler                      0x08002905   Thumb Code   218  stm32f1xx_hal_uart.o(i.HAL_UART_IRQHandler)
    HAL_UART_Init                            0x080029df   Thumb Code   110  stm32f1xx_hal_uart.o(i.HAL_UART_Init)
    HAL_UART_MspInit                         0x08002a4d   Thumb Code   102  stm32f1xx_hal_msp.o(i.HAL_UART_MspInit)
    HAL_UART_RxCpltCallback                  0x08002ac1   Thumb Code     2  stm32f1xx_hal_uart.o(i.HAL_UART_RxCpltCallback)
    HAL_UART_TxCpltCallback                  0x08002ac3   Thumb Code     2  stm32f1xx_hal_uart.o(i.HAL_UART_TxCpltCallback)
    HardFault_Handler                        0x08002ac5   Thumb Code     4  stm32f1xx_it.o(i.HardFault_Handler)
    MemManage_Handler                        0x08003111   Thumb Code     4  stm32f1xx_it.o(i.MemManage_Handler)
    Modbus_Init                              0x08003115   Thumb Code    48  mbinit.o(i.Modbus_Init)
    NMI_Handler                              0x08003161   Thumb Code     2  stm32f1xx_it.o(i.NMI_Handler)
    StartDefaultTask                         0x0800319d   Thumb Code    14  main.o(i.StartDefaultTask)
    SysTick_Handler                          0x080031ab   Thumb Code    12  stm32f1xx_it.o(i.SysTick_Handler)
    SystemClock_Config                       0x080031b7   Thumb Code   128  main.o(i.SystemClock_Config)
    SystemInit                               0x08003239   Thumb Code    74  system_stm32f1xx.o(i.SystemInit)
    TIM4_IRQHandler                          0x08003295   Thumb Code    10  stm32f1xx_it.o(i.TIM4_IRQHandler)
    TIM_Base_SetConfig                       0x080032a5   Thumb Code   130  stm32f1xx_hal_tim.o(i.TIM_Base_SetConfig)
    UART_IRQ_Handler                         0x080033f5   Thumb Code    84  portserial.o(i.UART_IRQ_Handler)
    USART1_IRQHandler                        0x08003749   Thumb Code    22  stm32f1xx_it.o(i.USART1_IRQHandler)
    UsageFault_Handler                       0x08003769   Thumb Code     4  stm32f1xx_it.o(i.UsageFault_Handler)
    __scatterload_copy                       0x0800376d   Thumb Code    14  handlers.o(i.__scatterload_copy)
    __scatterload_null                       0x0800377b   Thumb Code     2  handlers.o(i.__scatterload_null)
    __scatterload_zeroinit                   0x0800377d   Thumb Code    14  handlers.o(i.__scatterload_zeroinit)
    eMBEnable                                0x0800378d   Thumb Code    32  mb.o(i.eMBEnable)
    eMBFuncReadCoils                         0x080037b5   Thumb Code   174  mbfunccoils.o(i.eMBFuncReadCoils)
    eMBFuncReadDiscreteInputs                0x08003863   Thumb Code   172  mbfuncdisc.o(i.eMBFuncReadDiscreteInputs)
    eMBFuncReadHoldingRegister               0x0800390f   Thumb Code   140  mbfuncholding.o(i.eMBFuncReadHoldingRegister)
    eMBFuncReadInputRegister                 0x0800399b   Thumb Code   140  mbfuncinput.o(i.eMBFuncReadInputRegister)
    eMBFuncReadWriteMultipleHoldingRegister  0x08003a27   Thumb Code   212  mbfuncholding.o(i.eMBFuncReadWriteMultipleHoldingRegister)
    eMBFuncReportSlaveID                     0x08003afd   Thumb Code    30  mbfuncother.o(i.eMBFuncReportSlaveID)
    eMBFuncWriteCoil                         0x08003b25   Thumb Code   112  mbfunccoils.o(i.eMBFuncWriteCoil)
    eMBFuncWriteHoldingRegister              0x08003b95   Thumb Code    66  mbfuncholding.o(i.eMBFuncWriteHoldingRegister)
    eMBFuncWriteMultipleCoils                0x08003bd7   Thumb Code   144  mbfunccoils.o(i.eMBFuncWriteMultipleCoils)
    eMBFuncWriteMultipleHoldingRegister      0x08003c67   Thumb Code   110  mbfuncholding.o(i.eMBFuncWriteMultipleHoldingRegister)
    eMBInit                                  0x08003cd5   Thumb Code   150  mb.o(i.eMBInit)
    eMBPoll                                  0x08003db5   Thumb Code   268  mb.o(i.eMBPoll)
    eMBRTUInit                               0x08003eed   Thumb Code    84  mbrtu.o(i.eMBRTUInit)
    eMBRTUReceive                            0x08003f45   Thumb Code    78  mbrtu.o(i.eMBRTUReceive)
    eMBRTUSend                               0x08003f9d   Thumb Code   124  mbrtu.o(i.eMBRTUSend)
    eMBRTUStart                              0x0800402d   Thumb Code    30  mbrtu.o(i.eMBRTUStart)
    eMBRTUStop                               0x08004051   Thumb Code    24  mbrtu.o(i.eMBRTUStop)
    eMBRegCoilsCB                            0x08004069   Thumb Code     8  mbport.o(i.eMBRegCoilsCB)
    eMBRegDiscreteCB                         0x08004071   Thumb Code     6  mbport.o(i.eMBRegDiscreteCB)
    eMBRegHoldingCB                          0x08004079   Thumb Code   508  mbport.o(i.eMBRegHoldingCB)
    eMBRegInputCB                            0x0800428d   Thumb Code    92  mbport.o(i.eMBRegInputCB)
    main                                     0x080042f5   Thumb Code    76  main.o(i.main)
    osDelay                                  0x08004357   Thumb Code    24  cmsis_os.o(i.osDelay)
    osKernelStart                            0x0800436f   Thumb Code    10  cmsis_os.o(i.osKernelStart)
    osSystickHandler                         0x08004379   Thumb Code    16  cmsis_os.o(i.osSystickHandler)
    osThreadCreate                           0x08004389   Thumb Code    58  cmsis_os.o(i.osThreadCreate)
    prveMBError2Exception                    0x08004653   Thumb Code    34  mbutils.o(i.prveMBError2Exception)
    pvPortMalloc                             0x0800469d   Thumb Code    98  heap_1.o(i.pvPortMalloc)
    pvTaskIncrementMutexHeldCount            0x0800470d   Thumb Code    26  tasks.o(i.pvTaskIncrementMutexHeldCount)
    pxPortInitialiseStack                    0x0800472d   Thumb Code    26  port.o(i.pxPortInitialiseStack)
    usMBCRC16                                0x0800474d   Thumb Code    48  mbcrc.o(i.usMBCRC16)
    uxListRemove                             0x08004785   Thumb Code    40  list.o(i.uxListRemove)
    vListInitialise                          0x080047ad   Thumb Code    26  list.o(i.vListInitialise)
    vListInitialiseItem                      0x080047c7   Thumb Code     6  list.o(i.vListInitialiseItem)
    vListInsert                              0x080047cd   Thumb Code    52  list.o(i.vListInsert)
    vListInsertEnd                           0x08004801   Thumb Code    24  list.o(i.vListInsertEnd)
    vMBPortSerialEnable                      0x08004819   Thumb Code    78  portserial.o(i.vMBPortSerialEnable)
    vMBPortTimersDisable                     0x0800486d   Thumb Code    26  porttimer.o(i.vMBPortTimersDisable)
    vMBPortTimersEnable                      0x0800488d   Thumb Code    18  porttimer.o(i.vMBPortTimersEnable)
    vPortEnterCritical                       0x080048a5   Thumb Code    58  port.o(i.vPortEnterCritical)
    vPortExitCritical                        0x080048e9   Thumb Code    40  port.o(i.vPortExitCritical)
    vPortFree                                0x08004915   Thumb Code    24  heap_1.o(i.vPortFree)
    vPortSetupTimerInterrupt                 0x0800492d   Thumb Code    26  port.o(i.vPortSetupTimerInterrupt)
    vPortValidateInterruptPriority           0x0800494d   Thumb Code    78  port.o(i.vPortValidateInterruptPriority)
    vPortYield                               0x080049a9   Thumb Code    18  port.o(i.vPortYield)
    vTaskDelay                               0x080049c1   Thumb Code    94  tasks.o(i.vTaskDelay)
    vTaskMissedYield                         0x08004a31   Thumb Code     8  tasks.o(i.vTaskMissedYield)
    vTaskPlaceOnEventList                    0x08004a3d   Thumb Code    94  tasks.o(i.vTaskPlaceOnEventList)
    vTaskPriorityInherit                     0x08004aad   Thumb Code   164  tasks.o(i.vTaskPriorityInherit)
    vTaskSetTimeOutState                     0x08004b5d   Thumb Code    28  tasks.o(i.vTaskSetTimeOutState)
    vTaskStartScheduler                      0x08004b81   Thumb Code    70  tasks.o(i.vTaskStartScheduler)
    vTaskSuspendAll                          0x08004be1   Thumb Code    12  tasks.o(i.vTaskSuspendAll)
    vTaskSwitchContext                       0x08004bf1   Thumb Code   106  tasks.o(i.vTaskSwitchContext)
    xMBPortEventGet                          0x08004c71   Thumb Code    26  portevent.o(i.xMBPortEventGet)
    xMBPortEventInit                         0x08004c95   Thumb Code    10  portevent.o(i.xMBPortEventInit)
    xMBPortEventPost                         0x08004ca5   Thumb Code    16  portevent.o(i.xMBPortEventPost)
    xMBPortSerialGetByte                     0x08004cbd   Thumb Code    14  portserial.o(i.xMBPortSerialGetByte)
    xMBPortSerialInit                        0x08004cd1   Thumb Code    50  portserial.o(i.xMBPortSerialInit)
    xMBPortSerialPutByte                     0x08004d0d   Thumb Code    12  portserial.o(i.xMBPortSerialPutByte)
    xMBPortTimersInit                        0x08004d1d   Thumb Code    82  porttimer.o(i.xMBPortTimersInit)
    xMBRTUReceiveFSM                         0x08004d79   Thumb Code   122  mbrtu.o(i.xMBRTUReceiveFSM)
    xMBRTUTimerT35Expired                    0x08004e01   Thumb Code    58  mbrtu.o(i.xMBRTUTimerT35Expired)
    xMBRTUTransmitFSM                        0x08004e41   Thumb Code    94  mbrtu.o(i.xMBRTUTransmitFSM)
    xPortStartScheduler                      0x08004ead   Thumb Code   140  port.o(i.xPortStartScheduler)
    xPortSysTickHandler                      0x08004f4d   Thumb Code    28  port.o(i.xPortSysTickHandler)
    xQueueGenericCreate                      0x08004f6d   Thumb Code   106  queue.o(i.xQueueGenericCreate)
    xQueueGenericReceive                     0x08004fd7   Thumb Code   346  queue.o(i.xQueueGenericReceive)
    xQueueGenericReset                       0x08005131   Thumb Code   120  queue.o(i.xQueueGenericReset)
    xQueueGiveFromISR                        0x080051a9   Thumb Code   148  queue.o(i.xQueueGiveFromISR)
    xTaskCheckForTimeOut                     0x0800523d   Thumb Code   108  tasks.o(i.xTaskCheckForTimeOut)
    xTaskGenericCreate                       0x080052b1   Thumb Code   288  tasks.o(i.xTaskGenericCreate)
    xTaskGetSchedulerState                   0x080053e9   Thumb Code    24  tasks.o(i.xTaskGetSchedulerState)
    xTaskIncrementTick                       0x08005409   Thumb Code   272  tasks.o(i.xTaskIncrementTick)
    xTaskRemoveFromEventList                 0x08005545   Thumb Code   114  tasks.o(i.xTaskRemoveFromEventList)
    xTaskResumeAll                           0x080055d1   Thumb Code   200  tasks.o(i.xTaskResumeAll)
    AHBPrescTable                            0x080058cc   Data          16  system_stm32f1xx.o(.constdata)
    APBPrescTable                            0x080058dc   Data           8  system_stm32f1xx.o(.constdata)
    Region$$Table$$Base                      0x080058f0   Number         0  anon$$obj.o(Region$$Table)
    Region$$Table$$Limit                     0x08005910   Number         0  anon$$obj.o(Region$$Table)
    defaultTaskHandle                        0x20000000   Data           4  main.o(.data)
    xADCSemaphore                            0x20000004   Data           4  adc.o(.data)
    digPotValue                              0x2000000c   Data           4  dig_pot.o(.data)
    pxMBFrameCBByteReceived                  0x2000003c   Data           4  mb.o(.data)
    pxMBFrameCBTransmitterEmpty              0x20000040   Data           4  mb.o(.data)
    pxMBPortCBTimerExpired                   0x20000044   Data           4  mb.o(.data)
    pxMBFrameCBReceiveFSMCur                 0x20000048   Data           4  mb.o(.data)
    pxMBFrameCBTransmitFSMCur                0x2000004c   Data           4  mb.o(.data)
    SystemCoreClock                          0x200000e0   Data           4  system_stm32f1xx.o(.data)
    pxCurrentTCB                             0x200000ec   Data           4  tasks.o(.data)
    hadc1                                    0x2000012c   Data          48  main.o(.bss)
    hdma_adc1                                0x2000015c   Data          56  main.o(.bss)
    hi2c2                                    0x20000194   Data          60  main.o(.bss)
    htim4                                    0x200001d0   Data          60  main.o(.bss)
    huart1                                   0x2000020c   Data          64  main.o(.bss)
    ADC_voltage                              0x2000024c   Data          32  adc.o(.bss)
    ADC_value                                0x2000026c   Data          16  adc.o(.bss)
    ucRTUBuf                                 0x2000027c   Data         256  mbrtu.o(.bss)
    usRegInputBuf                            0x2000039c   Data          32  mbport.o(.bss)
    usRegHoldingBuf                          0x200003bc   Data          32  mbport.o(.bss)
    __initial_sp                             0x200018b8   Data           0  startup_stm32f100xb.o(STACK)



==============================================================================

Memory Map of the image

  Image Entry point : 0x08000121

  Load Region LR_IROM1 (Base: 0x08000000, Size: 0x00005a3c, Max: 0x00020000, ABSOLUTE, COMPRESSED[0x00005960])

    Execution Region ER_IROM1 (Base: 0x08000000, Size: 0x00005910, Max: 0x00020000, ABSOLUTE)

    Base Addr    Size         Type   Attr      Idx    E Section Name        Object

    0x08000000   0x00000120   Data   RO         1118    RESET               startup_stm32f100xb.o
    0x08000120   0x00000000   Code   RO         4805  * .ARM.Collect$$$$00000000  mc_w.l(entry.o)
    0x08000120   0x00000004   Code   RO         4818    .ARM.Collect$$$$00000001  mc_w.l(entry2.o)
    0x08000124   0x00000004   Code   RO         4821    .ARM.Collect$$$$00000004  mc_w.l(entry5.o)
    0x08000128   0x00000000   Code   RO         4823    .ARM.Collect$$$$00000008  mc_w.l(entry7b.o)
    0x08000128   0x00000000   Code   RO         4825    .ARM.Collect$$$$0000000A  mc_w.l(entry8b.o)
    0x08000128   0x00000008   Code   RO         4826    .ARM.Collect$$$$0000000B  mc_w.l(entry9a.o)
    0x08000130   0x00000000   Code   RO         4828    .ARM.Collect$$$$0000000D  mc_w.l(entry10a.o)
    0x08000130   0x00000000   Code   RO         4830    .ARM.Collect$$$$0000000F  mc_w.l(entry11a.o)
    0x08000130   0x00000004   Code   RO         4819    .ARM.Collect$$$$00002712  mc_w.l(entry2.o)
    0x08000134   0x000000a2   Code   RO         4544    .emb_text           port.o
    0x080001d6   0x00000002   PAD
    0x080001d8   0x00000024   Code   RO         1119    .text               startup_stm32f100xb.o
    0x080001fc   0x00000024   Code   RO         4810    .text               mc_w.l(memcpya.o)
    0x08000220   0x00000024   Code   RO         4812    .text               mc_w.l(memseta.o)
    0x08000244   0x0000000a   Code   RO         4816    .text               mf_w.l(ffltui.o)
    0x0800024e   0x00000000   Code   RO         4832    .text               mc_w.l(iusefp.o)
    0x0800024e   0x0000006e   Code   RO         4833    .text               mf_w.l(fepilogue.o)
    0x080002bc   0x00000024   Code   RO         4835    .text               mc_w.l(init.o)
    0x080002e0   0x00000056   Code   RO         4845    .text               mc_w.l(__dczerorl2.o)
    0x08000336   0x00000002   PAD
    0x08000338   0x0000001c   Code   RO          453    i.ADC_ConvComplete  adc.o
    0x08000354   0x00000052   Code   RO         3221    i.ADC_ConversionStop_Disable  stm32f1xx_hal_adc.o
    0x080003a6   0x00000052   Code   RO         3222    i.ADC_DMAConvCplt   stm32f1xx_hal_adc.o
    0x080003f8   0x0000001e   Code   RO         3223    i.ADC_DMAError      stm32f1xx_hal_adc.o
    0x08000416   0x0000000e   Code   RO         3224    i.ADC_DMAHalfConvCplt  stm32f1xx_hal_adc.o
    0x08000424   0x00000084   Code   RO         3225    i.ADC_Enable        stm32f1xx_hal_adc.o
    0x080004a8   0x00000040   Code   RO          454    i.ADC_Init          adc.o
    0x080004e8   0x00000060   Code   RO          455    i.ADC_Task          adc.o
    0x08000548   0x00000010   Code   RO          456    i.ADC_toVoltage     adc.o
    0x08000558   0x00000004   Code   RO          232    i.BusFault_Handler  stm32f1xx_it.o
    0x0800055c   0x00000088   Code   RO          233    i.DMA1_Channel1_IRQHandler  stm32f1xx_it.o
    0x080005e4   0x00000020   Code   RO         2830    i.DMA_SetConfig     stm32f1xx_hal_dma.o
    0x08000604   0x00000002   Code   RO          234    i.DebugMon_Handler  stm32f1xx_it.o
    0x08000606   0x00000002   PAD
    0x08000608   0x0000002c   Code   RO          498    i.DigPot_Init       dig_pot.o
    0x08000634   0x00000048   Code   RO          499    i.DigPot_SetValue   dig_pot.o
    0x0800067c   0x00000004   Code   RO          848    i.ENTER_CRITICAL_SECTION  mbport.o
    0x08000680   0x00000004   Code   RO          849    i.EXIT_CRITICAL_SECTION  mbport.o
    0x08000684   0x00000004   Code   RO            4    i.Error_Handler     main.o
    0x08000688   0x000001c4   Code   RO         3227    i.HAL_ADC_ConfigChannel  stm32f1xx_hal_adc.o
    0x0800084c   0x00000002   Code   RO         3228    i.HAL_ADC_ConvCpltCallback  stm32f1xx_hal_adc.o
    0x0800084e   0x00000002   Code   RO         3229    i.HAL_ADC_ConvHalfCpltCallback  stm32f1xx_hal_adc.o
    0x08000850   0x00000002   Code   RO         3231    i.HAL_ADC_ErrorCallback  stm32f1xx_hal_adc.o
    0x08000852   0x00000002   PAD
    0x08000854   0x00000164   Code   RO         3236    i.HAL_ADC_Init      stm32f1xx_hal_adc.o
    0x080009b8   0x00000088   Code   RO          319    i.HAL_ADC_MspInit   stm32f1xx_hal_msp.o
    0x08000a40   0x000000b4   Code   RO         3242    i.HAL_ADC_Start     stm32f1xx_hal_adc.o
    0x08000af4   0x000000f8   Code   RO         3243    i.HAL_ADC_Start_DMA  stm32f1xx_hal_adc.o
    0x08000bec   0x00000310   Code   RO         2835    i.HAL_DMA_IRQHandler  stm32f1xx_hal_dma.o
    0x08000efc   0x00000054   Code   RO         2836    i.HAL_DMA_Init      stm32f1xx_hal_dma.o
    0x08000f50   0x00000076   Code   RO         2839    i.HAL_DMA_Start_IT  stm32f1xx_hal_dma.o
    0x08000fc6   0x0000001a   Code   RO         1416    i.HAL_Delay         stm32f1xx_hal.o
    0x08000fe0   0x0000031c   Code   RO         2187    i.HAL_GPIO_Init     stm32f1xx_hal_gpio.o
    0x080012fc   0x00000010   Code   RO         2189    i.HAL_GPIO_ReadPin  stm32f1xx_hal_gpio.o
    0x0800130c   0x0000000c   Code   RO         2191    i.HAL_GPIO_WritePin  stm32f1xx_hal_gpio.o
    0x08001318   0x0000000c   Code   RO         1420    i.HAL_GetTick       stm32f1xx_hal.o
    0x08001324   0x000000b4   Code   RO         3407    i.HAL_I2C_Init      stm32f1xx_hal_i2c.o
    0x080013d8   0x00000140   Code   RO         3414    i.HAL_I2C_Master_Transmit  stm32f1xx_hal_i2c.o
    0x08001518   0x00000050   Code   RO          321    i.HAL_I2C_MspInit   stm32f1xx_hal_msp.o
    0x08001568   0x00000010   Code   RO         1421    i.HAL_IncTick       stm32f1xx_hal.o
    0x08001578   0x00000016   Code   RO         1422    i.HAL_Init          stm32f1xx_hal.o
    0x0800158e   0x00000024   Code   RO         1423    i.HAL_InitTick      stm32f1xx_hal.o
    0x080015b2   0x00000002   PAD
    0x080015b4   0x0000008c   Code   RO          322    i.HAL_MspInit       stm32f1xx_hal_msp.o
    0x08001640   0x0000001a   Code   RO         1128    i.HAL_NVIC_EnableIRQ  stm32f1xx_hal_cortex.o
    0x0800165a   0x0000007c   Code   RO         1134    i.HAL_NVIC_SetPriority  stm32f1xx_hal_cortex.o
    0x080016d6   0x00000002   PAD
    0x080016d8   0x00000028   Code   RO         1135    i.HAL_NVIC_SetPriorityGrouping  stm32f1xx_hal_cortex.o
    0x08001700   0x00000160   Code   RO         2796    i.HAL_RCCEx_PeriphCLKConfig  stm32f1xx_hal_rcc_ex.o
    0x08001860   0x00000240   Code   RO         2587    i.HAL_RCC_ClockConfig  stm32f1xx_hal_rcc.o
    0x08001aa0   0x0000000c   Code   RO         2592    i.HAL_RCC_GetHCLKFreq  stm32f1xx_hal_rcc.o
    0x08001aac   0x0000002c   Code   RO         2594    i.HAL_RCC_GetPCLK1Freq  stm32f1xx_hal_rcc.o
    0x08001ad8   0x0000002c   Code   RO         2595    i.HAL_RCC_GetPCLK2Freq  stm32f1xx_hal_rcc.o
    0x08001b04   0x000000d0   Code   RO         2596    i.HAL_RCC_GetSysClockFreq  stm32f1xx_hal_rcc.o
    0x08001bd4   0x00000878   Code   RO         2599    i.HAL_RCC_OscConfig  stm32f1xx_hal_rcc.o
    0x0800244c   0x00000028   Code   RO         1137    i.HAL_SYSTICK_CLKSourceConfig  stm32f1xx_hal_cortex.o
    0x08002474   0x00000034   Code   RO         1139    i.HAL_SYSTICK_Config  stm32f1xx_hal_cortex.o
    0x080024a8   0x00000002   Code   RO         2353    i.HAL_TIMEx_BreakCallback  stm32f1xx_hal_tim_ex.o
    0x080024aa   0x00000002   Code   RO         2354    i.HAL_TIMEx_CommutationCallback  stm32f1xx_hal_tim_ex.o
    0x080024ac   0x00000062   Code   RO         2370    i.HAL_TIMEx_MasterConfigSynchronization  stm32f1xx_hal_tim_ex.o
    0x0800250e   0x00000034   Code   RO         1545    i.HAL_TIM_Base_Init  stm32f1xx_hal_tim.o
    0x08002542   0x00000002   PAD
    0x08002544   0x00000044   Code   RO          324    i.HAL_TIM_Base_MspInit  stm32f1xx_hal_msp.o
    0x08002588   0x0000001e   Code   RO         1550    i.HAL_TIM_Base_Start_IT  stm32f1xx_hal_tim.o
    0x080025a6   0x00000038   Code   RO         1551    i.HAL_TIM_Base_Stop  stm32f1xx_hal_tim.o
    0x080025de   0x00000038   Code   RO         1553    i.HAL_TIM_Base_Stop_IT  stm32f1xx_hal_tim.o
    0x08002616   0x00000132   Code   RO         1554    i.HAL_TIM_ConfigClockSource  stm32f1xx_hal_tim.o
    0x08002748   0x00000002   Code   RO         1574    i.HAL_TIM_IC_CaptureCallback  stm32f1xx_hal_tim.o
    0x0800274a   0x00000196   Code   RO         1587    i.HAL_TIM_IRQHandler  stm32f1xx_hal_tim.o
    0x080028e0   0x00000002   Code   RO         1590    i.HAL_TIM_OC_DelayElapsedCallback  stm32f1xx_hal_tim.o
    0x080028e2   0x00000002   Code   RO         1617    i.HAL_TIM_PWM_PulseFinishedCallback  stm32f1xx_hal_tim.o
    0x080028e4   0x0000001c   Code   RO          996    i.HAL_TIM_PeriodElapsedCallback  porttimer.o
    0x08002900   0x00000002   Code   RO         1628    i.HAL_TIM_TriggerCallback  stm32f1xx_hal_tim.o
    0x08002902   0x00000002   Code   RO         2991    i.HAL_UART_ErrorCallback  stm32f1xx_hal_uart.o
    0x08002904   0x000000da   Code   RO         2994    i.HAL_UART_IRQHandler  stm32f1xx_hal_uart.o
    0x080029de   0x0000006e   Code   RO         2995    i.HAL_UART_Init     stm32f1xx_hal_uart.o
    0x08002a4c   0x00000074   Code   RO          326    i.HAL_UART_MspInit  stm32f1xx_hal_msp.o
    0x08002ac0   0x00000002   Code   RO         3001    i.HAL_UART_RxCpltCallback  stm32f1xx_hal_uart.o
    0x08002ac2   0x00000002   Code   RO         3006    i.HAL_UART_TxCpltCallback  stm32f1xx_hal_uart.o
    0x08002ac4   0x00000004   Code   RO          235    i.HardFault_Handler  stm32f1xx_it.o
    0x08002ac8   0x00000064   Code   RO         3435    i.I2C_Configure_Speed  stm32f1xx_hal_i2c.o
    0x08002b2c   0x00000034   Code   RO         3443    i.I2C_IsAcknowledgeFailed  stm32f1xx_hal_i2c.o
    0x08002b60   0x0000008c   Code   RO         3447    i.I2C_MasterRequestWrite  stm32f1xx_hal_i2c.o
    0x08002bec   0x00000056   Code   RO         3459    i.I2C_WaitOnBTFFlagUntilTimeout  stm32f1xx_hal_i2c.o
    0x08002c42   0x000000de   Code   RO         3460    i.I2C_WaitOnFlagUntilTimeout  stm32f1xx_hal_i2c.o
    0x08002d20   0x000000ae   Code   RO         3461    i.I2C_WaitOnMasterAddressFlagUntilTimeout  stm32f1xx_hal_i2c.o
    0x08002dce   0x00000056   Code   RO         3464    i.I2C_WaitOnTXEFlagUntilTimeout  stm32f1xx_hal_i2c.o
    0x08002e24   0x000000f0   Code   RO            5    i.MX_ADC1_Init      main.o
    0x08002f14   0x00000034   Code   RO            6    i.MX_DMA_Init       main.o
    0x08002f48   0x000000f8   Code   RO            7    i.MX_GPIO_Init      main.o
    0x08003040   0x0000003c   Code   RO            8    i.MX_I2C2_Init      main.o
    0x0800307c   0x0000005c   Code   RO            9    i.MX_TIM4_Init      main.o
    0x080030d8   0x00000038   Code   RO           10    i.MX_USART1_UART_Init  main.o
    0x08003110   0x00000004   Code   RO          236    i.MemManage_Handler  stm32f1xx_it.o
    0x08003114   0x00000040   Code   RO          407    i.Modbus_Init       mbinit.o
    0x08003154   0x0000000c   Code   RO          408    i.Modbus_Task       mbinit.o
    0x08003160   0x00000002   Code   RO          237    i.NMI_Handler       stm32f1xx_it.o
    0x08003162   0x00000002   PAD
    0x08003164   0x00000010   Code   RO         1141    i.NVIC_GetPriorityGrouping  stm32f1xx_hal_cortex.o
    0x08003174   0x00000028   Code   RO         1142    i.NVIC_SetPriority  stm32f1xx_hal_cortex.o
    0x0800319c   0x0000000e   Code   RO           11    i.StartDefaultTask  main.o
    0x080031aa   0x0000000c   Code   RO          238    i.SysTick_Handler   stm32f1xx_it.o
    0x080031b6   0x00000080   Code   RO           12    i.SystemClock_Config  main.o
    0x08003236   0x00000002   PAD
    0x08003238   0x0000005c   Code   RO         3774    i.SystemInit        system_stm32f1xx.o
    0x08003294   0x00000010   Code   RO          239    i.TIM4_IRQHandler   stm32f1xx_it.o
    0x080032a4   0x0000009c   Code   RO         1629    i.TIM_Base_SetConfig  stm32f1xx_hal_tim.o
    0x08003340   0x00000018   Code   RO         1636    i.TIM_ETR_SetConfig  stm32f1xx_hal_tim.o
    0x08003358   0x00000014   Code   RO         1637    i.TIM_ITRx_SetConfig  stm32f1xx_hal_tim.o
    0x0800336c   0x0000002a   Code   RO         1643    i.TIM_TI1_ConfigInputStage  stm32f1xx_hal_tim.o
    0x08003396   0x0000002c   Code   RO         1645    i.TIM_TI2_ConfigInputStage  stm32f1xx_hal_tim.o
    0x080033c2   0x00000030   Code   RO         3013    i.UART_EndTransmit_IT  stm32f1xx_hal_uart.o
    0x080033f2   0x00000002   PAD
    0x080033f4   0x00000060   Code   RO          948    i.UART_IRQ_Handler  portserial.o
    0x08003454   0x000000bc   Code   RO         3014    i.UART_Receive_IT   stm32f1xx_hal_uart.o
    0x08003510   0x000001c8   Code   RO         3015    i.UART_SetConfig    stm32f1xx_hal_uart.o
    0x080036d8   0x00000070   Code   RO         3016    i.UART_Transmit_IT  stm32f1xx_hal_uart.o
    0x08003748   0x00000020   Code   RO          240    i.USART1_IRQHandler  stm32f1xx_it.o
    0x08003768   0x00000004   Code   RO          241    i.UsageFault_Handler  stm32f1xx_it.o
    0x0800376c   0x0000000e   Code   RO         4839    i.__scatterload_copy  mc_w.l(handlers.o)
    0x0800377a   0x00000002   Code   RO         4840    i.__scatterload_null  mc_w.l(handlers.o)
    0x0800377c   0x0000000e   Code   RO         4841    i.__scatterload_zeroinit  mc_w.l(handlers.o)
    0x0800378a   0x00000002   PAD
    0x0800378c   0x00000028   Code   RO         1046    i.eMBEnable         mb.o
    0x080037b4   0x000000ae   Code   RO          647    i.eMBFuncReadCoils  mbfunccoils.o
    0x08003862   0x000000ac   Code   RO          689    i.eMBFuncReadDiscreteInputs  mbfuncdisc.o
    0x0800390e   0x0000008c   Code   RO          713    i.eMBFuncReadHoldingRegister  mbfuncholding.o
    0x0800399a   0x0000008c   Code   RO          755    i.eMBFuncReadInputRegister  mbfuncinput.o
    0x08003a26   0x000000d4   Code   RO          714    i.eMBFuncReadWriteMultipleHoldingRegister  mbfuncholding.o
    0x08003afa   0x00000002   PAD
    0x08003afc   0x00000028   Code   RO          779    i.eMBFuncReportSlaveID  mbfuncother.o
    0x08003b24   0x00000070   Code   RO          648    i.eMBFuncWriteCoil  mbfunccoils.o
    0x08003b94   0x00000042   Code   RO          715    i.eMBFuncWriteHoldingRegister  mbfuncholding.o
    0x08003bd6   0x00000090   Code   RO          649    i.eMBFuncWriteMultipleCoils  mbfunccoils.o
    0x08003c66   0x0000006e   Code   RO          716    i.eMBFuncWriteMultipleHoldingRegister  mbfuncholding.o
    0x08003cd4   0x000000e0   Code   RO         1047    i.eMBInit           mb.o
    0x08003db4   0x00000138   Code   RO         1048    i.eMBPoll           mb.o
    0x08003eec   0x00000058   Code   RO          558    i.eMBRTUInit        mbrtu.o
    0x08003f44   0x00000058   Code   RO          559    i.eMBRTUReceive     mbrtu.o
    0x08003f9c   0x00000090   Code   RO          560    i.eMBRTUSend        mbrtu.o
    0x0800402c   0x00000024   Code   RO          561    i.eMBRTUStart       mbrtu.o
    0x08004050   0x00000018   Code   RO          562    i.eMBRTUStop        mbrtu.o
    0x08004068   0x00000008   Code   RO          850    i.eMBRegCoilsCB     mbport.o
    0x08004070   0x00000006   Code   RO          851    i.eMBRegDiscreteCB  mbport.o
    0x08004076   0x00000002   PAD
    0x08004078   0x00000214   Code   RO          852    i.eMBRegHoldingCB   mbport.o
    0x0800428c   0x00000068   Code   RO          853    i.eMBRegInputCB     mbport.o
    0x080042f4   0x00000054   Code   RO           13    i.main              main.o
    0x08004348   0x0000000e   Code   RO         3810    i.makeFreeRtosPriority  cmsis_os.o
    0x08004356   0x00000018   Code   RO         3811    i.osDelay           cmsis_os.o
    0x0800436e   0x0000000a   Code   RO         3814    i.osKernelStart     cmsis_os.o
    0x08004378   0x00000010   Code   RO         3843    i.osSystickHandler  cmsis_os.o
    0x08004388   0x0000003a   Code   RO         3844    i.osThreadCreate    cmsis_os.o
    0x080043c2   0x00000002   PAD
    0x080043c4   0x00000054   Code   RO         4244    i.prvAddCurrentTaskToDelayedList  tasks.o
    0x08004418   0x00000042   Code   RO         4245    i.prvAllocateTCBAndStack  tasks.o
    0x0800445a   0x00000002   Code   RO         4246    i.prvCheckTasksWaitingTermination  tasks.o
    0x0800445c   0x0000002a   Code   RO         4615    i.prvCopyDataFromQueue  queue.o
    0x08004486   0x00000002   PAD
    0x08004488   0x00000018   Code   RO         4247    i.prvIdleTask       tasks.o
    0x080044a0   0x00000062   Code   RO         4248    i.prvInitialiseTCBVariables  tasks.o
    0x08004502   0x00000002   PAD
    0x08004504   0x0000005c   Code   RO         4249    i.prvInitialiseTaskLists  tasks.o
    0x08004560   0x0000001a   Code   RO         4617    i.prvIsQueueEmpty   queue.o
    0x0800457a   0x00000002   PAD
    0x0800457c   0x00000034   Code   RO         4251    i.prvResetNextTaskUnblockTime  tasks.o
    0x080045b0   0x00000024   Code   RO         4545    i.prvTaskExitError  port.o
    0x080045d4   0x0000007e   Code   RO         4619    i.prvUnlockQueue    queue.o
    0x08004652   0x00000022   Code   RO          812    i.prveMBError2Exception  mbutils.o
    0x08004674   0x00000028   Code   RO          997    i.prvvTIMERExpiredISR  porttimer.o
    0x0800469c   0x00000070   Code   RO         4134    i.pvPortMalloc      heap_1.o
    0x0800470c   0x00000020   Code   RO         4254    i.pvTaskIncrementMutexHeldCount  tasks.o
    0x0800472c   0x00000020   Code   RO         4546    i.pxPortInitialiseStack  port.o
    0x0800474c   0x00000038   Code   RO          532    i.usMBCRC16         mbcrc.o
    0x08004784   0x00000028   Code   RO         4769    i.uxListRemove      list.o
    0x080047ac   0x0000001a   Code   RO         4770    i.vListInitialise   list.o
    0x080047c6   0x00000006   Code   RO         4771    i.vListInitialiseItem  list.o
    0x080047cc   0x00000034   Code   RO         4772    i.vListInsert       list.o
    0x08004800   0x00000018   Code   RO         4773    i.vListInsertEnd    list.o
    0x08004818   0x00000054   Code   RO          949    i.vMBPortSerialEnable  portserial.o
    0x0800486c   0x00000020   Code   RO         1028    i.vMBPortTimersDisable  porttimer.o
    0x0800488c   0x00000018   Code   RO         1022    i.vMBPortTimersEnable  porttimer.o
    0x080048a4   0x00000044   Code   RO         4548    i.vPortEnterCritical  port.o
    0x080048e8   0x0000002c   Code   RO         4549    i.vPortExitCritical  port.o
    0x08004914   0x00000018   Code   RO         4135    i.vPortFree         heap_1.o
    0x0800492c   0x00000020   Code   RO         4550    i.vPortSetupTimerInterrupt  port.o
    0x0800494c   0x0000005c   Code   RO         4551    i.vPortValidateInterruptPriority  port.o
    0x080049a8   0x00000018   Code   RO         4552    i.vPortYield        port.o
    0x080049c0   0x00000070   Code   RO         4260    i.vTaskDelay        tasks.o
    0x08004a30   0x0000000c   Code   RO         4262    i.vTaskMissedYield  tasks.o
    0x08004a3c   0x00000070   Code   RO         4264    i.vTaskPlaceOnEventList  tasks.o
    0x08004aac   0x000000b0   Code   RO         4266    i.vTaskPriorityInherit  tasks.o
    0x08004b5c   0x00000024   Code   RO         4270    i.vTaskSetTimeOutState  tasks.o
    0x08004b80   0x00000060   Code   RO         4271    i.vTaskStartScheduler  tasks.o
    0x08004be0   0x00000010   Code   RO         4273    i.vTaskSuspendAll   tasks.o
    0x08004bf0   0x00000080   Code   RO         4274    i.vTaskSwitchContext  tasks.o
    0x08004c70   0x00000024   Code   RO          910    i.xMBPortEventGet   portevent.o
    0x08004c94   0x00000010   Code   RO          911    i.xMBPortEventInit  portevent.o
    0x08004ca4   0x00000018   Code   RO          912    i.xMBPortEventPost  portevent.o
    0x08004cbc   0x00000014   Code   RO          950    i.xMBPortSerialGetByte  portserial.o
    0x08004cd0   0x0000003c   Code   RO          951    i.xMBPortSerialInit  portserial.o
    0x08004d0c   0x00000010   Code   RO          952    i.xMBPortSerialPutByte  portserial.o
    0x08004d1c   0x0000005c   Code   RO          998    i.xMBPortTimersInit  porttimer.o
    0x08004d78   0x00000088   Code   RO          563    i.xMBRTUReceiveFSM  mbrtu.o
    0x08004e00   0x00000040   Code   RO          564    i.xMBRTUTimerT35Expired  mbrtu.o
    0x08004e40   0x0000006c   Code   RO          565    i.xMBRTUTransmitFSM  mbrtu.o
    0x08004eac   0x000000a0   Code   RO         4553    i.xPortStartScheduler  port.o
    0x08004f4c   0x00000020   Code   RO         4554    i.xPortSysTickHandler  port.o
    0x08004f6c   0x0000006a   Code   RO         4630    i.xQueueGenericCreate  queue.o
    0x08004fd6   0x0000015a   Code   RO         4631    i.xQueueGenericReceive  queue.o
    0x08005130   0x00000078   Code   RO         4632    i.xQueueGenericReset  queue.o
    0x080051a8   0x00000094   Code   RO         4635    i.xQueueGiveFromISR  queue.o
    0x0800523c   0x00000074   Code   RO         4275    i.xTaskCheckForTimeOut  tasks.o
    0x080052b0   0x00000138   Code   RO         4276    i.xTaskGenericCreate  tasks.o
    0x080053e8   0x00000020   Code   RO         4280    i.xTaskGetSchedulerState  tasks.o
    0x08005408   0x0000013c   Code   RO         4283    i.xTaskIncrementTick  tasks.o
    0x08005544   0x0000008c   Code   RO         4287    i.xTaskRemoveFromEventList  tasks.o
    0x080055d0   0x000000e8   Code   RO         4289    i.xTaskResumeAll    tasks.o
    0x080056b8   0x00000014   Data   RO           15    .constdata          main.o
    0x080056cc   0x00000200   Data   RO          533    .constdata          mbcrc.o
    0x080058cc   0x00000018   Data   RO         3775    .constdata          system_stm32f1xx.o
    0x080058e4   0x0000000c   Data   RO           16    .conststring        main.o
    0x080058f0   0x00000020   Data   RO         4837    Region$$Table       anon$$obj.o


    Execution Region RW_IRAM1 (Base: 0x20000000, Size: 0x000018b8, Max: 0x00002000, ABSOLUTE, COMPRESSED[0x00000050])

    Base Addr    Size         Type   Attr      Idx    E Section Name        Object

    0x20000000   0x00000004   Data   RW           17    .data               main.o
    0x20000004   0x00000008   Data   RW          458    .data               adc.o
    0x2000000c   0x00000004   Data   RW          500    .data               dig_pot.o
    0x20000010   0x0000000c   Data   RW          567    .data               mbrtu.o
    0x2000001c   0x00000002   Data   RW          782    .data               mbfuncother.o
    0x2000001e   0x00000004   Data   RW          855    .data               mbport.o
    0x20000022   0x00000002   Data   RW          913    .data               portevent.o
    0x20000024   0x000000b5   Data   RW         1050    .data               mb.o
    0x200000d9   0x00000003   PAD
    0x200000dc   0x00000004   Data   RW         1428    .data               stm32f1xx_hal.o
    0x200000e0   0x00000004   Data   RW         3776    .data               system_stm32f1xx.o
    0x200000e4   0x00000008   Data   RW         4139    .data               heap_1.o
    0x200000ec   0x00000034   Data   RW         4292    .data               tasks.o
    0x20000120   0x0000000c   Data   RW         4555    .data               port.o
    0x2000012c   0x00000120   Zero   RW           14    .bss                main.o
    0x2000024c   0x00000030   Zero   RW          457    .bss                adc.o
    0x2000027c   0x00000100   Zero   RW          566    .bss                mbrtu.o
    0x2000037c   0x00000020   Zero   RW          781    .bss                mbfuncother.o
    0x2000039c   0x00000040   Zero   RW          854    .bss                mbport.o
    0x200003dc   0x00001000   Zero   RW         4138    .bss                heap_1.o
    0x200013dc   0x000000dc   Zero   RW         4291    .bss                tasks.o
    0x200014b8   0x00000400   Zero   RW         1116    STACK               startup_stm32f100xb.o


==============================================================================

Image component sizes


      Code (inc. data)   RO Data    RW Data    ZI Data      Debug   Object Name

       204         48          0          8         48       2862   adc.o
       122          0          0          0          0       7754   cmsis_os.o
       116         12          0          4          0       1706   dig_pot.o
       136         14          0          8       4096       2323   heap_1.o
       148          0          0          0          0       3546   list.o
       978         68         32          4        288     355638   main.o
       576        126          0        181          0       6980   mb.o
        56          8        512          0          0       1232   mbcrc.o
       430          0          0          0          0       3774   mbfunccoils.o
       172          0          0          0          0       1592   mbfuncdisc.o
       528          0          0          0          0       5007   mbfuncholding.o
       140          0          0          0          0       1543   mbfuncinput.o
        40         10          0          2         32       1383   mbfuncother.o
        76         16          0          0          0       2834   mbinit.o
       658         48          0          4         64       5272   mbport.o
       688         74          0         12        256       7663   mbrtu.o
        34          0          0          0          0        584   mbutils.o
       682         86          0         12          0       8702   port.o
        76         24          0          2          0       2152   portevent.o
       276         38          0          0          0       3472   portserial.o
       216         36          0          0          0       3257   porttimer.o
       914          0          0          0          0       7430   queue.o
        36          8        288          0       1024        788   startup_stm32f100xb.o
       112         10          0          4          0       3734   stm32f1xx_hal.o
      1582         48          0          0          0       9274   stm32f1xx_hal_adc.o
       338         22          0          0          0      26957   stm32f1xx_hal_cortex.o
      1018          4          0          0          0       3659   stm32f1xx_hal_dma.o
       824         32          0          0          0       3551   stm32f1xx_hal_gpio.o
      1360         20          0          0          0       7805   stm32f1xx_hal_i2c.o
       540         66          0          0          0       3556   stm32f1xx_hal_msp.o
      3052        108          0          0          0       5836   stm32f1xx_hal_rcc.o
       352         14          0          0          0       1352   stm32f1xx_hal_rcc_ex.o
      1200         26          0          0          0      10530   stm32f1xx_hal_tim.o
       102          0          0          0          0       2326   stm32f1xx_hal_tim_ex.o
      1138          6          0          0          0       6443   stm32f1xx_hal_uart.o
       216         24          0          0          0       5565   stm32f1xx_it.o
        92         18         24          4          0       1207   system_stm32f1xx.o
      2286        324          0         52        220      18572   tasks.o

    ----------------------------------------------------------------------
     21544       1338        888        300       6028     547861   Object Totals
         0          0         32          0          0          0   (incl. Generated)
        30          0          0          3          0          0   (incl. Padding)

    ----------------------------------------------------------------------

      Code (inc. data)   RO Data    RW Data    ZI Data      Debug   Library Member Name

        86          0          0          0          0          0   __dczerorl2.o
         0          0          0          0          0          0   entry.o
         0          0          0          0          0          0   entry10a.o
         0          0          0          0          0          0   entry11a.o
         8          4          0          0          0          0   entry2.o
         4          0          0          0          0          0   entry5.o
         0          0          0          0          0          0   entry7b.o
         0          0          0          0          0          0   entry8b.o
         8          4          0          0          0          0   entry9a.o
        30          0          0          0          0          0   handlers.o
        36          8          0          0          0         68   init.o
         0          0          0          0          0          0   iusefp.o
        36          0          0          0          0         68   memcpya.o
        36          0          0          0          0        108   memseta.o
       110          0          0          0          0        168   fepilogue.o
        10          0          0          0          0         68   ffltui.o

    ----------------------------------------------------------------------
       368         16          0          0          0        480   Library Totals
         4          0          0          0          0          0   (incl. Padding)

    ----------------------------------------------------------------------

      Code (inc. data)   RO Data    RW Data    ZI Data      Debug   Library Name

       244         16          0          0          0        244   mc_w.l
       120          0          0          0          0        236   mf_w.l

    ----------------------------------------------------------------------
       368         16          0          0          0        480   Library Totals

    ----------------------------------------------------------------------

==============================================================================


      Code (inc. data)   RO Data    RW Data    ZI Data      Debug   

     21912       1354        888        300       6028     538225   Grand Totals
     21912       1354        888         80       6028     538225   ELF Image Totals (compressed)
     21912       1354        888         80          0          0   ROM Totals

==============================================================================

    Total RO  Size (Code + RO Data)                22800 (  22.27kB)
    Total RW  Size (RW Data + ZI Data)              6328 (   6.18kB)
    Total ROM Size (Code + RO Data + RW Data)      22880 (  22.34kB)

==============================================================================

