Component: ARM Compiler 5.06 update 1 (build 61) Tool: armlink [4d35a8]

==============================================================================

Section Cross References

    main.o(i.MX_ADC1_Init) refers to stm32f1xx_hal_adc.o(i.HAL_ADC_Init) for HAL_ADC_Init
    main.o(i.MX_ADC1_Init) refers to main.o(i.Error_Handler) for Error_Handler
    main.o(i.MX_ADC1_Init) refers to stm32f1xx_hal_adc.o(i.HAL_ADC_ConfigChannel) for HAL_ADC_ConfigChannel
    main.o(i.MX_ADC1_Init) refers to main.o(.bss) for hadc1
    main.o(i.MX_DMA_Init) refers to stm32f1xx_hal_cortex.o(i.HAL_NVIC_SetPriority) for HAL_NVIC_SetPriority
    main.o(i.MX_DMA_Init) refers to stm32f1xx_hal_cortex.o(i.HAL_NVIC_EnableIRQ) for HAL_NVIC_EnableIRQ
    main.o(i.MX_GPIO_Init) refers to stm32f1xx_hal_gpio.o(i.HAL_GPIO_WritePin) for HAL_GPIO_WritePin
    main.o(i.MX_GPIO_Init) refers to stm32f1xx_hal_gpio.o(i.HAL_GPIO_Init) for HAL_GPIO_Init
    main.o(i.MX_I2C2_Init) refers to stm32f1xx_hal_i2c.o(i.HAL_I2C_Init) for HAL_I2C_Init
    main.o(i.MX_I2C2_Init) refers to main.o(i.Error_Handler) for Error_Handler
    main.o(i.MX_I2C2_Init) refers to main.o(.bss) for hi2c2
    main.o(i.MX_TIM2_Init) refers to stm32f1xx_hal_tim.o(i.HAL_TIM_Base_Init) for HAL_TIM_Base_Init
    main.o(i.MX_TIM2_Init) refers to main.o(i.Error_Handler) for Error_Handler
    main.o(i.MX_TIM2_Init) refers to stm32f1xx_hal_tim.o(i.HAL_TIM_ConfigClockSource) for HAL_TIM_ConfigClockSource
    main.o(i.MX_TIM2_Init) refers to stm32f1xx_hal_tim.o(i.HAL_TIM_OnePulse_Init) for HAL_TIM_OnePulse_Init
    main.o(i.MX_TIM2_Init) refers to stm32f1xx_hal_tim_ex.o(i.HAL_TIMEx_MasterConfigSynchronization) for HAL_TIMEx_MasterConfigSynchronization
    main.o(i.MX_TIM2_Init) refers to main.o(.bss) for htim2
    main.o(i.MX_TIM4_Init) refers to stm32f1xx_hal_tim.o(i.HAL_TIM_Base_Init) for HAL_TIM_Base_Init
    main.o(i.MX_TIM4_Init) refers to main.o(i.Error_Handler) for Error_Handler
    main.o(i.MX_TIM4_Init) refers to stm32f1xx_hal_tim.o(i.HAL_TIM_ConfigClockSource) for HAL_TIM_ConfigClockSource
    main.o(i.MX_TIM4_Init) refers to stm32f1xx_hal_tim_ex.o(i.HAL_TIMEx_MasterConfigSynchronization) for HAL_TIMEx_MasterConfigSynchronization
    main.o(i.MX_TIM4_Init) refers to main.o(.bss) for htim4
    main.o(i.MX_USART1_UART_Init) refers to stm32f1xx_hal_uart.o(i.HAL_UART_Init) for HAL_UART_Init
    main.o(i.MX_USART1_UART_Init) refers to main.o(i.Error_Handler) for Error_Handler
    main.o(i.MX_USART1_UART_Init) refers to main.o(.bss) for huart1
    main.o(i.StartDefaultTask) refers to cmsis_os.o(i.osDelay) for osDelay
    main.o(i.SystemClock_Config) refers to stm32f1xx_hal_rcc.o(i.HAL_RCC_OscConfig) for HAL_RCC_OscConfig
    main.o(i.SystemClock_Config) refers to main.o(i.Error_Handler) for Error_Handler
    main.o(i.SystemClock_Config) refers to stm32f1xx_hal_rcc.o(i.HAL_RCC_ClockConfig) for HAL_RCC_ClockConfig
    main.o(i.SystemClock_Config) refers to stm32f1xx_hal_rcc_ex.o(i.HAL_RCCEx_PeriphCLKConfig) for HAL_RCCEx_PeriphCLKConfig
    main.o(i.SystemClock_Config) refers to stm32f1xx_hal_rcc.o(i.HAL_RCC_GetHCLKFreq) for HAL_RCC_GetHCLKFreq
    main.o(i.SystemClock_Config) refers to stm32f1xx_hal_cortex.o(i.HAL_SYSTICK_Config) for HAL_SYSTICK_Config
    main.o(i.SystemClock_Config) refers to stm32f1xx_hal_cortex.o(i.HAL_SYSTICK_CLKSourceConfig) for HAL_SYSTICK_CLKSourceConfig
    main.o(i.SystemClock_Config) refers to stm32f1xx_hal_cortex.o(i.HAL_NVIC_SetPriority) for HAL_NVIC_SetPriority
    main.o(i.main) refers to stm32f1xx_hal.o(i.HAL_Init) for HAL_Init
    main.o(i.main) refers to main.o(i.SystemClock_Config) for SystemClock_Config
    main.o(i.main) refers to main.o(i.MX_GPIO_Init) for MX_GPIO_Init
    main.o(i.main) refers to main.o(i.MX_DMA_Init) for MX_DMA_Init
    main.o(i.main) refers to main.o(i.MX_ADC1_Init) for MX_ADC1_Init
    main.o(i.main) refers to main.o(i.MX_USART1_UART_Init) for MX_USART1_UART_Init
    main.o(i.main) refers to main.o(i.MX_TIM4_Init) for MX_TIM4_Init
    main.o(i.main) refers to main.o(i.MX_I2C2_Init) for MX_I2C2_Init
    main.o(i.main) refers to main.o(i.MX_TIM2_Init) for MX_TIM2_Init
    main.o(i.main) refers to dig_pot.o(i.DigPot_Init) for DigPot_Init
    main.o(i.main) refers to adc.o(i.ADC_Init) for ADC_Init
    main.o(i.main) refers to mbinit.o(i.Modbus_Init) for Modbus_Init
    main.o(i.main) refers to cmsis_os.o(i.osKernelStart) for osKernelStart
    stm32f1xx_it.o(i.DMA1_Channel1_IRQHandler) refers to adc.o(i.ADC_ConvComplete) for ADC_ConvComplete
    stm32f1xx_it.o(i.DMA1_Channel1_IRQHandler) refers to stm32f1xx_hal_dma.o(i.HAL_DMA_IRQHandler) for HAL_DMA_IRQHandler
    stm32f1xx_it.o(i.DMA1_Channel1_IRQHandler) refers to main.o(.bss) for hdma_adc1
    stm32f1xx_it.o(i.DMA1_Channel4_IRQHandler) refers to stm32f1xx_hal_dma.o(i.HAL_DMA_IRQHandler) for HAL_DMA_IRQHandler
    stm32f1xx_it.o(i.DMA1_Channel4_IRQHandler) refers to main.o(.bss) for hdma_usart1_tx
[...]
    i.HAL_ADC_Init                           0x080008e8   Section        0  stm32f1xx_hal_adc.o(i.HAL_ADC_Init)
    i.HAL_ADC_MspInit                        0x08000a4c   Section        0  stm32f1xx_hal_msp.o(i.HAL_ADC_MspInit)
    i.HAL_ADC_Start                          0x08000ad4   Section        0  stm32f1xx_hal_adc.o(i.HAL_ADC_Start)
    i.HAL_ADC_Start_DMA                      0x08000b88   Section        0  stm32f1xx_hal_adc.o(i.HAL_ADC_Start_DMA)
    i.HAL_DMA_Abort                          0x08000c80   Section        0  stm32f1xx_hal_dma.o(i.HAL_DMA_Abort)
    i.HAL_DMA_IRQHandler                     0x08000ce4   Section        0  stm32f1xx_hal_dma.o(i.HAL_DMA_IRQHandler)
    i.HAL_DMA_Init                           0x08000ff4   Section        0  stm32f1xx_hal_dma.o(i.HAL_DMA_Init)
    i.HAL_DMA_Start_IT                       0x08001048   Section        0  stm32f1xx_hal_dma.o(i.HAL_DMA_Start_IT)
    i.HAL_Delay                              0x080010be   Section        0  stm32f1xx_hal.o(i.HAL_Delay)
    i.HAL_GPIO_Init                          0x080010d8   Section        0  stm32f1xx_hal_gpio.o(i.HAL_GPIO_Init)
    i.HAL_GPIO_WritePin                      0x080013f4   Section        0  stm32f1xx_hal_gpio.o(i.HAL_GPIO_WritePin)
    i.HAL_GetTick                            0x08001400   Section        0  stm32f1xx_hal.o(i.HAL_GetTick)
    i.HAL_I2C_Init                           0x0800140c   Section        0  stm32f1xx_hal_i2c.o(i.HAL_I2C_Init)
    i.HAL_I2C_MspInit                        0x080014c0   Section        0  stm32f1xx_hal_msp.o(i.HAL_I2C_MspInit)
    i.HAL_IncTick                            0x08001510   Section        0  stm32f1xx_hal.o(i.HAL_IncTick)
    i.HAL_Init                               0x08001520   Section        0  stm32f1xx_hal.o(i.HAL_Init)
    i.HAL_InitTick                           0x08001536   Section        0  stm32f1xx_hal.o(i.HAL_InitTick)
    i.HAL_MspInit                            0x0800155c   Section        0  stm32f1xx_hal_msp.o(i.HAL_MspInit)
    i.HAL_NVIC_EnableIRQ                     0x080015e8   Section        0  stm32f1xx_hal_cortex.o(i.HAL_NVIC_EnableIRQ)
    i.HAL_NVIC_SetPriority                   0x08001602   Section        0  stm32f1xx_hal_cortex.o(i.HAL_NVIC_SetPriority)
    i.HAL_NVIC_SetPriorityGrouping           0x08001680   Section        0  stm32f1xx_hal_cortex.o(i.HAL_NVIC_SetPriorityGrouping)
    i.HAL_RCCEx_PeriphCLKConfig              0x080016a8   Section        0  stm32f1xx_hal_rcc_ex.o(i.HAL_RCCEx_PeriphCLKConfig)
    i.HAL_RCC_ClockConfig                    0x08001808   Section        0  stm32f1xx_hal_rcc.o(i.HAL_RCC_ClockConfig)
    i.HAL_RCC_GetHCLKFreq                    0x08001a48   Section        0  stm32f1xx_hal_rcc.o(i.HAL_RCC_GetHCLKFreq)
    i.HAL_RCC_GetPCLK1Freq                   0x08001a54   Section        0  stm32f1xx_hal_rcc.o(i.HAL_RCC_GetPCLK1Freq)
    i.HAL_RCC_GetPCLK2Freq                   0x08001a80   Section        0  stm32f1xx_hal_rcc.o(i.HAL_RCC_GetPCLK2Freq)
    i.HAL_RCC_GetSysClockFreq                0x08001aac   Section        0  stm32f1xx_hal_rcc.o(i.HAL_RCC_GetSysClockFreq)
    i.HAL_RCC_OscConfig                      0x08001b7c   Section        0  stm32f1xx_hal_rcc.o(i.HAL_RCC_OscConfig)
    i.HAL_SYSTICK_CLKSourceConfig            0x080023f4   Section        0  stm32f1xx_hal_cortex.o(i.HAL_SYSTICK_CLKSourceConfig)
    i.HAL_SYSTICK_Config                     0x0800241c   Section        0  stm32f1xx_hal_cortex.o(i.HAL_SYSTICK_Config)
    i.HAL_TIMEx_BreakCallback                0x08002450   Section        0  stm32f1xx_hal_tim_ex.o(i.HAL_TIMEx_BreakCallback)
    i.HAL_TIMEx_CommutationCallback          0x08002452   Section        0  stm32f1xx_hal_tim_ex.o(i.HAL_TIMEx_CommutationCallback)
    i.HAL_TIMEx_MasterConfigSynchronization  0x08002454   Section        0  stm32f1xx_hal_tim_ex.o(i.HAL_TIMEx_MasterConfigSynchronization)
    i.HAL_TIM_Base_Init                      0x080024b6   Section        0  stm32f1xx_hal_tim.o(i.HAL_TIM_Base_Init)
    i.HAL_TIM_Base_MspInit                   0x080024ec   Section        0  stm32f1xx_hal_msp.o(i.HAL_TIM_Base_MspInit)
    i.HAL_TIM_Base_Start_IT                  0x08002564   Section        0  stm32f1xx_hal_tim.o(i.HAL_TIM_Base_Start_IT)
    i.HAL_TIM_Base_Stop                      0x08002582   Section        0  stm32f1xx_hal_tim.o(i.HAL_TIM_Base_Stop)
    i.HAL_TIM_Base_Stop_IT                   0x080025ba   Section        0  stm32f1xx_hal_tim.o(i.HAL_TIM_Base_Stop_IT)
    i.HAL_TIM_ConfigClockSource              0x080025f2   Section        0  stm32f1xx_hal_tim.o(i.HAL_TIM_ConfigClockSource)
    i.HAL_TIM_IC_CaptureCallback             0x08002724   Section        0  stm32f1xx_hal_tim.o(i.HAL_TIM_IC_CaptureCallback)
    i.HAL_TIM_IRQHandler                     0x08002726   Section        0  stm32f1xx_hal_tim.o(i.HAL_TIM_IRQHandler)
    i.HAL_TIM_OC_DelayElapsedCallback        0x080028bc   Section        0  stm32f1xx_hal_tim.o(i.HAL_TIM_OC_DelayElapsedCallback)
    i.HAL_TIM_OnePulse_Init                  0x080028be   Section        0  stm32f1xx_hal_tim.o(i.HAL_TIM_OnePulse_Init)
    i.HAL_TIM_OnePulse_MspInit               0x0800290a   Section        0  stm32f1xx_hal_tim.o(i.HAL_TIM_OnePulse_MspInit)
    i.HAL_TIM_PWM_PulseFinishedCallback      0x0800290c   Section        0  stm32f1xx_hal_tim.o(i.HAL_TIM_PWM_PulseFinishedCallback)
    i.HAL_TIM_PeriodElapsedCallback          0x08002910   Section        0  stm32f1xx_it.o(i.HAL_TIM_PeriodElapsedCallback)
    i.HAL_TIM_TriggerCallback                0x08002938   Section        0  stm32f1xx_hal_tim.o(i.HAL_TIM_TriggerCallback)
    i.HAL_UART_DMAStop                       0x0800293a   Section        0  stm32f1xx_hal_uart.o(i.HAL_UART_DMAStop)
    i.HAL_UART_ErrorCallback                 0x08002968   Section        0  usart_app.o(i.HAL_UART_ErrorCallback)
    i.HAL_UART_IRQHandler                    0x08002974   Section        0  stm32f1xx_hal_uart.o(i.HAL_UART_IRQHandler)
    i.HAL_UART_Init                          0x08002a4e   Section        0  stm32f1xx_hal_uart.o(i.HAL_UART_Init)
    i.HAL_UART_MspInit                       0x08002abc   Section        0  stm32f1xx_hal_msp.o(i.HAL_UART_MspInit)
    i.HAL_UART_Receive_DMA                   0x08002ba8   Section        0  stm32f1xx_hal_uart.o(i.HAL_UART_Receive_DMA)
    i.HAL_UART_RxCpltCallback                0x08002c48   Section        0  usart_app.o(i.HAL_UART_RxCpltCallback)
    i.HAL_UART_RxHalfCpltCallback            0x08002c5c   Section        0  stm32f1xx_hal_uart.o(i.HAL_UART_RxHalfCpltCallback)
    i.HAL_UART_Transmit_DMA                  0x08002c60   Section        0  stm32f1xx_hal_uart.o(i.HAL_UART_Transmit_DMA)
    i.HAL_UART_TxCpltCallback                0x08002d08   Section        0  usart_app.o(i.HAL_UART_TxCpltCallback)
    i.HAL_UART_TxHalfCpltCallback            0x08002d24   Section        0  stm32f1xx_hal_uart.o(i.HAL_UART_TxHalfCpltCallback)
    i.HardFault_Handler                      0x08002d26   Section        0  stm32f1xx_it.o(i.HardFault_Handler)
    i.I2C_Configure_Speed                    0x08002d2c   Section        0  stm32f1xx_hal_i2c.o(i.I2C_Configure_Speed)
    I2C_Configure_Speed                      0x08002d2d   Thumb Code    96  stm32f1xx_hal_i2c.o(i.I2C_Configure_Speed)
    i.MX_ADC1_Init                           0x08002d90   Section        0  main.o(i.MX_ADC1_Init)
    MX_ADC1_Init                             0x08002d91   Thumb Code   230  main.o(i.MX_ADC1_Init)
    i.MX_DMA_Init                            0x08002e80   Section        0  main.o(i.MX_DMA_Init)
    MX_DMA_Init                              0x08002e81   Thumb Code    80  main.o(i.MX_DMA_Init)
    i.MX_GPIO_Init                           0x08002ed4   Section        0  main.o(i.MX_GPIO_Init)
    MX_GPIO_Init                             0x08002ed5   Thumb Code   232  main.o(i.MX_GPIO_Init)
    i.MX_I2C2_Init                           0x08002fcc   Section        0  main.o(i.MX_I2C2_Init)
    MX_I2C2_Init                             0x08002fcd   Thumb Code    48  main.o(i.MX_I2C2_Init)
    i.MX_TIM2_Init                           0x08003008   Section        0  main.o(i.MX_TIM2_Init)
    MX_TIM2_Init                             0x08003009   Thumb Code   100  main.o(i.MX_TIM2_Init)
    i.MX_TIM4_Init                           0x08003070   Section        0  main.o(i.MX_TIM4_Init)
    MX_TIM4_Init                             0x08003071   Thumb Code    84  main.o(i.MX_TIM4_Init)
    i.MX_USART1_UART_Init                    0x080030cc   Section        0  main.o(i.MX_USART1_UART_Init)
    MX_USART1_UART_Init                      0x080030cd   Thumb Code    46  main.o(i.MX_USART1_UART_Init)
    i.MemManage_Handler                      0x08003104   Section        0  stm32f1xx_it.o(i.MemManage_Handler)
    i.Modbus_Init                            0x08003108   Section        0  mbinit.o(i.Modbus_Init)
    i.Modbus_Task                            0x08003148   Section        0  mbinit.o(i.Modbus_Task)
    Modbus_Task                              0x08003149   Thumb Code    12  mbinit.o(i.Modbus_Task)
    i.NMI_Handler                            0x08003154   Section        0  stm32f1xx_it.o(i.NMI_Handler)
    i.NVIC_GetPriorityGrouping               0x08003158   Section        0  stm32f1xx_hal_cortex.o(i.NVIC_GetPriorityGrouping)
    NVIC_GetPriorityGrouping                 0x08003159   Thumb Code    10  stm32f1xx_hal_cortex.o(i.NVIC_GetPriorityGrouping)
    i.NVIC_SetPriority                       0x08003168   Section        0  stm32f1xx_hal_cortex.o(i.NVIC_SetPriority)
    NVIC_SetPriority                         0x08003169   Thumb Code    32  stm32f1xx_hal_cortex.o(i.NVIC_SetPriority)
    i.PyroSquib_SetKeysState                 0x08003190   Section        0  pyro_squib.o(i.PyroSquib_SetKeysState)
    i.PyroSquib_Start                        0x0800328c   Section        0  pyro_squib.o(i.PyroSquib_Start)
    i.PyroSquib_TimerExpired                 0x080032b8   Section        0  pyro_squib.o(i.PyroSquib_TimerExpired)
    i.SysTick_Handler                        0x080032d4   Section        0  stm32f1xx_it.o(i.SysTick_Handler)
    i.SystemClock_Config                     0x080032e0   Section        0  main.o(i.SystemClock_Config)
    i.SystemInit                             0x08003360   Section        0  system_stm32f1xx.o(i.SystemInit)
    i.TIM2_IRQHandler                        0x080033bc   Section        0  stm32f1xx_it.o(i.TIM2_IRQHandler)
    i.TIM4_IRQHandler                        0x080033cc   Section        0  stm32f1xx_it.o(i.TIM4_IRQHandler)
    i.TIM_Base_SetConfig                     0x080033dc   Section        0  stm32f1xx_hal_tim.o(i.TIM_Base_SetConfig)
    i.TIM_ETR_SetConfig                      0x08003478   Section        0  stm32f1xx_hal_tim.o(i.TIM_ETR_SetConfig)
    TIM_ETR_SetConfig                        0x08003479   Thumb Code    24  stm32f1xx_hal_tim.o(i.TIM_ETR_SetConfig)
    i.TIM_ITRx_SetConfig                     0x08003490   Section        0  stm32f1xx_hal_tim.o(i.TIM_ITRx_SetConfig)
    TIM_ITRx_SetConfig                       0x08003491   Thumb Code    20  stm32f1xx_hal_tim.o(i.TIM_ITRx_SetConfig)
    i.TIM_TI1_ConfigInputStage               0x080034a4   Section        0  stm32f1xx_hal_tim.o(i.TIM_TI1_ConfigInputStage)
    TIM_TI1_ConfigInputStage                 0x080034a5   Thumb Code    42  stm32f1xx_hal_tim.o(i.TIM_TI1_ConfigInputStage)
    i.TIM_TI2_ConfigInputStage               0x080034ce   Section        0  stm32f1xx_hal_tim.o(i.TIM_TI2_ConfigInputStage)
    TIM_TI2_ConfigInputStage                 0x080034cf   Thumb Code    44  stm32f1xx_hal_tim.o(i.TIM_TI2_ConfigInputStage)
    i.UART_DMAError                          0x080034fa   Section        0  stm32f1xx_hal_uart.o(i.UART_DMAError)
    UART_DMAError                            0x080034fb   Thumb Code    34  stm32f1xx_hal_uart.o(i.UART_DMAError)
    i.UART_DMAReceiveCplt                    0x0800351c   Section        0  stm32f1xx_hal_uart.o(i.UART_DMAReceiveCplt)
    UART_DMAReceiveCplt                      0x0800351d   Thumb Code    62  stm32f1xx_hal_uart.o(i.UART_DMAReceiveCplt)
    i.UART_DMARxHalfCplt                     0x0800355a   Section        0  stm32f1xx_hal_uart.o(i.UART_DMARxHalfCplt)
    UART_DMARxHalfCplt                       0x0800355b   Thumb Code    14  stm32f1xx_hal_uart.o(i.UART_DMARxHalfCplt)
    i.UART_DMATransmitCplt                   0x08003568   Section        0  stm32f1xx_hal_uart.o(i.UART_DMATransmitCplt)
    UART_DMATransmitCplt                     0x08003569   Thumb Code    54  stm32f1xx_hal_uart.o(i.UART_DMATransmitCplt)
    i.UART_DMATxHalfCplt                     0x0800359e   Section        0  stm32f1xx_hal_uart.o(i.UART_DMATxHalfCplt)
    UART_DMATxHalfCplt                       0x0800359f   Thumb Code    14  stm32f1xx_hal_uart.o(i.UART_DMATxHalfCplt)
    i.UART_EndTransmit_IT                    0x080035ac   Section        0  stm32f1xx_hal_uart.o(i.UART_EndTransmit_IT)
    UART_EndTransmit_IT                      0x080035ad   Thumb Code    48  stm32f1xx_hal_uart.o(i.UART_EndTransmit_IT)
    i.UART_Receive_IT                        0x080035dc   Section        0  stm32f1xx_hal_uart.o(i.UART_Receive_IT)
    UART_Receive_IT                          0x080035dd   Thumb Code   188  stm32f1xx_hal_uart.o(i.UART_Receive_IT)
    i.UART_SetConfig                         0x08003698   Section        0  stm32f1xx_hal_uart.o(i.UART_SetConfig)
    UART_SetConfig                           0x08003699   Thumb Code   450  stm32f1xx_hal_uart.o(i.UART_SetConfig)
    i.UART_Transmit_IT                       0x08003860   Section        0  stm32f1xx_hal_uart.o(i.UART_Transmit_IT)
    UART_Transmit_IT                         0x08003861   Thumb Code   112  stm32f1xx_hal_uart.o(i.UART_Transmit_IT)
    i.USART1_IRQHandler                      0x080038d0   Section        0  stm32f1xx_it.o(i.USART1_IRQHandler)
    i.UsageFault_Handler                     0x08003918   Section        0  stm32f1xx_it.o(i.UsageFault_Handler)
    i.__scatterload_copy                     0x0800391c   Section       14  handlers.o(i.__scatterload_copy)
    i.__scatterload_null                     0x0800392a   Section        2  handlers.o(i.__scatterload_null)
    i.__scatterload_zeroinit                 0x0800392c   Section       14  handlers.o(i.__scatterload_zeroinit)
    i.eMBEnable                              0x0800393c   Section        0  mb.o(i.eMBEnable)
    i.eMBFuncReadCoils                       0x08003964   Section        0  mbfunccoils.o(i.eMBFuncReadCoils)
    i.eMBFuncReadDiscreteInputs              0x08003a12   Section        0  mbfuncdisc.o(i.eMBFuncReadDiscreteInputs)
    i.eMBFuncReadHoldingRegister             0x08003abe   Section        0  mbfuncholding.o(i.eMBFuncReadHoldingRegister)
    i.eMBFuncReadInputRegister               0x08003b4a   Section        0  mbfuncinput.o(i.eMBFuncReadInputRegister)
    i.eMBFuncReadWriteMultipleHoldingRegister 0x08003bd6   Section        0  mbfuncholding.o(i.eMBFuncReadWriteMultipleHoldingRegister)
    i.eMBFuncReportSlaveID                   0x08003cac   Section        0  mbfuncother.o(i.eMBFuncReportSlaveID)
    i.eMBFuncWriteCoil                       0x08003cd4   Section        0  mbfunccoils.o(i.eMBFuncWriteCoil)
    i.eMBFuncWriteHoldingRegister            0x08003d44   Section        0  mbfuncholding.o(i.eMBFuncWriteHoldingRegister)
    i.eMBFuncWriteMultipleCoils              0x08003d86   Section        0  mbfunccoils.o(i.eMBFuncWriteMultipleCoils)
    i.eMBFuncWriteMultipleHoldingRegister    0x08003e16   Section        0  mbfuncholding.o(i.eMBFuncWriteMultipleHoldingRegister)
    i.eMBInit                                0x08003e84   Section        0  mb.o(i.eMBInit)
    i.eMBPoll                                0x08003f64   Section        0  mb.o(i.eMBPoll)
    i.eMBRTUInit                             0x0800409c   Section        0  mbrtu_dma.o(i.eMBRTUInit)
    i.eMBRTUReceive                          0x080040f0   Section        0  mbrtu_dma.o(i.eMBRTUReceive)
    i.eMBRTUSend                             0x08004148   Section        0  mbrtu_dma.o(i.eMBRTUSend)
    i.eMBRTUStart                            0x080041d8   Section        0  mbrtu_dma.o(i.eMBRTUStart)
    i.eMBRTUStop                             0x080041fc   Section        0  mbrtu_dma.o(i.eMBRTUStop)
    i.eMBRegCoilsCB                          0x08004214   Section        0  mbport.o(i.eMBRegCoilsCB)
    i.eMBRegDiscreteCB                       0x0800421c   Section        0  mbport.o(i.eMBRegDiscreteCB)
    i.eMBRegHoldingCB                        0x08004224   Section        0  mbport.o(i.eMBRegHoldingCB)
    i.eMBRegInputCB                          0x0800432c   Section        0  mbport.o(i.eMBRegInputCB)
    i.getUART_BB_RcvDMAPktLength             0x080043c0   Section        0  usart_app.o(i.getUART_BB_RcvDMAPktLength)
    i.main                                   0x080043d8   Section        0  main.o(i.main)
    i.osKernelStart                          0x08004410   Section        0  cmsis_os.o(i.osKernelStart)
    i.osSystickHandler                       0x0800441a   Section        0  cmsis_os.o(i.osSystickHandler)
    i.prvAddCurrentTaskToDelayedList         0x0800442c   Section        0  tasks.o(i.prvAddCurrentTaskToDelayedList)
    prvAddCurrentTaskToDelayedList           0x0800442d   Thumb Code    62  tasks.o(i.prvAddCurrentTaskToDelayedList)
    i.prvAllocateTCBAndStack                 0x08004480   Section        0  tasks.o(i.prvAllocateTCBAndStack)
    prvAllocateTCBAndStack                   0x08004481   Thumb Code    66  tasks.o(i.prvAllocateTCBAndStack)
    i.prvCheckTasksWaitingTermination        0x080044c2   Section        0  tasks.o(i.prvCheckTasksWaitingTermination)
    prvCheckTasksWaitingTermination          0x080044c3   Thumb Code     2  tasks.o(i.prvCheckTasksWaitingTermination)
    i.prvCopyDataFromQueue                   0x080044c4   Section        0  queue.o(i.prvCopyDataFromQueue)
    prvCopyDataFromQueue                     0x080044c5   Thumb Code    42  queue.o(i.prvCopyDataFromQueue)
    i.prvIdleTask                            0x080044f0   Section        0  tasks.o(i.prvIdleTask)
    prvIdleTask                              0x080044f1   Thumb Code    20  tasks.o(i.prvIdleTask)
    i.prvInitialiseTCBVariables              0x08004508   Section        0  tasks.o(i.prvInitialiseTCBVariables)
    prvInitialiseTCBVariables                0x08004509   Thumb Code    98  tasks.o(i.prvInitialiseTCBVariables)
    i.prvInitialiseTaskLists                 0x0800456c   Section        0  tasks.o(i.prvInitialiseTaskLists)
    prvInitialiseTaskLists                   0x0800456d   Thumb Code    64  tasks.o(i.prvInitialiseTaskLists)
    i.prvIsQueueEmpty                        0x080045c8   Section        0  queue.o(i.prvIsQueueEmpty)
    prvIsQueueEmpty                          0x080045c9   Thumb Code    26  queue.o(i.prvIsQueueEmpty)
    i.prvResetNextTaskUnblockTime            0x080045e4   Section        0  tasks.o(i.prvResetNextTaskUnblockTime)
    prvResetNextTaskUnblockTime              0x080045e5   Thumb Code    42  tasks.o(i.prvResetNextTaskUnblockTime)
    i.prvTaskExitError                       0x08004618   Section        0  port.o(i.prvTaskExitError)
    prvTaskExitError                         0x08004619   Thumb Code    32  port.o(i.prvTaskExitError)
    i.prvUnlockQueue                         0x0800463c   Section        0  queue.o(i.prvUnlockQueue)
    prvUnlockQueue                           0x0800463d   Thumb Code   126  queue.o(i.prvUnlockQueue)
    i.prveMBError2Exception                  0x080046ba   Section        0  mbutils.o(i.prveMBError2Exception)
    i.prvvTIMERExpiredISR                    0x080046dc   Section        0  porttimer.o(i.prvvTIMERExpiredISR)
    prvvTIMERExpiredISR                      0x080046dd   Thumb Code    32  porttimer.o(i.prvvTIMERExpiredISR)
    i.prvvUARTTxReadyISR                     0x08004704   Section        0  portserial.o(i.prvvUARTTxReadyISR)
    i.pvPortMalloc                           0x0800472c   Section        0  heap_1.o(i.pvPortMalloc)
    i.pvTaskIncrementMutexHeldCount          0x0800479c   Section        0  tasks.o(i.pvTaskIncrementMutexHeldCount)
    i.pxPortInitialiseStack                  0x080047bc   Section        0  port.o(i.pxPortInitialiseStack)
    i.startUARTRcv                           0x080047dc   Section        0  usart_app.o(i.startUARTRcv)
    i.stopUART                               0x08004818   Section        0  usart_app.o(i.stopUART)
    i.usMBCRC16                              0x08004848   Section        0  mbcrc.o(i.usMBCRC16)
    i.uxListRemove                           0x08004880   Section        0  list.o(i.uxListRemove)
    i.vListInitialise                        0x080048a8   Section        0  list.o(i.vListInitialise)
    i.vListInitialiseItem                    0x080048c2   Section        0  list.o(i.vListInitialiseItem)
    i.vListInsert                            0x080048c8   Section        0  list.o(i.vListInsert)
    i.vListInsertEnd                         0x080048fc   Section        0  list.o(i.vListInsertEnd)
    i.vMBPortSerialEnable                    0x08004914   Section        0  portserial.o(i.vMBPortSerialEnable)
    i.vMBPortTimersDisable                   0x0800493c   Section        0  porttimer.o(i.vMBPortTimersDisable)
    i.vMBPortTimersEnable                    0x0800495c   Section        0  porttimer.o(i.vMBPortTimersEnable)
    i.vPortEnterCritical                     0x08004974   Section        0  port.o(i.vPortEnterCritical)
    i.vPortExitCritical                      0x080049b8   Section        0  port.o(i.vPortExitCritical)
    i.vPortFree                              0x080049e4   Section        0  heap_1.o(i.vPortFree)
    i.vPortSetupTimerInterrupt               0x080049fc   Section        0  port.o(i.vPortSetupTimerInterrupt)
    i.vPortValidateInterruptPriority         0x08004a1c   Section        0  port.o(i.vPortValidateInterruptPriority)
    i.vPortYield                             0x08004a78   Section        0  port.o(i.vPortYield)
    i.vTaskDelay                             0x08004a90   Section        0  tasks.o(i.vTaskDelay)
    i.vTaskMissedYield                       0x08004b00   Section        0  tasks.o(i.vTaskMissedYield)
    i.vTaskPlaceOnEventList                  0x08004b0c   Section        0  tasks.o(i.vTaskPlaceOnEventList)
    i.vTaskPriorityInherit                   0x08004b7c   Section        0  tasks.o(i.vTaskPriorityInherit)
    i.vTaskSetTimeOutState                   0x08004c2c   Section        0  tasks.o(i.vTaskSetTimeOutState)
    i.vTaskStartScheduler                    0x08004c50   Section        0  tasks.o(i.vTaskStartScheduler)
    i.vTaskSuspendAll                        0x08004cb0   Section        0  tasks.o(i.vTaskSuspendAll)
    i.vTaskSwitchContext                     0x08004cc0   Section        0  tasks.o(i.vTaskSwitchContext)
    i.xMBPortEventGet                        0x08004d40   Section        0  portevent.o(i.xMBPortEventGet)
    i.xMBPortEventInit                       0x08004d64   Section        0  portevent.o(i.xMBPortEventInit)
    i.xMBPortEventPost                       0x08004d74   Section        0  portevent.o(i.xMBPortEventPost)
    i.xMBPortSerialInit                      0x08004d8c   Section        0  portserial.o(i.xMBPortSerialInit)
    i.xMBPortSerialPutPktDMA                 0x08004dc8   Section        0  portserial.o(i.xMBPortSerialPutPktDMA)
    i.xMBPortTimersInit                      0x08004de0   Section        0  porttimer.o(i.xMBPortTimersInit)
    i.xMBPort_TimerExpired                   0x08004e3c   Section        0  porttimer.o(i.xMBPort_TimerExpired)
    i.xMBRTUReceiveFSM                       0x08004e44   Section        0  mbrtu_dma.o(i.xMBRTUReceiveFSM)
    i.xMBRTUTimerT35Expired                  0x08004e58   Section        0  mbrtu_dma.o(i.xMBRTUTimerT35Expired)
    i.xMBRTUTransmitFSM                      0x08004eb4   Section        0  mbrtu_dma.o(i.xMBRTUTransmitFSM)
    i.xPortStartScheduler                    0x08004f14   Section        0  port.o(i.xPortStartScheduler)
    i.xPortSysTickHandler                    0x08004fb4   Section        0  port.o(i.xPortSysTickHandler)
    i.xQueueGenericCreate                    0x08004fd4   Section        0  queue.o(i.xQueueGenericCreate)
    i.xQueueGenericReceive                   0x0800503e   Section        0  queue.o(i.xQueueGenericReceive)
    i.xQueueGenericReset                     0x08005198   Section        0  queue.o(i.xQueueGenericReset)
    i.xQueueGiveFromISR                      0x08005210   Section        0  queue.o(i.xQueueGiveFromISR)
    i.xTaskCheckForTimeOut                   0x080052a4   Section        0  tasks.o(i.xTaskCheckForTimeOut)
    i.xTaskGenericCreate                     0x08005318   Section        0  tasks.o(i.xTaskGenericCreate)
    i.xTaskGetSchedulerState                 0x08005450   Section        0  tasks.o(i.xTaskGetSchedulerState)
    i.xTaskIncrementTick                     0x08005470   Section        0  tasks.o(i.xTaskIncrementTick)
    i.xTaskRemoveFromEventList               0x080055ac   Section        0  tasks.o(i.xTaskRemoveFromEventList)
    i.xTaskResumeAll                         0x08005638   Section        0  tasks.o(i.xTaskResumeAll)
    .constdata                               0x08005720   Section      512  mbcrc.o(.constdata)
    aucCRCHi                                 0x08005720   Data         256  mbcrc.o(.constdata)
    aucCRCLo                                 0x08005820   Data         256  mbcrc.o(.constdata)
    .constdata                               0x08005920   Section       24  system_stm32f1xx.o(.constdata)
    .data                                    0x20000000   Section        8  adc.o(.data)
    xHigherPriorityTaskWoken                 0x20000004   Data           4  adc.o(.data)
    .data                                    0x20000008   Section       12  pyro_squib.o(.data)
    .data                                    0x20000014   Section        2  mbfuncother.o(.data)
    usMBSlaveIDLen                           0x20000014   Data           2  mbfuncother.o(.data)
    .data                                    0x20000016   Section        6  mbport.o(.data)
    PyroSquibError                           0x20000016   Data           1  mbport.o(.data)
    usRegInputStart                          0x20000018   Data           2  mbport.o(.data)
    usRegHoldingStart                        0x2000001a   Data           2  mbport.o(.data)
    .data                                    0x2000001c   Section        2  portevent.o(.data)
    eQueuedEvent                             0x2000001c   Data           1  portevent.o(.data)
    xEventInQueue                            0x2000001d   Data           1  portevent.o(.data)
    .data                                    0x20000020   Section      181  mb.o(.data)
    ucMBAddress                              0x20000020   Data           1  mb.o(.data)
    eMBCurrentMode                           0x20000021   Data           1  mb.o(.data)
    eMBState                                 0x20000022   Data           1  mb.o(.data)
    peMBFrameSendCur                         0x20000024   Data           4  mb.o(.data)
    pvMBFrameStartCur                        0x20000028   Data           4  mb.o(.data)
    pvMBFrameStopCur                         0x2000002c   Data           4  mb.o(.data)
    peMBFrameReceiveCur                      0x20000030   Data           4  mb.o(.data)
    pvMBFrameCloseCur                        0x20000034   Data           4  mb.o(.data)
    xFuncHandlers                            0x2000004c   Data         128  mb.o(.data)
    ucMBFrame                                0x200000cc   Data           4  mb.o(.data)
    ucRcvAddress                             0x200000d0   Data           1  mb.o(.data)
    ucFunctionCode                           0x200000d1   Data           1  mb.o(.data)
    usLength                                 0x200000d2   Data           2  mb.o(.data)
    eException                               0x200000d4   Data           1  mb.o(.data)
    .data                                    0x200000d8   Section       12  mbrtu_dma.o(.data)
    eSndState                                0x200000d8   Data           1  mbrtu_dma.o(.data)
    eRcvState                                0x200000d9   Data           1  mbrtu_dma.o(.data)
    pucSndBufferCur                          0x200000dc   Data           4  mbrtu_dma.o(.data)
    usSndBufferCount                         0x200000e0   Data           2  mbrtu_dma.o(.data)
    usRcvBufferPos                           0x200000e2   Data           2  mbrtu_dma.o(.data)
    .data                                    0x200000e4   Section        4  stm32f1xx_hal.o(.data)
    uwTick                                   0x200000e4   Data           4  stm32f1xx_hal.o(.data)
    .data                                    0x200000e8   Section        4  system_stm32f1xx.o(.data)
    .data                                    0x200000ec   Section        8  heap_1.o(.data)
    xNextFreeByte                            0x200000ec   Data           4  heap_1.o(.data)
    pucAlignedHeap                           0x200000f0   Data           4  heap_1.o(.data)
    .data                                    0x200000f4   Section       52  tasks.o(.data)
    pxDelayedTaskList                        0x200000f8   Data           4  tasks.o(.data)
    pxOverflowDelayedTaskList                0x200000fc   Data           4  tasks.o(.data)
    uxCurrentNumberOfTasks                   0x20000100   Data           4  tasks.o(.data)
    xTickCount                               0x20000104   Data           4  tasks.o(.data)
    uxTopReadyPriority                       0x20000108   Data           4  tasks.o(.data)
    xSchedulerRunning                        0x2000010c   Data           4  tasks.o(.data)
    uxPendedTicks                            0x20000110   Data           4  tasks.o(.data)
    xYieldPending                            0x20000114   Data           4  tasks.o(.data)
    xNumOfOverflows                          0x20000118   Data           4  tasks.o(.data)
    uxTaskNumber                             0x2000011c   Data           4  tasks.o(.data)
    xNextTaskUnblockTime                     0x20000120   Data           4  tasks.o(.data)
    uxSchedulerSuspended                     0x20000124   Data           4  tasks.o(.data)
    .data                                    0x20000128   Section       12  port.o(.data)
    uxCriticalNesting                        0x20000128   Data           4  port.o(.data)
    ucMaxSysCallPriority                     0x2000012c   Data           1  port.o(.data)
    ulMaxPRIGROUPValue                       0x20000130   Data           4  port.o(.data)
    .bss                                     0x20000134   Section      460  main.o(.bss)
    .bss                                     0x20000300   Section     1652  adc.o(.bss)
    .bss                                     0x20000974   Section       32  mbfuncother.o(.bss)
    ucMBSlaveID                              0x20000974   Data          32  mbfuncother.o(.bss)
    .bss                                     0x20000994   Section       72  mbport.o(.bss)
    .bss                                     0x200009dc   Section      256  mbrtu_dma.o(.bss)
    .bss                                     0x20000adc   Section     3072  heap_1.o(.bss)
    ucHeap                                   0x20000adc   Data        3072  heap_1.o(.bss)
    .bss                                     0x200016dc   Section      220  tasks.o(.bss)
    pxReadyTasksLists                        0x200016dc   Data         140  tasks.o(.bss)
    xDelayedTaskList1                        0x20001768   Data          20  tasks.o(.bss)
    xDelayedTaskList2                        0x2000177c   Data          20  tasks.o(.bss)
    xPendingReadyList                        0x20001790   Data          20  tasks.o(.bss)
    xSuspendedTaskList                       0x200017a4   Data          20  tasks.o(.bss)
    STACK                                    0x200017b8   Section     1024  startup_stm32f100xb.o(STACK)

    Global Symbols

    Symbol Name                              Value     Ov Type        Size  Object(Section)

    BuildAttributes$$THM_ISAv4$P$D$K$B$S$PE$A:L22UL41UL21$X:L11$S22US41US21$IEEE1$IW$USESV6$~STKCKD$USESV7$~SHL$OTIME$ROPI$EBA8$MICROLIB$REQ8$PRES8$EABIv2 0x00000000   Number         0  anon$$obj.o ABSOLUTE
    __ARM_use_no_argv                        0x00000000   Number         0  main.o ABSOLUTE
    __cpp_initialize__aeabi_                  - Undefined Weak Reference
    __cxa_finalize                            - Undefined Weak Reference
    _clock_init                               - Undefined Weak Reference
    _microlib_exit                            - Undefined Weak Reference
    __Vectors_Size                           0x00000120   Number         0  startup_stm32f100xb.o ABSOLUTE
    __Vectors                                0x08000000   Data           4  startup_stm32f100xb.o(RESET)
    __Vectors_End                            0x08000120   Data           0  startup_stm32f100xb.o(RESET)
    __main                                   0x08000121   Thumb Code     0  entry.o(.ARM.Collect$$$$00000000)
    _main_stk                                0x08000121   Thumb Code     0  entry2.o(.ARM.Collect$$$$00000001)
    _main_scatterload                        0x08000125   Thumb Code     0  entry5.o(.ARM.Collect$$$$00000004)
    __main_after_scatterload                 0x08000129   Thumb Code     0  entry5.o(.ARM.Collect$$$$00000004)
    _main_clock                              0x08000129   Thumb Code     0  entry7b.o(.ARM.Collect$$$$00000008)
    _main_cpp_init                           0x08000129   Thumb Code     0  entry8b.o(.ARM.Collect$$$$0000000A)
    _main_init                               0x08000129   Thumb Code     0  entry9a.o(.ARM.Collect$$$$0000000B)
    __rt_final_cpp                           0x08000131   Thumb Code     0  entry10a.o(.ARM.Collect$$$$0000000D)
    __rt_final_exit                          0x08000131   Thumb Code     0  entry11a.o(.ARM.Collect$$$$0000000F)
    SVC_Handler                              0x08000135   Thumb Code    32  port.o(.emb_text)
    __asm___6_port_c_39a90d8d__prvStartFirstTask 0x08000159   Thumb Code    28  port.o(.emb_text)
    PendSV_Handler                           0x08000179   Thumb Code    64  port.o(.emb_text)
    ulPortSetInterruptMask                   0x080001bd   Thumb Code    14  port.o(.emb_text)
    vPortClearInterruptMask                  0x080001cb   Thumb Code     6  port.o(.emb_text)
    vPortGetIPSR                             0x080001d1   Thumb Code     6  port.o(.emb_text)
    Reset_Handler                            0x080001d9   Thumb Code     8  startup_stm32f100xb.o(.text)
    ADC1_IRQHandler                          0x080001f3   Thumb Code     0  startup_stm32f100xb.o(.text)
    CEC_IRQHandler                           0x080001f3   Thumb Code     0  startup_stm32f100xb.o(.text)
    DMA1_Channel2_IRQHandler                 0x080001f3   Thumb Code     0  startup_stm32f100xb.o(.text)
    DMA1_Channel3_IRQHandler                 0x080001f3   Thumb Code     0  startup_stm32f100xb.o(.text)
    DMA1_Channel6_IRQHandler                 0x080001f3   Thumb Code     0  startup_stm32f100xb.o(.text)
    DMA1_Channel7_IRQHandler                 0x080001f3   Thumb Code     0  startup_stm32f100xb.o(.text)
    EXTI0_IRQHandler                         0x080001f3   Thumb Code     0  startup_stm32f100xb.o(.text)
    EXTI15_10_IRQHandler                     0x080001f3   Thumb Code     0  startup_stm32f100xb.o(.text)
    EXTI1_IRQHandler                         0x080001f3   Thumb Code     0  startup_stm32f100xb.o(.text)
    EXTI2_IRQHandler                         0x080001f3   Thumb Code     0  startup_stm32f100xb.o(.text)
    EXTI3_IRQHandler                         0x080001f3   Thumb Code     0  startup_stm32f100xb.o(.text)
    EXTI4_IRQHandler                         0x080001f3   Thumb Code     0  startup_stm32f100xb.o(.text)
    EXTI9_5_IRQHandler                       0x080001f3   Thumb Code     0  startup_stm32f100xb.o(.text)
    FLASH_IRQHandler                         0x080001f3   Thumb Code     0  startup_stm32f100xb.o(.text)
    I2C1_ER_IRQHandler                       0x080001f3   Thumb Code     0  startup_stm32f100xb.o(.text)
    I2C1_EV_IRQHandler                       0x080001f3   Thumb Code     0  startup_stm32f100xb.o(.text)
    I2C2_ER_IRQHandler                       0x080001f3   Thumb Code     0  startup_stm32f100xb.o(.text)
    I2C2_EV_IRQHandler                       0x080001f3   Thumb Code     0  startup_stm32f100xb.o(.text)
    PVD_IRQHandler                           0x080001f3   Thumb Code     0  startup_stm32f100xb.o(.text)
    RCC_IRQHandler                           0x080001f3   Thumb Code     0  startup_stm32f100xb.o(.text)
    RTC_Alarm_IRQHandler                     0x080001f3   Thumb Code     0  startup_stm32f100xb.o(.text)
    RTC_IRQHandler                           0x080001f3   Thumb Code     0  startup_stm32f100xb.o(.text)
    SPI1_IRQHandler                          0x080001f3   Thumb Code     0  startup_stm32f100xb.o(.text)
    SPI2_IRQHandler                          0x080001f3   Thumb Code     0  startup_stm32f100xb.o(.text)
    TAMPER_IRQHandler                        0x080001f3   Thumb Code     0  startup_stm32f100xb.o(.text)
    TIM1_BRK_TIM15_IRQHandler                0x080001f3   Thumb Code     0  startup_stm32f100xb.o(.text)
    TIM1_CC_IRQHandler                       0x080001f3   Thumb Code     0  startup_stm32f100xb.o(.text)
    TIM1_TRG_COM_TIM17_IRQHandler            0x080001f3   Thumb Code     0  startup_stm32f100xb.o(.text)
    TIM1_UP_TIM16_IRQHandler                 0x080001f3   Thumb Code     0  startup_stm32f100xb.o(.text)
    TIM3_IRQHandler                          0x080001f3   Thumb Code     0  startup_stm32f100xb.o(.text)
    TIM6_DAC_IRQHandler                      0x080001f3   Thumb Code     0  startup_stm32f100xb.o(.text)
    TIM7_IRQHandler                          0x080001f3   Thumb Code     0  startup_stm32f100xb.o(.text)
    USART2_IRQHandler                        0x080001f3   Thumb Code     0  startup_stm32f100xb.o(.text)
    USART3_IRQHandler                        0x080001f3   Thumb Code     0  startup_stm32f100xb.o(.text)
    WWDG_IRQHandler                          0x080001f3   Thumb Code     0  startup_stm32f100xb.o(.text)
    __aeabi_memcpy                           0x080001fd   Thumb Code    36  memcpya.o(.text)
    __aeabi_memcpy4                          0x080001fd   Thumb Code     0  memcpya.o(.text)
    __aeabi_memcpy8                          0x080001fd   Thumb Code     0  memcpya.o(.text)
    __aeabi_memset                           0x08000221   Thumb Code    14  memseta.o(.text)
    __aeabi_memset4                          0x08000221   Thumb Code     0  memseta.o(.text)
    __aeabi_memset8                          0x08000221   Thumb Code     0  memseta.o(.text)
    __aeabi_memclr                           0x0800022f   Thumb Code     4  memseta.o(.text)
    __aeabi_memclr4                          0x0800022f   Thumb Code     0  memseta.o(.text)
    __aeabi_memclr8                          0x0800022f   Thumb Code     0  memseta.o(.text)
    _memset$wrapper                          0x08000233   Thumb Code    18  memseta.o(.text)
    __aeabi_ui2f                             0x08000245   Thumb Code    10  ffltui.o(.text)
    __aeabi_f2uiz                            0x0800024f   Thumb Code    40  ffixui.o(.text)
    __I$use$fp                               0x08000277   Thumb Code     0  iusefp.o(.text)
    _float_round                             0x08000277   Thumb Code    18  fepilogue.o(.text)
    _float_epilogue                          0x08000289   Thumb Code    92  fepilogue.o(.text)
    __scatterload                            0x080002e5   Thumb Code    28  init.o(.text)
    __scatterload_rt2                        0x080002e5   Thumb Code     0  init.o(.text)
    __decompress                             0x08000309   Thumb Code     0  __dczerorl2.o(.text)
    __decompress1                            0x08000309   Thumb Code    86  __dczerorl2.o(.text)
    ADC_ConvComplete                         0x08000361   Thumb Code    18  adc.o(i.ADC_ConvComplete)
    ADC_ConversionStop_Disable               0x0800037d   Thumb Code    82  stm32f1xx_hal_adc.o(i.ADC_ConversionStop_Disable)
    ADC_DMAConvCplt                          0x080003cf   Thumb Code    82  stm32f1xx_hal_adc.o(i.ADC_DMAConvCplt)
    ADC_DMAError                             0x08000421   Thumb Code    30  stm32f1xx_hal_adc.o(i.ADC_DMAError)
    ADC_DMAHalfConvCplt                      0x0800043f   Thumb Code    14  stm32f1xx_hal_adc.o(i.ADC_DMAHalfConvCplt)
    ADC_Enable                               0x0800044d   Thumb Code   122  stm32f1xx_hal_adc.o(i.ADC_Enable)
    ADC_FillBuf_Start                        0x080004d1   Thumb Code    16  adc.o(i.ADC_FillBuf_Start)
    ADC_FillBuf_Stop                         0x080004e5   Thumb Code    10  adc.o(i.ADC_FillBuf_Stop)
    ADC_Init                                 0x080004f5   Thumb Code    58  adc.o(i.ADC_Init)
    BusFault_Handler                         0x08000615   Thumb Code     4  stm32f1xx_it.o(i.BusFault_Handler)
    DMA1_Channel1_IRQHandler                 0x08000619   Thumb Code   128  stm32f1xx_it.o(i.DMA1_Channel1_IRQHandler)
    DMA1_Channel4_IRQHandler                 0x080006a1   Thumb Code    10  stm32f1xx_it.o(i.DMA1_Channel4_IRQHandler)
    DMA1_Channel5_IRQHandler                 0x080006b1   Thumb Code    10  stm32f1xx_it.o(i.DMA1_Channel5_IRQHandler)
    DebugMon_Handler                         0x080006e1   Thumb Code     2  stm32f1xx_it.o(i.DebugMon_Handler)
    DigPot_Init                              0x080006e5   Thumb Code    40  dig_pot.o(i.DigPot_Init)
    ENTER_CRITICAL_SECTION                   0x08000711   Thumb Code     4  mbport.o(i.ENTER_CRITICAL_SECTION)
    EXIT_CRITICAL_SECTION                    0x08000715   Thumb Code     4  mbport.o(i.EXIT_CRITICAL_SECTION)
    Error_Handler                            0x08000719   Thumb Code     4  main.o(i.Error_Handler)
    HAL_ADC_ConfigChannel                    0x0800071d   Thumb Code   438  stm32f1xx_hal_adc.o(i.HAL_ADC_ConfigChannel)
    HAL_ADC_ConvCpltCallback                 0x080008e1   Thumb Code     2  stm32f1xx_hal_adc.o(i.HAL_ADC_ConvCpltCallback)
    HAL_ADC_ConvHalfCpltCallback             0x080008e3   Thumb Code     2  stm32f1xx_hal_adc.o(i.HAL_ADC_ConvHalfCpltCallback)
    HAL_ADC_ErrorCallback                    0x080008e5   Thumb Code     2  stm32f1xx_hal_adc.o(i.HAL_ADC_ErrorCallback)
    HAL_ADC_Init                             0x080008e9   Thumb Code   346  stm32f1xx_hal_adc.o(i.HAL_ADC_Init)
    HAL_ADC_MspInit                          0x08000a4d   Thumb Code   116  stm32f1xx_hal_msp.o(i.HAL_ADC_MspInit)
    HAL_ADC_Start                            0x08000ad5   Thumb Code   180  stm32f1xx_hal_adc.o(i.HAL_ADC_Start)
    HAL_ADC_Start_DMA                        0x08000b89   Thumb Code   234  stm32f1xx_hal_adc.o(i.HAL_ADC_Start_DMA)
    HAL_DMA_Abort                            0x08000c81   Thumb Code    98  stm32f1xx_hal_dma.o(i.HAL_DMA_Abort)
    HAL_DMA_IRQHandler                       0x08000ce5   Thumb Code   780  stm32f1xx_hal_dma.o(i.HAL_DMA_IRQHandler)
    HAL_DMA_Init                             0x08000ff5   Thumb Code    84  stm32f1xx_hal_dma.o(i.HAL_DMA_Init)
    HAL_DMA_Start_IT                         0x08001049   Thumb Code   118  stm32f1xx_hal_dma.o(i.HAL_DMA_Start_IT)
    HAL_Delay                                0x080010bf   Thumb Code    26  stm32f1xx_hal.o(i.HAL_Delay)
    HAL_GPIO_Init                            0x080010d9   Thumb Code   764  stm32f1xx_hal_gpio.o(i.HAL_GPIO_Init)
    HAL_GPIO_WritePin                        0x080013f5   Thumb Code    12  stm32f1xx_hal_gpio.o(i.HAL_GPIO_WritePin)
    HAL_GetTick                              0x08001401   Thumb Code     6  stm32f1xx_hal.o(i.HAL_GetTick)
    HAL_I2C_Init                             0x0800140d   Thumb Code   172  stm32f1xx_hal_i2c.o(i.HAL_I2C_Init)
    HAL_I2C_MspInit                          0x080014c1   Thumb Code    68  stm32f1xx_hal_msp.o(i.HAL_I2C_MspInit)
    HAL_IncTick                              0x08001511   Thumb Code    12  stm32f1xx_hal.o(i.HAL_IncTick)
    HAL_Init                                 0x08001521   Thumb Code    22  stm32f1xx_hal.o(i.HAL_Init)
    HAL_InitTick                             0x08001537   Thumb Code    36  stm32f1xx_hal.o(i.HAL_InitTick)
    HAL_MspInit                              0x0800155d   Thumb Code   130  stm32f1xx_hal_msp.o(i.HAL_MspInit)
    HAL_NVIC_EnableIRQ                       0x080015e9   Thumb Code    26  stm32f1xx_hal_cortex.o(i.HAL_NVIC_EnableIRQ)
    HAL_NVIC_SetPriority                     0x08001603   Thumb Code   124  stm32f1xx_hal_cortex.o(i.HAL_NVIC_SetPriority)
    HAL_NVIC_SetPriorityGrouping             0x08001681   Thumb Code    32  stm32f1xx_hal_cortex.o(i.HAL_NVIC_SetPriorityGrouping)
    HAL_RCCEx_PeriphCLKConfig                0x080016a9   Thumb Code   338  stm32f1xx_hal_rcc_ex.o(i.HAL_RCCEx_PeriphCLKConfig)
    HAL_RCC_ClockConfig                      0x08001809   Thumb Code   564  stm32f1xx_hal_rcc.o(i.HAL_RCC_ClockConfig)
    HAL_RCC_GetHCLKFreq                      0x08001a49   Thumb Code     6  stm32f1xx_hal_rcc.o(i.HAL_RCC_GetHCLKFreq)
    HAL_RCC_GetPCLK1Freq                     0x08001a55   Thumb Code    36  stm32f1xx_hal_rcc.o(i.HAL_RCC_GetPCLK1Freq)
    HAL_RCC_GetPCLK2Freq                     0x08001a81   Thumb Code    36  stm32f1xx_hal_rcc.o(i.HAL_RCC_GetPCLK2Freq)
    HAL_RCC_GetSysClockFreq                  0x08001aad   Thumb Code   162  stm32f1xx_hal_rcc.o(i.HAL_RCC_GetSysClockFreq)
    HAL_RCC_OscConfig                        0x08001b7d   Thumb Code  2164  stm32f1xx_hal_rcc.o(i.HAL_RCC_OscConfig)
    HAL_SYSTICK_CLKSourceConfig              0x080023f5   Thumb Code    40  stm32f1xx_hal_cortex.o(i.HAL_SYSTICK_CLKSourceConfig)
    HAL_SYSTICK_Config                       0x0800241d   Thumb Code    52  stm32f1xx_hal_cortex.o(i.HAL_SYSTICK_Config)
    HAL_TIMEx_BreakCallback                  0x08002451   Thumb Code     2  stm32f1xx_hal_tim_ex.o(i.HAL_TIMEx_BreakCallback)
    HAL_TIMEx_CommutationCallback            0x08002453   Thumb Code     2  stm32f1xx_hal_tim_ex.o(i.HAL_TIMEx_CommutationCallback)
    HAL_TIMEx_MasterConfigSynchronization    0x08002455   Thumb Code    98  stm32f1xx_hal_tim_ex.o(i.HAL_TIMEx_MasterConfigSynchronization)
    HAL_TIM_Base_Init                        0x080024b7   Thumb Code    52  stm32f1xx_hal_tim.o(i.HAL_TIM_Base_Init)
    HAL_TIM_Base_MspInit                     0x080024ed   Thumb Code   112  stm32f1xx_hal_msp.o(i.HAL_TIM_Base_MspInit)
    HAL_TIM_Base_Start_IT                    0x08002565   Thumb Code    30  stm32f1xx_hal_tim.o(i.HAL_TIM_Base_Start_IT)
    HAL_TIM_Base_Stop                        0x08002583   Thumb Code    56  stm32f1xx_hal_tim.o(i.HAL_TIM_Base_Stop)
    HAL_TIM_Base_Stop_IT                     0x080025bb   Thumb Code    56  stm32f1xx_hal_tim.o(i.HAL_TIM_Base_Stop_IT)
    HAL_TIM_ConfigClockSource                0x080025f3   Thumb Code   306  stm32f1xx_hal_tim.o(i.HAL_TIM_ConfigClockSource)
    HAL_TIM_IC_CaptureCallback               0x08002725   Thumb Code     2  stm32f1xx_hal_tim.o(i.HAL_TIM_IC_CaptureCallback)
    HAL_TIM_IRQHandler                       0x08002727   Thumb Code   406  stm32f1xx_hal_tim.o(i.HAL_TIM_IRQHandler)
    HAL_TIM_OC_DelayElapsedCallback          0x080028bd   Thumb Code     2  stm32f1xx_hal_tim.o(i.HAL_TIM_OC_DelayElapsedCallback)
    HAL_TIM_OnePulse_Init                    0x080028bf   Thumb Code    76  stm32f1xx_hal_tim.o(i.HAL_TIM_OnePulse_Init)
    HAL_TIM_OnePulse_MspInit                 0x0800290b   Thumb Code     2  stm32f1xx_hal_tim.o(i.HAL_TIM_OnePulse_MspInit)
    HAL_TIM_PWM_PulseFinishedCallback        0x0800290d   Thumb Code     2  stm32f1xx_hal_tim.o(i.HAL_TIM_PWM_PulseFinishedCallback)
    HAL_TIM_PeriodElapsedCallback            0x08002911   Thumb Code    34  stm32f1xx_it.o(i.HAL_TIM_PeriodElapsedCallback)
    HAL_TIM_TriggerCallback                  0x08002939   Thumb Code     2  stm32f1xx_hal_tim.o(i.HAL_TIM_TriggerCallback)
    HAL_UART_DMAStop                         0x0800293b   Thumb Code    46  stm32f1xx_hal_uart.o(i.HAL_UART_DMAStop)
    HAL_UART_ErrorCallback                   0x08002969   Thumb Code    12  usart_app.o(i.HAL_UART_ErrorCallback)
    HAL_UART_IRQHandler                      0x08002975   Thumb Code   218  stm32f1xx_hal_uart.o(i.HAL_UART_IRQHandler)
    HAL_UART_Init                            0x08002a4f   Thumb Code   110  stm32f1xx_hal_uart.o(i.HAL_UART_Init)
    HAL_UART_MspInit                         0x08002abd   Thumb Code   212  stm32f1xx_hal_msp.o(i.HAL_UART_MspInit)
    HAL_UART_Receive_DMA                     0x08002ba9   Thumb Code   146  stm32f1xx_hal_uart.o(i.HAL_UART_Receive_DMA)
    HAL_UART_RxCpltCallback                  0x08002c49   Thumb Code    14  usart_app.o(i.HAL_UART_RxCpltCallback)
    HAL_UART_RxHalfCpltCallback              0x08002c5d   Thumb Code     2  stm32f1xx_hal_uart.o(i.HAL_UART_RxHalfCpltCallback)
    HAL_UART_Transmit_DMA                    0x08002c61   Thumb Code   156  stm32f1xx_hal_uart.o(i.HAL_UART_Transmit_DMA)
    HAL_UART_TxCpltCallback                  0x08002d09   Thumb Code    22  usart_app.o(i.HAL_UART_TxCpltCallback)
    HAL_UART_TxHalfCpltCallback              0x08002d25   Thumb Code     2  stm32f1xx_hal_uart.o(i.HAL_UART_TxHalfCpltCallback)
    HardFault_Handler                        0x08002d27   Thumb Code     4  stm32f1xx_it.o(i.HardFault_Handler)
    MemManage_Handler                        0x08003105   Thumb Code     4  stm32f1xx_it.o(i.MemManage_Handler)
    Modbus_Init                              0x08003109   Thumb Code    46  mbinit.o(i.Modbus_Init)
    NMI_Handler                              0x08003155   Thumb Code     2  stm32f1xx_it.o(i.NMI_Handler)
    PyroSquib_SetKeysState                   0x08003191   Thumb Code   240  pyro_squib.o(i.PyroSquib_SetKeysState)
    PyroSquib_Start                          0x0800328d   Thumb Code    36  pyro_squib.o(i.PyroSquib_Start)
    PyroSquib_TimerExpired                   0x080032b9   Thumb Code    22  pyro_squib.o(i.PyroSquib_TimerExpired)
    SysTick_Handler                          0x080032d5   Thumb Code    12  stm32f1xx_it.o(i.SysTick_Handler)
    SystemClock_Config                       0x080032e1   Thumb Code   128  main.o(i.SystemClock_Config)
    SystemInit                               0x08003361   Thumb Code    74  system_stm32f1xx.o(i.SystemInit)
    TIM2_IRQHandler                          0x080033bd   Thumb Code    10  stm32f1xx_it.o(i.TIM2_IRQHandler)
    TIM4_IRQHandler                          0x080033cd   Thumb Code    10  stm32f1xx_it.o(i.TIM4_IRQHandler)
    TIM_Base_SetConfig                       0x080033dd   Thumb Code   130  stm32f1xx_hal_tim.o(i.TIM_Base_SetConfig)
    USART1_IRQHandler                        0x080038d1   Thumb Code    66  stm32f1xx_it.o(i.USART1_IRQHandler)
    UsageFault_Handler                       0x08003919   Thumb Code     4  stm32f1xx_it.o(i.UsageFault_Handler)
    __scatterload_copy                       0x0800391d   Thumb Code    14  handlers.o(i.__scatterload_copy)
    __scatterload_null                       0x0800392b   Thumb Code     2  handlers.o(i.__scatterload_null)
    __scatterload_zeroinit                   0x0800392d   Thumb Code    14  handlers.o(i.__scatterload_zeroinit)
    eMBEnable                                0x0800393d   Thumb Code    32  mb.o(i.eMBEnable)
    eMBFuncReadCoils                         0x08003965   Thumb Code   174  mbfunccoils.o(i.eMBFuncReadCoils)
    eMBFuncReadDiscreteInputs                0x08003a13   Thumb Code   172  mbfuncdisc.o(i.eMBFuncReadDiscreteInputs)
    eMBFuncReadHoldingRegister               0x08003abf   Thumb Code   140  mbfuncholding.o(i.eMBFuncReadHoldingRegister)
    eMBFuncReadInputRegister                 0x08003b4b   Thumb Code   140  mbfuncinput.o(i.eMBFuncReadInputRegister)
    eMBFuncReadWriteMultipleHoldingRegister  0x08003bd7   Thumb Code   212  mbfuncholding.o(i.eMBFuncReadWriteMultipleHoldingRegister)
    eMBFuncReportSlaveID                     0x08003cad   Thumb Code    30  mbfuncother.o(i.eMBFuncReportSlaveID)
    eMBFuncWriteCoil                         0x08003cd5   Thumb Code   112  mbfunccoils.o(i.eMBFuncWriteCoil)
    eMBFuncWriteHoldingRegister              0x08003d45   Thumb Code    66  mbfuncholding.o(i.eMBFuncWriteHoldingRegister)
    eMBFuncWriteMultipleCoils                0x08003d87   Thumb Code   144  mbfunccoils.o(i.eMBFuncWriteMultipleCoils)
    eMBFuncWriteMultipleHoldingRegister      0x08003e17   Thumb Code   110  mbfuncholding.o(i.eMBFuncWriteMultipleHoldingRegister)
    eMBInit                                  0x08003e85   Thumb Code   150  mb.o(i.eMBInit)
    eMBPoll                                  0x08003f65   Thumb Code   268  mb.o(i.eMBPoll)
    eMBRTUInit                               0x0800409d   Thumb Code    78  mbrtu_dma.o(i.eMBRTUInit)
    eMBRTUReceive                            0x080040f1   Thumb Code    78  mbrtu_dma.o(i.eMBRTUReceive)
    eMBRTUSend                               0x08004149   Thumb Code   124  mbrtu_dma.o(i.eMBRTUSend)
    eMBRTUStart                              0x080041d9   Thumb Code    30  mbrtu_dma.o(i.eMBRTUStart)
    eMBRTUStop                               0x080041fd   Thumb Code    24  mbrtu_dma.o(i.eMBRTUStop)
    eMBRegCoilsCB                            0x08004215   Thumb Code     8  mbport.o(i.eMBRegCoilsCB)
    eMBRegDiscreteCB                         0x0800421d   Thumb Code     6  mbport.o(i.eMBRegDiscreteCB)
    eMBRegHoldingCB                          0x08004225   Thumb Code   246  mbport.o(i.eMBRegHoldingCB)
    eMBRegInputCB                            0x0800432d   Thumb Code   122  mbport.o(i.eMBRegInputCB)
    getUART_BB_RcvDMAPktLength               0x080043c1   Thumb Code    18  usart_app.o(i.getUART_BB_RcvDMAPktLength)
    main                                     0x080043d9   Thumb Code    56  main.o(i.main)
    osKernelStart                            0x08004411   Thumb Code    10  cmsis_os.o(i.osKernelStart)
    osSystickHandler                         0x0800441b   Thumb Code    16  cmsis_os.o(i.osSystickHandler)
    prveMBError2Exception                    0x080046bb   Thumb Code    34  mbutils.o(i.prveMBError2Exception)
    prvvUARTTxReadyISR                       0x08004705   Thumb Code    32  portserial.o(i.prvvUARTTxReadyISR)
    pvPortMalloc                             0x0800472d   Thumb Code    98  heap_1.o(i.pvPortMalloc)
    pvTaskIncrementMutexHeldCount            0x0800479d   Thumb Code    26  tasks.o(i.pvTaskIncrementMutexHeldCount)
    pxPortInitialiseStack                    0x080047bd   Thumb Code    26  port.o(i.pxPortInitialiseStack)
    startUARTRcv                             0x080047dd   Thumb Code    46  usart_app.o(i.startUARTRcv)
    stopUART                                 0x08004819   Thumb Code    40  usart_app.o(i.stopUART)
    usMBCRC16                                0x08004849   Thumb Code    48  mbcrc.o(i.usMBCRC16)
    uxListRemove                             0x08004881   Thumb Code    40  list.o(i.uxListRemove)
    vListInitialise                          0x080048a9   Thumb Code    26  list.o(i.vListInitialise)
    vListInitialiseItem                      0x080048c3   Thumb Code     6  list.o(i.vListInitialiseItem)
    vListInsert                              0x080048c9   Thumb Code    52  list.o(i.vListInsert)
    vListInsertEnd                           0x080048fd   Thumb Code    24  list.o(i.vListInsertEnd)
    vMBPortSerialEnable                      0x08004915   Thumb Code    32  portserial.o(i.vMBPortSerialEnable)
    vMBPortTimersDisable                     0x0800493d   Thumb Code    26  porttimer.o(i.vMBPortTimersDisable)
    vMBPortTimersEnable                      0x0800495d   Thumb Code    18  porttimer.o(i.vMBPortTimersEnable)
    vPortEnterCritical                       0x08004975   Thumb Code    58  port.o(i.vPortEnterCritical)
    vPortExitCritical                        0x080049b9   Thumb Code    40  port.o(i.vPortExitCritical)
    vPortFree                                0x080049e5   Thumb Code    24  heap_1.o(i.vPortFree)
    vPortSetupTimerInterrupt                 0x080049fd   Thumb Code    26  port.o(i.vPortSetupTimerInterrupt)
    vPortValidateInterruptPriority           0x08004a1d   Thumb Code    78  port.o(i.vPortValidateInterruptPriority)
    vPortYield                               0x08004a79   Thumb Code    18  port.o(i.vPortYield)
    vTaskDelay                               0x08004a91   Thumb Code    94  tasks.o(i.vTaskDelay)
    vTaskMissedYield                         0x08004b01   Thumb Code     8  tasks.o(i.vTaskMissedYield)
    vTaskPlaceOnEventList                    0x08004b0d   Thumb Code    94  tasks.o(i.vTaskPlaceOnEventList)
    vTaskPriorityInherit                     0x08004b7d   Thumb Code   164  tasks.o(i.vTaskPriorityInherit)
    vTaskSetTimeOutState                     0x08004c2d   Thumb Code    28  tasks.o(i.vTaskSetTimeOutState)
    vTaskStartScheduler                      0x08004c51   Thumb Code    70  tasks.o(i.vTaskStartScheduler)
    vTaskSuspendAll                          0x08004cb1   Thumb Code    12  tasks.o(i.vTaskSuspendAll)
    vTaskSwitchContext                       0x08004cc1   Thumb Code   106  tasks.o(i.vTaskSwitchContext)
    xMBPortEventGet                          0x08004d41   Thumb Code    26  portevent.o(i.xMBPortEventGet)
    xMBPortEventInit                         0x08004d65   Thumb Code    10  portevent.o(i.xMBPortEventInit)
    xMBPortEventPost                         0x08004d75   Thumb Code    16  portevent.o(i.xMBPortEventPost)
    xMBPortSerialInit                        0x08004d8d   Thumb Code    50  portserial.o(i.xMBPortSerialInit)
    xMBPortSerialPutPktDMA                   0x08004dc9   Thumb Code    20  portserial.o(i.xMBPortSerialPutPktDMA)
    xMBPortTimersInit                        0x08004de1   Thumb Code    82  porttimer.o(i.xMBPortTimersInit)
    xMBPort_TimerExpired                     0x08004e3d   Thumb Code     8  porttimer.o(i.xMBPort_TimerExpired)
    xMBRTUReceiveFSM                         0x08004e45   Thumb Code    16  mbrtu_dma.o(i.xMBRTUReceiveFSM)
    xMBRTUTimerT35Expired                    0x08004e59   Thumb Code    84  mbrtu_dma.o(i.xMBRTUTimerT35Expired)
    xMBRTUTransmitFSM                        0x08004eb5   Thumb Code    82  mbrtu_dma.o(i.xMBRTUTransmitFSM)
    xPortStartScheduler                      0x08004f15   Thumb Code   140  port.o(i.xPortStartScheduler)
    xPortSysTickHandler                      0x08004fb5   Thumb Code    28  port.o(i.xPortSysTickHandler)
    xQueueGenericCreate                      0x08004fd5   Thumb Code   106  queue.o(i.xQueueGenericCreate)
    xQueueGenericReceive                     0x0800503f   Thumb Code   346  queue.o(i.xQueueGenericReceive)
    xQueueGenericReset                       0x08005199   Thumb Code   120  queue.o(i.xQueueGenericReset)
    xQueueGiveFromISR                        0x08005211   Thumb Code   148  queue.o(i.xQueueGiveFromISR)
    xTaskCheckForTimeOut                     0x080052a5   Thumb Code   108  tasks.o(i.xTaskCheckForTimeOut)
    xTaskGenericCreate                       0x08005319   Thumb Code   288  tasks.o(i.xTaskGenericCreate)
    xTaskGetSchedulerState                   0x08005451   Thumb Code    24  tasks.o(i.xTaskGetSchedulerState)
    xTaskIncrementTick                       0x08005471   Thumb Code   272  tasks.o(i.xTaskIncrementTick)
    xTaskRemoveFromEventList                 0x080055ad   Thumb Code   114  tasks.o(i.xTaskRemoveFromEventList)
    xTaskResumeAll                           0x08005639   Thumb Code   200  tasks.o(i.xTaskResumeAll)
    AHBPrescTable                            0x08005920   Data          16  system_stm32f1xx.o(.constdata)
    APBPrescTable                            0x08005930   Data           8  system_stm32f1xx.o(.constdata)
    Region$$Table$$Base                      0x08005938   Number         0  anon$$obj.o(Region$$Table)
    Region$$Table$$Limit                     0x08005958   Number         0  anon$$obj.o(Region$$Table)
    xADCSemaphore                            0x20000000   Data           4  adc.o(.data)
    PyroSquibParam                           0x20000008   Data          12  pyro_squib.o(.data)
    pxMBFrameCBByteReceived                  0x20000038   Data           4  mb.o(.data)
    pxMBFrameCBTransmitterEmpty              0x2000003c   Data           4  mb.o(.data)
    pxMBPortCBTimerExpired                   0x20000040   Data           4  mb.o(.data)
    pxMBFrameCBReceiveFSMCur                 0x20000044   Data           4  mb.o(.data)
    pxMBFrameCBTransmitFSMCur                0x20000048   Data           4  mb.o(.data)
    SystemCoreClock                          0x200000e8   Data           4  system_stm32f1xx.o(.data)
    pxCurrentTCB                             0x200000f4   Data           4  tasks.o(.data)
    hadc1                                    0x20000134   Data          48  main.o(.bss)
    hdma_adc1                                0x20000164   Data          56  main.o(.bss)
    hi2c2                                    0x2000019c   Data          60  main.o(.bss)
    htim2                                    0x200001d8   Data          60  main.o(.bss)
    htim4                                    0x20000214   Data          60  main.o(.bss)
    huart1                                   0x20000250   Data          64  main.o(.bss)
    hdma_usart1_rx                           0x20000290   Data          56  main.o(.bss)
    hdma_usart1_tx                           0x200002c8   Data          56  main.o(.bss)
    ADC_PyroBuf                              0x20000300   Data        1604  adc.o(.bss)
    ADC_voltage                              0x20000944   Data          32  adc.o(.bss)
    ADC_value                                0x20000964   Data          16  adc.o(.bss)
    usRegInputBuf                            0x20000994   Data          40  mbport.o(.bss)
    usRegHoldingBuf                          0x200009bc   Data          32  mbport.o(.bss)
    ucRTUBuf                                 0x200009dc   Data         256  mbrtu_dma.o(.bss)
    __initial_sp                             0x20001bb8   Data           0  startup_stm32f100xb.o(STACK)



==============================================================================

Memory Map of the image

  Image Entry point : 0x08000121

  Load Region LR_IROM1 (Base: 0x08000000, Size: 0x00005a8c, Max: 0x00020000, ABSOLUTE, COMPRESSED[0x000059a8])

    Execution Region ER_IROM1 (Base: 0x08000000, Size: 0x00005958, Max: 0x00020000, ABSOLUTE)

    Base Addr    Size         Type   Attr      Idx    E Section Name        Object

    0x08000000   0x00000120   Data   RO         1318    RESET               startup_stm32f100xb.o
    0x08000120   0x00000000   Code   RO         4999  * .ARM.Collect$$$$00000000  mc_w.l(entry.o)
    0x08000120   0x00000004   Code   RO         5028    .ARM.Collect$$$$00000001  mc_w.l(entry2.o)
    0x08000124   0x00000004   Code   RO         5031    .ARM.Collect$$$$00000004  mc_w.l(entry5.o)
    0x08000128   0x00000000   Code   RO         5033    .ARM.Collect$$$$00000008  mc_w.l(entry7b.o)
    0x08000128   0x00000000   Code   RO         5035    .ARM.Collect$$$$0000000A  mc_w.l(entry8b.o)
    0x08000128   0x00000008   Code   RO         5036    .ARM.Collect$$$$0000000B  mc_w.l(entry9a.o)
    0x08000130   0x00000000   Code   RO         5038    .ARM.Collect$$$$0000000D  mc_w.l(entry10a.o)
    0x08000130   0x00000000   Code   RO         5040    .ARM.Collect$$$$0000000F  mc_w.l(entry11a.o)
    0x08000130   0x00000004   Code   RO         5029    .ARM.Collect$$$$00002712  mc_w.l(entry2.o)
    0x08000134   0x000000a2   Code   RO         4738    .emb_text           port.o
    0x080001d6   0x00000002   PAD
    0x080001d8   0x00000024   Code   RO         1319    .text               startup_stm32f100xb.o
    0x080001fc   0x00000024   Code   RO         5004    .text               mc_w.l(memcpya.o)
    0x08000220   0x00000024   Code   RO         5006    .text               mc_w.l(memseta.o)
    0x08000244   0x0000000a   Code   RO         5014    .text               mf_w.l(ffltui.o)
    0x0800024e   0x00000028   Code   RO         5016    .text               mf_w.l(ffixui.o)
    0x08000276   0x00000000   Code   RO         5042    .text               mc_w.l(iusefp.o)
    0x08000276   0x0000006e   Code   RO         5043    .text               mf_w.l(fepilogue.o)
    0x080002e4   0x00000024   Code   RO         5047    .text               mc_w.l(init.o)
    0x08000308   0x00000056   Code   RO         5059    .text               mc_w.l(__dczerorl2.o)
    0x0800035e   0x00000002   PAD
    0x08000360   0x0000001c   Code   RO          495    i.ADC_ConvComplete  adc.o
    0x0800037c   0x00000052   Code   RO         3421    i.ADC_ConversionStop_Disable  stm32f1xx_hal_adc.o
    0x080003ce   0x00000052   Code   RO         3422    i.ADC_DMAConvCplt   stm32f1xx_hal_adc.o
    0x08000420   0x0000001e   Code   RO         3423    i.ADC_DMAError      stm32f1xx_hal_adc.o
    0x0800043e   0x0000000e   Code   RO         3424    i.ADC_DMAHalfConvCplt  stm32f1xx_hal_adc.o
    0x0800044c   0x00000084   Code   RO         3425    i.ADC_Enable        stm32f1xx_hal_adc.o
    0x080004d0   0x00000014   Code   RO          496    i.ADC_FillBuf_Start  adc.o
    0x080004e4   0x00000010   Code   RO          497    i.ADC_FillBuf_Stop  adc.o
    0x080004f4   0x00000054   Code   RO          498    i.ADC_Init          adc.o
    0x08000548   0x000000bc   Code   RO          499    i.ADC_Task          adc.o
    0x08000604   0x00000010   Code   RO          500    i.ADC_toVoltage     adc.o
    0x08000614   0x00000004   Code   RO          235    i.BusFault_Handler  stm32f1xx_it.o
    0x08000618   0x00000088   Code   RO          236    i.DMA1_Channel1_IRQHandler  stm32f1xx_it.o
    0x080006a0   0x00000010   Code   RO          237    i.DMA1_Channel4_IRQHandler  stm32f1xx_it.o
    0x080006b0   0x00000010   Code   RO          238    i.DMA1_Channel5_IRQHandler  stm32f1xx_it.o
    0x080006c0   0x00000020   Code   RO         3030    i.DMA_SetConfig     stm32f1xx_hal_dma.o
    0x080006e0   0x00000002   Code   RO          239    i.DebugMon_Handler  stm32f1xx_it.o
    0x080006e2   0x00000002   PAD
    0x080006e4   0x0000002c   Code   RO          553    i.DigPot_Init       dig_pot.o
    0x08000710   0x00000004   Code   RO          963    i.ENTER_CRITICAL_SECTION  mbport.o
    0x08000714   0x00000004   Code   RO          964    i.EXIT_CRITICAL_SECTION  mbport.o
    0x08000718   0x00000004   Code   RO            4    i.Error_Handler     main.o
    0x0800071c   0x000001c4   Code   RO         3427    i.HAL_ADC_ConfigChannel  stm32f1xx_hal_adc.o
    0x080008e0   0x00000002   Code   RO         3428    i.HAL_ADC_ConvCpltCallback  stm32f1xx_hal_adc.o
    0x080008e2   0x00000002   Code   RO         3429    i.HAL_ADC_ConvHalfCpltCallback  stm32f1xx_hal_adc.o
    0x080008e4   0x00000002   Code   RO         3431    i.HAL_ADC_ErrorCallback  stm32f1xx_hal_adc.o
    0x080008e6   0x00000002   PAD
    0x080008e8   0x00000164   Code   RO         3436    i.HAL_ADC_Init      stm32f1xx_hal_adc.o
    0x08000a4c   0x00000088   Code   RO          361    i.HAL_ADC_MspInit   stm32f1xx_hal_msp.o
    0x08000ad4   0x000000b4   Code   RO         3442    i.HAL_ADC_Start     stm32f1xx_hal_adc.o
    0x08000b88   0x000000f8   Code   RO         3443    i.HAL_ADC_Start_DMA  stm32f1xx_hal_adc.o
    0x08000c80   0x00000062   Code   RO         3031    i.HAL_DMA_Abort     stm32f1xx_hal_dma.o
    0x08000ce2   0x00000002   PAD
    0x08000ce4   0x00000310   Code   RO         3035    i.HAL_DMA_IRQHandler  stm32f1xx_hal_dma.o
    0x08000ff4   0x00000054   Code   RO         3036    i.HAL_DMA_Init      stm32f1xx_hal_dma.o
    0x08001048   0x00000076   Code   RO         3039    i.HAL_DMA_Start_IT  stm32f1xx_hal_dma.o
    0x080010be   0x0000001a   Code   RO         1616    i.HAL_Delay         stm32f1xx_hal.o
    0x080010d8   0x0000031c   Code   RO         2387    i.HAL_GPIO_Init     stm32f1xx_hal_gpio.o
    0x080013f4   0x0000000c   Code   RO         2391    i.HAL_GPIO_WritePin  stm32f1xx_hal_gpio.o
    0x08001400   0x0000000c   Code   RO         1620    i.HAL_GetTick       stm32f1xx_hal.o
    0x0800140c   0x000000b4   Code   RO         3607    i.HAL_I2C_Init      stm32f1xx_hal_i2c.o
    0x080014c0   0x00000050   Code   RO          363    i.HAL_I2C_MspInit   stm32f1xx_hal_msp.o
    0x08001510   0x00000010   Code   RO         1621    i.HAL_IncTick       stm32f1xx_hal.o
    0x08001520   0x00000016   Code   RO         1622    i.HAL_Init          stm32f1xx_hal.o
    0x08001536   0x00000024   Code   RO         1623    i.HAL_InitTick      stm32f1xx_hal.o
    0x0800155a   0x00000002   PAD
    0x0800155c   0x0000008c   Code   RO          364    i.HAL_MspInit       stm32f1xx_hal_msp.o
    0x080015e8   0x0000001a   Code   RO         1328    i.HAL_NVIC_EnableIRQ  stm32f1xx_hal_cortex.o
    0x08001602   0x0000007c   Code   RO         1334    i.HAL_NVIC_SetPriority  stm32f1xx_hal_cortex.o
    0x0800167e   0x00000002   PAD
    0x08001680   0x00000028   Code   RO         1335    i.HAL_NVIC_SetPriorityGrouping  stm32f1xx_hal_cortex.o
    0x080016a8   0x00000160   Code   RO         2996    i.HAL_RCCEx_PeriphCLKConfig  stm32f1xx_hal_rcc_ex.o
    0x08001808   0x00000240   Code   RO         2787    i.HAL_RCC_ClockConfig  stm32f1xx_hal_rcc.o
    0x08001a48   0x0000000c   Code   RO         2792    i.HAL_RCC_GetHCLKFreq  stm32f1xx_hal_rcc.o
    0x08001a54   0x0000002c   Code   RO         2794    i.HAL_RCC_GetPCLK1Freq  stm32f1xx_hal_rcc.o
    0x08001a80   0x0000002c   Code   RO         2795    i.HAL_RCC_GetPCLK2Freq  stm32f1xx_hal_rcc.o
    0x08001aac   0x000000d0   Code   RO         2796    i.HAL_RCC_GetSysClockFreq  stm32f1xx_hal_rcc.o
    0x08001b7c   0x00000878   Code   RO         2799    i.HAL_RCC_OscConfig  stm32f1xx_hal_rcc.o
    0x080023f4   0x00000028   Code   RO         1337    i.HAL_SYSTICK_CLKSourceConfig  stm32f1xx_hal_cortex.o
    0x0800241c   0x00000034   Code   RO         1339    i.HAL_SYSTICK_Config  stm32f1xx_hal_cortex.o
    0x08002450   0x00000002   Code   RO         2553    i.HAL_TIMEx_BreakCallback  stm32f1xx_hal_tim_ex.o
    0x08002452   0x00000002   Code   RO         2554    i.HAL_TIMEx_CommutationCallback  stm32f1xx_hal_tim_ex.o
    0x08002454   0x00000062   Code   RO         2570    i.HAL_TIMEx_MasterConfigSynchronization  stm32f1xx_hal_tim_ex.o
    0x080024b6   0x00000034   Code   RO         1745    i.HAL_TIM_Base_Init  stm32f1xx_hal_tim.o
    0x080024ea   0x00000002   PAD
    0x080024ec   0x00000078   Code   RO          366    i.HAL_TIM_Base_MspInit  stm32f1xx_hal_msp.o
    0x08002564   0x0000001e   Code   RO         1750    i.HAL_TIM_Base_Start_IT  stm32f1xx_hal_tim.o
    0x08002582   0x00000038   Code   RO         1751    i.HAL_TIM_Base_Stop  stm32f1xx_hal_tim.o
    0x080025ba   0x00000038   Code   RO         1753    i.HAL_TIM_Base_Stop_IT  stm32f1xx_hal_tim.o
    0x080025f2   0x00000132   Code   RO         1754    i.HAL_TIM_ConfigClockSource  stm32f1xx_hal_tim.o
    0x08002724   0x00000002   Code   RO         1774    i.HAL_TIM_IC_CaptureCallback  stm32f1xx_hal_tim.o
    0x08002726   0x00000196   Code   RO         1787    i.HAL_TIM_IRQHandler  stm32f1xx_hal_tim.o
    0x080028bc   0x00000002   Code   RO         1790    i.HAL_TIM_OC_DelayElapsedCallback  stm32f1xx_hal_tim.o
    0x080028be   0x0000004c   Code   RO         1804    i.HAL_TIM_OnePulse_Init  stm32f1xx_hal_tim.o
    0x0800290a   0x00000002   Code   RO         1806    i.HAL_TIM_OnePulse_MspInit  stm32f1xx_hal_tim.o
    0x0800290c   0x00000002   Code   RO         1817    i.HAL_TIM_PWM_PulseFinishedCallback  stm32f1xx_hal_tim.o
    0x0800290e   0x00000002   PAD
    0x08002910   0x00000028   Code   RO          240    i.HAL_TIM_PeriodElapsedCallback  stm32f1xx_it.o
    0x08002938   0x00000002   Code   RO         1828    i.HAL_TIM_TriggerCallback  stm32f1xx_hal_tim.o
    0x0800293a   0x0000002e   Code   RO         3189    i.HAL_UART_DMAStop  stm32f1xx_hal_uart.o
    0x08002968   0x0000000c   Code   RO          650    i.HAL_UART_ErrorCallback  usart_app.o
    0x08002974   0x000000da   Code   RO         3194    i.HAL_UART_IRQHandler  stm32f1xx_hal_uart.o
    0x08002a4e   0x0000006e   Code   RO         3195    i.HAL_UART_Init     stm32f1xx_hal_uart.o
    0x08002abc   0x000000ec   Code   RO          368    i.HAL_UART_MspInit  stm32f1xx_hal_msp.o
    0x08002ba8   0x000000a0   Code   RO         3199    i.HAL_UART_Receive_DMA  stm32f1xx_hal_uart.o
    0x08002c48   0x00000014   Code   RO          651    i.HAL_UART_RxCpltCallback  usart_app.o
    0x08002c5c   0x00000002   Code   RO         3202    i.HAL_UART_RxHalfCpltCallback  stm32f1xx_hal_uart.o
    0x08002c5e   0x00000002   PAD
    0x08002c60   0x000000a8   Code   RO         3204    i.HAL_UART_Transmit_DMA  stm32f1xx_hal_uart.o
    0x08002d08   0x0000001c   Code   RO          652    i.HAL_UART_TxCpltCallback  usart_app.o
    0x08002d24   0x00000002   Code   RO         3207    i.HAL_UART_TxHalfCpltCallback  stm32f1xx_hal_uart.o
    0x08002d26   0x00000004   Code   RO          241    i.HardFault_Handler  stm32f1xx_it.o
    0x08002d2a   0x00000002   PAD
    0x08002d2c   0x00000064   Code   RO         3635    i.I2C_Configure_Speed  stm32f1xx_hal_i2c.o
    0x08002d90   0x000000f0   Code   RO            5    i.MX_ADC1_Init      main.o
    0x08002e80   0x00000054   Code   RO            6    i.MX_DMA_Init       main.o
    0x08002ed4   0x000000f8   Code   RO            7    i.MX_GPIO_Init      main.o
    0x08002fcc   0x0000003c   Code   RO            8    i.MX_I2C2_Init      main.o
    0x08003008   0x00000068   Code   RO            9    i.MX_TIM2_Init      main.o
    0x08003070   0x0000005c   Code   RO           10    i.MX_TIM4_Init      main.o
    0x080030cc   0x00000038   Code   RO           11    i.MX_USART1_UART_Init  main.o
    0x08003104   0x00000004   Code   RO          242    i.MemManage_Handler  stm32f1xx_it.o
    0x08003108   0x00000040   Code   RO          449    i.Modbus_Init       mbinit.o
    0x08003148   0x0000000c   Code   RO          450    i.Modbus_Task       mbinit.o
    0x08003154   0x00000002   Code   RO          243    i.NMI_Handler       stm32f1xx_it.o
    0x08003156   0x00000002   PAD
    0x08003158   0x00000010   Code   RO         1341    i.NVIC_GetPriorityGrouping  stm32f1xx_hal_cortex.o
    0x08003168   0x00000028   Code   RO         1342    i.NVIC_SetPriority  stm32f1xx_hal_cortex.o
    0x08003190   0x000000fc   Code   RO          593    i.PyroSquib_SetKeysState  pyro_squib.o
    0x0800328c   0x0000002c   Code   RO          596    i.PyroSquib_Start   pyro_squib.o
    0x080032b8   0x0000001c   Code   RO          597    i.PyroSquib_TimerExpired  pyro_squib.o
    0x080032d4   0x0000000c   Code   RO          244    i.SysTick_Handler   stm32f1xx_it.o
    0x080032e0   0x00000080   Code   RO           13    i.SystemClock_Config  main.o
    0x08003360   0x0000005c   Code   RO         3974    i.SystemInit        system_stm32f1xx.o
    0x080033bc   0x00000010   Code   RO          245    i.TIM2_IRQHandler   stm32f1xx_it.o
    0x080033cc   0x00000010   Code   RO          246    i.TIM4_IRQHandler   stm32f1xx_it.o
    0x080033dc   0x0000009c   Code   RO         1829    i.TIM_Base_SetConfig  stm32f1xx_hal_tim.o
    0x08003478   0x00000018   Code   RO         1836    i.TIM_ETR_SetConfig  stm32f1xx_hal_tim.o
    0x08003490   0x00000014   Code   RO         1837    i.TIM_ITRx_SetConfig  stm32f1xx_hal_tim.o
    0x080034a4   0x0000002a   Code   RO         1843    i.TIM_TI1_ConfigInputStage  stm32f1xx_hal_tim.o
    0x080034ce   0x0000002c   Code   RO         1845    i.TIM_TI2_ConfigInputStage  stm32f1xx_hal_tim.o
    0x080034fa   0x00000022   Code   RO         3208    i.UART_DMAError     stm32f1xx_hal_uart.o
    0x0800351c   0x0000003e   Code   RO         3209    i.UART_DMAReceiveCplt  stm32f1xx_hal_uart.o
    0x0800355a   0x0000000e   Code   RO         3210    i.UART_DMARxHalfCplt  stm32f1xx_hal_uart.o
    0x08003568   0x00000036   Code   RO         3211    i.UART_DMATransmitCplt  stm32f1xx_hal_uart.o
    0x0800359e   0x0000000e   Code   RO         3212    i.UART_DMATxHalfCplt  stm32f1xx_hal_uart.o
    0x080035ac   0x00000030   Code   RO         3213    i.UART_EndTransmit_IT  stm32f1xx_hal_uart.o
    0x080035dc   0x000000bc   Code   RO         3214    i.UART_Receive_IT   stm32f1xx_hal_uart.o
    0x08003698   0x000001c8   Code   RO         3215    i.UART_SetConfig    stm32f1xx_hal_uart.o
    0x08003860   0x00000070   Code   RO         3216    i.UART_Transmit_IT  stm32f1xx_hal_uart.o
    0x080038d0   0x00000048   Code   RO          247    i.USART1_IRQHandler  stm32f1xx_it.o
    0x08003918   0x00000004   Code   RO          248    i.UsageFault_Handler  stm32f1xx_it.o
    0x0800391c   0x0000000e   Code   RO         5053    i.__scatterload_copy  mc_w.l(handlers.o)
    0x0800392a   0x00000002   Code   RO         5054    i.__scatterload_null  mc_w.l(handlers.o)
    0x0800392c   0x0000000e   Code   RO         5055    i.__scatterload_zeroinit  mc_w.l(handlers.o)
    0x0800393a   0x00000002   PAD
    0x0800393c   0x00000028   Code   RO         1167    i.eMBEnable         mb.o
    0x08003964   0x000000ae   Code   RO          740    i.eMBFuncReadCoils  mbfunccoils.o
    0x08003a12   0x000000ac   Code   RO          804    i.eMBFuncReadDiscreteInputs  mbfuncdisc.o
    0x08003abe   0x0000008c   Code   RO          828    i.eMBFuncReadHoldingRegister  mbfuncholding.o
    0x08003b4a   0x0000008c   Code   RO          870    i.eMBFuncReadInputRegister  mbfuncinput.o
    0x08003bd6   0x000000d4   Code   RO          829    i.eMBFuncReadWriteMultipleHoldingRegister  mbfuncholding.o
    0x08003caa   0x00000002   PAD
    0x08003cac   0x00000028   Code   RO          894    i.eMBFuncReportSlaveID  mbfuncother.o
    0x08003cd4   0x00000070   Code   RO          741    i.eMBFuncWriteCoil  mbfunccoils.o
    0x08003d44   0x00000042   Code   RO          830    i.eMBFuncWriteHoldingRegister  mbfuncholding.o
    0x08003d86   0x00000090   Code   RO          742    i.eMBFuncWriteMultipleCoils  mbfunccoils.o
    0x08003e16   0x0000006e   Code   RO          831    i.eMBFuncWriteMultipleHoldingRegister  mbfuncholding.o
    0x08003e84   0x000000e0   Code   RO         1168    i.eMBInit           mb.o
    0x08003f64   0x00000138   Code   RO         1169    i.eMBPoll           mb.o
    0x0800409c   0x00000054   Code   RO         1243    i.eMBRTUInit        mbrtu_dma.o
    0x080040f0   0x00000058   Code   RO         1244    i.eMBRTUReceive     mbrtu_dma.o
    0x08004148   0x00000090   Code   RO         1245    i.eMBRTUSend        mbrtu_dma.o
    0x080041d8   0x00000024   Code   RO         1246    i.eMBRTUStart       mbrtu_dma.o
    0x080041fc   0x00000018   Code   RO         1247    i.eMBRTUStop        mbrtu_dma.o
    0x08004214   0x00000008   Code   RO          965    i.eMBRegCoilsCB     mbport.o
    0x0800421c   0x00000006   Code   RO          966    i.eMBRegDiscreteCB  mbport.o
    0x08004222   0x00000002   PAD
    0x08004224   0x00000108   Code   RO          967    i.eMBRegHoldingCB   mbport.o
    0x0800432c   0x00000094   Code   RO          968    i.eMBRegInputCB     mbport.o
    0x080043c0   0x00000018   Code   RO          653    i.getUART_BB_RcvDMAPktLength  usart_app.o
    0x080043d8   0x00000038   Code   RO           14    i.main              main.o
    0x08004410   0x0000000a   Code   RO         4014    i.osKernelStart     cmsis_os.o
    0x0800441a   0x00000010   Code   RO         4043    i.osSystickHandler  cmsis_os.o
    0x0800442a   0x00000002   PAD
    0x0800442c   0x00000054   Code   RO         4438    i.prvAddCurrentTaskToDelayedList  tasks.o
    0x08004480   0x00000042   Code   RO         4439    i.prvAllocateTCBAndStack  tasks.o
    0x080044c2   0x00000002   Code   RO         4440    i.prvCheckTasksWaitingTermination  tasks.o
    0x080044c4   0x0000002a   Code   RO         4809    i.prvCopyDataFromQueue  queue.o
    0x080044ee   0x00000002   PAD
    0x080044f0   0x00000018   Code   RO         4441    i.prvIdleTask       tasks.o
    0x08004508   0x00000062   Code   RO         4442    i.prvInitialiseTCBVariables  tasks.o
    0x0800456a   0x00000002   PAD
    0x0800456c   0x0000005c   Code   RO         4443    i.prvInitialiseTaskLists  tasks.o
    0x080045c8   0x0000001a   Code   RO         4811    i.prvIsQueueEmpty   queue.o
    0x080045e2   0x00000002   PAD
    0x080045e4   0x00000034   Code   RO         4445    i.prvResetNextTaskUnblockTime  tasks.o
    0x08004618   0x00000024   Code   RO         4739    i.prvTaskExitError  port.o
    0x0800463c   0x0000007e   Code   RO         4813    i.prvUnlockQueue    queue.o
    0x080046ba   0x00000022   Code   RO          927    i.prveMBError2Exception  mbutils.o
    0x080046dc   0x00000028   Code   RO         1117    i.prvvTIMERExpiredISR  porttimer.o
    0x08004704   0x00000028   Code   RO         1063    i.prvvUARTTxReadyISR  portserial.o
    0x0800472c   0x00000070   Code   RO         4334    i.pvPortMalloc      heap_1.o
    0x0800479c   0x00000020   Code   RO         4448    i.pvTaskIncrementMutexHeldCount  tasks.o
    0x080047bc   0x00000020   Code   RO         4740    i.pxPortInitialiseStack  port.o
    0x080047dc   0x0000003c   Code   RO          654    i.startUARTRcv      usart_app.o
    0x08004818   0x00000030   Code   RO          655    i.stopUART          usart_app.o
    0x08004848   0x00000038   Code   RO          708    i.usMBCRC16         mbcrc.o
    0x08004880   0x00000028   Code   RO         4963    i.uxListRemove      list.o
    0x080048a8   0x0000001a   Code   RO         4964    i.vListInitialise   list.o
    0x080048c2   0x00000006   Code   RO         4965    i.vListInitialiseItem  list.o
    0x080048c8   0x00000034   Code   RO         4966    i.vListInsert       list.o
    0x080048fc   0x00000018   Code   RO         4967    i.vListInsertEnd    list.o
    0x08004914   0x00000028   Code   RO         1064    i.vMBPortSerialEnable  portserial.o
    0x0800493c   0x00000020   Code   RO         1149    i.vMBPortTimersDisable  porttimer.o
    0x0800495c   0x00000018   Code   RO         1143    i.vMBPortTimersEnable  porttimer.o
    0x08004974   0x00000044   Code   RO         4742    i.vPortEnterCritical  port.o
    0x080049b8   0x0000002c   Code   RO         4743    i.vPortExitCritical  port.o
    0x080049e4   0x00000018   Code   RO         4335    i.vPortFree         heap_1.o
    0x080049fc   0x00000020   Code   RO         4744    i.vPortSetupTimerInterrupt  port.o
    0x08004a1c   0x0000005c   Code   RO         4745    i.vPortValidateInterruptPriority  port.o
    0x08004a78   0x00000018   Code   RO         4746    i.vPortYield        port.o
    0x08004a90   0x00000070   Code   RO         4454    i.vTaskDelay        tasks.o
    0x08004b00   0x0000000c   Code   RO         4456    i.vTaskMissedYield  tasks.o
    0x08004b0c   0x00000070   Code   RO         4458    i.vTaskPlaceOnEventList  tasks.o
    0x08004b7c   0x000000b0   Code   RO         4460    i.vTaskPriorityInherit  tasks.o
    0x08004c2c   0x00000024   Code   RO         4464    i.vTaskSetTimeOutState  tasks.o
    0x08004c50   0x00000060   Code   RO         4465    i.vTaskStartScheduler  tasks.o
    0x08004cb0   0x00000010   Code   RO         4467    i.vTaskSuspendAll   tasks.o
    0x08004cc0   0x00000080   Code   RO         4468    i.vTaskSwitchContext  tasks.o
    0x08004d40   0x00000024   Code   RO         1025    i.xMBPortEventGet   portevent.o
    0x08004d64   0x00000010   Code   RO         1026    i.xMBPortEventInit  portevent.o
    0x08004d74   0x00000018   Code   RO         1027    i.xMBPortEventPost  portevent.o
    0x08004d8c   0x0000003c   Code   RO         1066    i.xMBPortSerialInit  portserial.o
    0x08004dc8   0x00000018   Code   RO         1068    i.xMBPortSerialPutPktDMA  portserial.o
    0x08004de0   0x0000005c   Code   RO         1118    i.xMBPortTimersInit  porttimer.o
    0x08004e3c   0x00000008   Code   RO         1119    i.xMBPort_TimerExpired  porttimer.o
    0x08004e44   0x00000014   Code   RO         1248    i.xMBRTUReceiveFSM  mbrtu_dma.o
    0x08004e58   0x0000005c   Code   RO         1249    i.xMBRTUTimerT35Expired  mbrtu_dma.o
    0x08004eb4   0x00000060   Code   RO         1250    i.xMBRTUTransmitFSM  mbrtu_dma.o
    0x08004f14   0x000000a0   Code   RO         4747    i.xPortStartScheduler  port.o
    0x08004fb4   0x00000020   Code   RO         4748    i.xPortSysTickHandler  port.o
    0x08004fd4   0x0000006a   Code   RO         4824    i.xQueueGenericCreate  queue.o
    0x0800503e   0x0000015a   Code   RO         4825    i.xQueueGenericReceive  queue.o
    0x08005198   0x00000078   Code   RO         4826    i.xQueueGenericReset  queue.o
    0x08005210   0x00000094   Code   RO         4829    i.xQueueGiveFromISR  queue.o
    0x080052a4   0x00000074   Code   RO         4469    i.xTaskCheckForTimeOut  tasks.o
    0x08005318   0x00000138   Code   RO         4470    i.xTaskGenericCreate  tasks.o
    0x08005450   0x00000020   Code   RO         4474    i.xTaskGetSchedulerState  tasks.o
    0x08005470   0x0000013c   Code   RO         4477    i.xTaskIncrementTick  tasks.o
    0x080055ac   0x0000008c   Code   RO         4481    i.xTaskRemoveFromEventList  tasks.o
    0x08005638   0x000000e8   Code   RO         4483    i.xTaskResumeAll    tasks.o
    0x08005720   0x00000200   Data   RO          709    .constdata          mbcrc.o
    0x08005920   0x00000018   Data   RO         3975    .constdata          system_stm32f1xx.o
    0x08005938   0x00000020   Data   RO         5051    Region$$Table       anon$$obj.o


    Execution Region RW_IRAM1 (Base: 0x20000000, Size: 0x00001bb8, Max: 0x00002000, ABSOLUTE, COMPRESSED[0x00000050])

    Base Addr    Size         Type   Attr      Idx    E Section Name        Object

    0x20000000   0x00000008   Data   RW          502    .data               adc.o
    0x20000008   0x0000000c   Data   RW          598    .data               pyro_squib.o
    0x20000014   0x00000002   Data   RW          897    .data               mbfuncother.o
    0x20000016   0x00000006   Data   RW          970    .data               mbport.o
    0x2000001c   0x00000002   Data   RW         1028    .data               portevent.o
    0x2000001e   0x00000002   PAD
    0x20000020   0x000000b5   Data   RW         1171    .data               mb.o
    0x200000d5   0x00000003   PAD
    0x200000d8   0x0000000c   Data   RW         1252    .data               mbrtu_dma.o
    0x200000e4   0x00000004   Data   RW         1628    .data               stm32f1xx_hal.o
    0x200000e8   0x00000004   Data   RW         3976    .data               system_stm32f1xx.o
    0x200000ec   0x00000008   Data   RW         4339    .data               heap_1.o
    0x200000f4   0x00000034   Data   RW         4486    .data               tasks.o
    0x20000128   0x0000000c   Data   RW         4749    .data               port.o
    0x20000134   0x000001cc   Zero   RW           15    .bss                main.o
    0x20000300   0x00000674   Zero   RW          501    .bss                adc.o
    0x20000974   0x00000020   Zero   RW          896    .bss                mbfuncother.o
    0x20000994   0x00000048   Zero   RW          969    .bss                mbport.o
    0x200009dc   0x00000100   Zero   RW         1251    .bss                mbrtu_dma.o
    0x20000adc   0x00000c00   Zero   RW         4338    .bss                heap_1.o
    0x200016dc   0x000000dc   Zero   RW         4485    .bss                tasks.o
    0x200017b8   0x00000400   Zero   RW         1316    STACK               startup_stm32f100xb.o


==============================================================================

Image component sizes


      Code (inc. data)   RO Data    RW Data    ZI Data      Debug   Object Name

       352         66          0          8       1652       3837   adc.o
        26          0          0          0          0       5699   cmsis_os.o
        44          4          0          0          0        454   dig_pot.o
       136         14          0          8       3072       2323   heap_1.o
       148          0          0          0          0       3546   list.o
      1072         64          0          0        460     354543   main.o
       576        126          0        181          0       7644   mb.o
        56          8        512          0          0       1232   mbcrc.o
       430          0          0          0          0       5266   mbfunccoils.o
       172          0          0          0          0       1592   mbfuncdisc.o
       528          0          0          0          0       5007   mbfuncholding.o
       140          0          0          0          0       1543   mbfuncinput.o
        40         10          0          2         32       1383   mbfuncother.o
        76         18          0          0          0       2834   mbinit.o
       434         44          0          6         72       5319   mbport.o
       584         68          0         12        256       6143   mbrtu_dma.o
        34          0          0          0          0        584   mbutils.o
       682         86          0         12          0       8702   port.o
        76         24          0          2          0       2160   portevent.o
       164         30          0          0          0       2973   portserial.o
       196         30          0          0          0       2672   porttimer.o
       324         26          0         12          0       2769   pyro_squib.o
       914          0          0          0          0       7430   queue.o
        36          8        288          0       1024        788   startup_stm32f100xb.o
       112         10          0          4          0       3734   stm32f1xx_hal.o
      1582         48          0          0          0       9274   stm32f1xx_hal_adc.o
       338         22          0          0          0      26957   stm32f1xx_hal_cortex.o
      1116          4          0          0          0       4383   stm32f1xx_hal_dma.o
       808         32          0          0          0       2892   stm32f1xx_hal_gpio.o
       280         12          0          0          0       2083   stm32f1xx_hal_i2c.o
       712         74          0          0          0       3778   stm32f1xx_hal_msp.o
      3052        108          0          0          0       5836   stm32f1xx_hal_rcc.o
       352         14          0          0          0       1352   stm32f1xx_hal_rcc_ex.o
      1278         26          0          0          0      11829   stm32f1xx_hal_tim.o
       102          0          0          0          0       2326   stm32f1xx_hal_tim_ex.o
      1688         32          0          0          0      11276   stm32f1xx_hal_uart.o
       344         44          0          0          0      10254   stm32f1xx_it.o
        92         18         24          4          0       1207   system_stm32f1xx.o
      2286        324          0         52        220      18572   tasks.o
       192         40          0          0          0       3678   usart_app.o

    ----------------------------------------------------------------------
     21608       1434        856        308       6788     555874   Object Totals
         0          0         32          0          0          0   (incl. Generated)
        34          0          0          5          0          0   (incl. Padding)

    ----------------------------------------------------------------------

      Code (inc. data)   RO Data    RW Data    ZI Data      Debug   Library Member Name

        86          0          0          0          0          0   __dczerorl2.o
         0          0          0          0          0          0   entry.o
         0          0          0          0          0          0   entry10a.o
         0          0          0          0          0          0   entry11a.o
         8          4          0          0          0          0   entry2.o
         4          0          0          0          0          0   entry5.o
         0          0          0          0          0          0   entry7b.o
         0          0          0          0          0          0   entry8b.o
         8          4          0          0          0          0   entry9a.o
        30          0          0          0          0          0   handlers.o
        36          8          0          0          0         68   init.o
         0          0          0          0          0          0   iusefp.o
        36          0          0          0          0         68   memcpya.o
        36          0          0          0          0        108   memseta.o
       110          0          0          0          0        168   fepilogue.o
        40          0          0          0          0         68   ffixui.o
        10          0          0          0          0         68   ffltui.o

    ----------------------------------------------------------------------
       408         16          0          0          0        548   Library Totals
         4          0          0          0          0          0   (incl. Padding)

    ----------------------------------------------------------------------

      Code (inc. data)   RO Data    RW Data    ZI Data      Debug   Library Name

       244         16          0          0          0        244   mc_w.l
       160          0          0          0          0        304   mf_w.l

    ----------------------------------------------------------------------
       408         16          0          0          0        548   Library Totals

    ----------------------------------------------------------------------

==============================================================================


      Code (inc. data)   RO Data    RW Data    ZI Data      Debug   

     22016       1450        856        308       6788     545630   Grand Totals
     22016       1450        856         80       6788     545630   ELF Image Totals (compressed)
     22016       1450        856         80          0          0   ROM Totals

==============================================================================

    Total RO  Size (Code + RO Data)                22872 (  22.34kB)
    Total RW  Size (RW Data + ZI Data)              7096 (   6.93kB)
    Total ROM Size (Code + RO Data + RW Data)      22952 (  22.41kB)

==============================================================================

